             VMA              LMA     Size Align Out     In      Symbol
               0                0      67e     2 .text
               0                0       30     2         examples/FPGA-BOSCAME/qwen3-0.6b/model/build/archive-smoke/link-probe.o:(.text)
               0                0        0     1                 $xrv64i2p1_m2p0_a2p1_f2p2_d2p2_c2p0_zicsr2p0_zifencei2p0_zmmul1p0_zaamo1p0_zalrsc1p0_zca1p0_zcd1p0
               0                0       30     1                 qwen_archive_link_probe
              30               30        0     2         examples/FPGA-BOSCAME/qwen3-0.6b/model/build/archive-smoke/libqwen_triton.a(add_1x1024.adapter.o):(.text)
              30               30       ac     2         examples/FPGA-BOSCAME/qwen3-0.6b/model/build/archive-smoke/libqwen_triton.a(add_1x1024.kernel.o):(.text)
              30               30        0     1                 .L0 
              30               30        0     1                 $xrv64i2p1_m2p0_a2p1_f2p2_d2p2_c2p0_v1p0_zicbom1p0_zicsr2p0_zifencei2p0_zmmul1p0_zaamo1p0_zalrsc1p0_zca1p0_zcd1p0_zve32f1p0_zve32x1p0_zve64d1p0_zve64f1p0_zve64x1p0_zvl128b1p0_zvl256b1p0_zvl32b1p0_zvl512b1p0_zvl64b1p0
              30               30       ac     1                 triton_add_1x1024
              46               46        0     1                 .LBB0_2
              4c               4c        0     1                 .LBB0_4
              a8               a8        0     1                 .LBB0_6
              da               da        0     1                 .LBB0_8
              dc               dc        0     1                 .L0 
              dc               dc        0     2         examples/FPGA-BOSCAME/qwen3-0.6b/model/build/archive-smoke/libqwen_triton.a(matmul_3x19x70.adapter.o):(.text)
              dc               dc      5a2     2         examples/FPGA-BOSCAME/qwen3-0.6b/model/build/archive-smoke/libqwen_triton.a(matmul_3x19x70.kernel.o):(.text)
              dc               dc        0     1                 .L0 
              dc               dc        0     1                 $xrv64i2p1_m2p0_a2p1_f2p2_d2p2_c2p0_v1p0_zicbom1p0_zicsr2p0_zifencei2p0_zmmul1p0_zaamo1p0_zalrsc1p0_zca1p0_zcd1p0_zve32f1p0_zve32x1p0_zve64d1p0_zve64f1p0_zve64x1p0_zvl128b1p0_zvl256b1p0_zvl32b1p0_zvl512b1p0_zvl64b1p0
              dc               dc      5a2     1                 triton_matmul_3x19x70
              fa               fa        0     1                 .L0 
             11c              11c        0     1                 .LBB0_1
             122              122        0     1                 .LBB0_2
             140              140        0     1                 .LBB0_5
             1ba              1ba        0     1                 .LBB0_6
             1be              1be        0     1                 .LBB0_7
             1d4              1d4        0     1                 .LBB0_10
             1da              1da        0     1                 .LBB0_12
             1ee              1ee        0     1                 .LBB0_14
             1f4              1f4        0     1                 .LBB0_16
             200              200        0     1                 .LBB0_18
             210              210        0     1                 .LBB0_20
             220              220        0     1                 .LBB0_21
             226              226        0     1                 .LBB0_22
             242              242        0     1                 .LBB0_25
             24c              24c        0     1                 .LBB0_26
             256              256        0     1                 .LBB0_27
             280              280        0     1                 .LBB0_30
             28c              28c        0     1                 .LBB0_32
             292              292        0     1                 .LBB0_34
             29e              29e        0     1                 .LBB0_36
             2ac              2ac        0     1                 .LBB0_37
             2b0              2b0        0     1                 .LBB0_38
             2cc              2cc        0     1                 .LBB0_41
             2d2              2d2        0     1                 .LBB0_42
             2d6              2d6        0     1                 .LBB0_43
             302              302        0     1                 .LBB0_46
             326              326        0     1                 $d
             32a              32a        0     1                 $xrv64i2p1_m2p0_a2p1_f2p2_d2p2_c2p0_v1p0_zicbom1p0_zicsr2p0_zifencei2p0_zmmul1p0_zaamo1p0_zalrsc1p0_zca1p0_zcd1p0_zve32f1p0_zve32x1p0_zve64d1p0_zve64f1p0_zve64x1p0_zvl128b1p0_zvl256b1p0_zvl32b1p0_zvl512b1p0_zvl64b1p0
             340              340        0     1                 $d
             344              344        0     1                 $xrv64i2p1_m2p0_a2p1_f2p2_d2p2_c2p0_v1p0_zicbom1p0_zicsr2p0_zifencei2p0_zmmul1p0_zaamo1p0_zalrsc1p0_zca1p0_zcd1p0_zve32f1p0_zve32x1p0_zve64d1p0_zve64f1p0_zve64x1p0_zvl128b1p0_zvl256b1p0_zvl32b1p0_zvl512b1p0_zvl64b1p0
             378              378        0     1                 $d
             37c              37c        0     1                 $xrv64i2p1_m2p0_a2p1_f2p2_d2p2_c2p0_v1p0_zicbom1p0_zicsr2p0_zifencei2p0_zmmul1p0_zaamo1p0_zalrsc1p0_zca1p0_zcd1p0_zve32f1p0_zve32x1p0_zve64d1p0_zve64f1p0_zve64x1p0_zvl128b1p0_zvl256b1p0_zvl32b1p0_zvl512b1p0_zvl64b1p0
             3b2              3b2        0     1                 $d
             3b6              3b6        0     1                 $xrv64i2p1_m2p0_a2p1_f2p2_d2p2_c2p0_v1p0_zicbom1p0_zicsr2p0_zifencei2p0_zmmul1p0_zaamo1p0_zalrsc1p0_zca1p0_zcd1p0_zve32f1p0_zve32x1p0_zve64d1p0_zve64f1p0_zve64x1p0_zvl128b1p0_zvl256b1p0_zvl32b1p0_zvl512b1p0_zvl64b1p0
             3e8              3e8        0     1                 $d
             3ec              3ec        0     1                 $xrv64i2p1_m2p0_a2p1_f2p2_d2p2_c2p0_v1p0_zicbom1p0_zicsr2p0_zifencei2p0_zmmul1p0_zaamo1p0_zalrsc1p0_zca1p0_zcd1p0_zve32f1p0_zve32x1p0_zve64d1p0_zve64f1p0_zve64x1p0_zvl128b1p0_zvl256b1p0_zvl32b1p0_zvl512b1p0_zvl64b1p0
             416              416        0     1                 .LBB0_47
             41c              41c        0     1                 .LBB0_48
             444              444        0     1                 .LBB0_51
             456              456        0     1                 $d
             45a              45a        0     1                 $xrv64i2p1_m2p0_a2p1_f2p2_d2p2_c2p0_v1p0_zicbom1p0_zicsr2p0_zifencei2p0_zmmul1p0_zaamo1p0_zalrsc1p0_zca1p0_zcd1p0_zve32f1p0_zve32x1p0_zve64d1p0_zve64f1p0_zve64x1p0_zvl128b1p0_zvl256b1p0_zvl32b1p0_zvl512b1p0_zvl64b1p0
             470              470        0     1                 $d
             474              474        0     1                 $xrv64i2p1_m2p0_a2p1_f2p2_d2p2_c2p0_v1p0_zicbom1p0_zicsr2p0_zifencei2p0_zmmul1p0_zaamo1p0_zalrsc1p0_zca1p0_zcd1p0_zve32f1p0_zve32x1p0_zve64d1p0_zve64f1p0_zve64x1p0_zvl128b1p0_zvl256b1p0_zvl32b1p0_zvl512b1p0_zvl64b1p0
             48c              48c        0     1                 $d
             490              490        0     1                 $xrv64i2p1_m2p0_a2p1_f2p2_d2p2_c2p0_v1p0_zicbom1p0_zicsr2p0_zifencei2p0_zmmul1p0_zaamo1p0_zalrsc1p0_zca1p0_zcd1p0_zve32f1p0_zve32x1p0_zve64d1p0_zve64f1p0_zve64x1p0_zvl128b1p0_zvl256b1p0_zvl32b1p0_zvl512b1p0_zvl64b1p0
             49e              49e        0     1                 $d
             4a2              4a2        0     1                 $xrv64i2p1_m2p0_a2p1_f2p2_d2p2_c2p0_v1p0_zicbom1p0_zicsr2p0_zifencei2p0_zmmul1p0_zaamo1p0_zalrsc1p0_zca1p0_zcd1p0_zve32f1p0_zve32x1p0_zve64d1p0_zve64f1p0_zve64x1p0_zvl128b1p0_zvl256b1p0_zvl32b1p0_zvl512b1p0_zvl64b1p0
             4ca              4ca        0     1                 $d
             4ce              4ce        0     1                 $xrv64i2p1_m2p0_a2p1_f2p2_d2p2_c2p0_v1p0_zicbom1p0_zicsr2p0_zifencei2p0_zmmul1p0_zaamo1p0_zalrsc1p0_zca1p0_zcd1p0_zve32f1p0_zve32x1p0_zve64d1p0_zve64f1p0_zve64x1p0_zvl128b1p0_zvl256b1p0_zvl32b1p0_zvl512b1p0_zvl64b1p0
             500              500        0     1                 $d
             504              504        0     1                 $xrv64i2p1_m2p0_a2p1_f2p2_d2p2_c2p0_v1p0_zicbom1p0_zicsr2p0_zifencei2p0_zmmul1p0_zaamo1p0_zalrsc1p0_zca1p0_zcd1p0_zve32f1p0_zve32x1p0_zve64d1p0_zve64f1p0_zve64x1p0_zvl128b1p0_zvl256b1p0_zvl32b1p0_zvl512b1p0_zvl64b1p0
             514              514        0     1                 .LBB0_52
             51a              51a        0     1                 .LBB0_53
             542              542        0     1                 .LBB0_56
             556              556        0     1                 .LBB0_58
             55e              55e        0     1                 .LBB0_59
             564              564        0     1                 .LBB0_60
             566              566        0     1                 .LBB0_61
             572              572        0     1                 .LBB0_63
             57e              57e        0     1                 .LBB0_65
             58e              58e        0     1                 .LBB0_66
             598              598        0     1                 .LBB0_67
             5c4              5c4        0     1                 .LBB0_70
             5ce              5ce        0     1                 .LBB0_71
             5d4              5d4        0     1                 .LBB0_72
             600              600        0     1                 .LBB0_75
             60a              60a        0     1                 .LBB0_76
             614              614        0     1                 .LBB0_77
             63e              63e        0     1                 .LBB0_80
             642              642        0     1                 .L0 
             662              662        0     1                 .LBB0_81
             66a              66a        0     1                 .LBB0_82
             674              674        0     1                 .LBB0_83
             67e              67e        0     1                 .L0 
               0                0      6d8     8 .rela.text
               0                0       60     8         examples/FPGA-BOSCAME/qwen3-0.6b/model/build/archive-smoke/link-probe.o:(.rela.text)
              60               60       60     8         examples/FPGA-BOSCAME/qwen3-0.6b/model/build/archive-smoke/libqwen_triton.a(add_1x1024.kernel.o):(.rela.text)
              c0               c0      618     8         examples/FPGA-BOSCAME/qwen3-0.6b/model/build/archive-smoke/libqwen_triton.a(matmul_3x19x70.kernel.o):(.rela.text)
               0                0       6b     1 .comment
               0                0       6b     1         <internal>:(.comment)
               0                0       74     1 .riscv.attributes
               0                0       74     1         examples/FPGA-BOSCAME/qwen3-0.6b/model/build/archive-smoke/link-probe.o:(.riscv.attributes)
               0                0        0     1                 $d
               0                0        0     1 .llvm_addrsig
               0                0        0     1         examples/FPGA-BOSCAME/qwen3-0.6b/model/build/archive-smoke/link-probe.o:(.llvm_addrsig)
               0                0        0     1         examples/FPGA-BOSCAME/qwen3-0.6b/model/build/archive-smoke/libqwen_triton.a(add_1x1024.adapter.o):(.llvm_addrsig)
               0                0        0     1         examples/FPGA-BOSCAME/qwen3-0.6b/model/build/archive-smoke/libqwen_triton.a(matmul_3x19x70.adapter.o):(.llvm_addrsig)
               0                0      146     2 .text._mlir_ciface_kernel_add_1x1024
               0                0      146     2         examples/FPGA-BOSCAME/qwen3-0.6b/model/build/archive-smoke/libqwen_triton.a(add_1x1024.adapter.o):(.text._mlir_ciface_kernel_add_1x1024)
               0                0        0     1                 $xrv64i2p1_m2p0_a2p1_f2p2_d2p2_c2p0_zicbom1p0_zicsr2p0_zifencei2p0_zmmul1p0_zaamo1p0_zalrsc1p0_zca1p0_zcd1p0
               0                0      146     1                 _mlir_ciface_kernel_add_1x1024
               0                0      180     8 .rela.text._mlir_ciface_kernel_add_1x1024
               0                0      180     8         examples/FPGA-BOSCAME/qwen3-0.6b/model/build/archive-smoke/libqwen_triton.a(add_1x1024.adapter.o):(.rela.text._mlir_ciface_kernel_add_1x1024)
               0                0       90     8 .eh_frame
               0                0       28     8         examples/FPGA-BOSCAME/qwen3-0.6b/model/build/archive-smoke/libqwen_triton.a(add_1x1024.kernel.o):(.eh_frame)
               0                0        0     1                 $d
              28               28       68     8         examples/FPGA-BOSCAME/qwen3-0.6b/model/build/archive-smoke/libqwen_triton.a(matmul_3x19x70.kernel.o):(.eh_frame)
              28               28        0     1                 $d
               0                0       c0     8 .rela.eh_frame
               0                0       48     8         examples/FPGA-BOSCAME/qwen3-0.6b/model/build/archive-smoke/libqwen_triton.a(add_1x1024.kernel.o):(.rela.eh_frame)
              48               48       78     8         examples/FPGA-BOSCAME/qwen3-0.6b/model/build/archive-smoke/libqwen_triton.a(matmul_3x19x70.kernel.o):(.rela.eh_frame)
               0                0       76     2 .text._mlir_ciface_kernel_matmul_3x19x70
               0                0       76     2         examples/FPGA-BOSCAME/qwen3-0.6b/model/build/archive-smoke/libqwen_triton.a(matmul_3x19x70.adapter.o):(.text._mlir_ciface_kernel_matmul_3x19x70)
               0                0        0     1                 $xrv64i2p1_m2p0_a2p1_f2p2_d2p2_c2p0_zicbom1p0_zicsr2p0_zifencei2p0_zmmul1p0_zaamo1p0_zalrsc1p0_zca1p0_zcd1p0
               0                0       76     1                 _mlir_ciface_kernel_matmul_3x19x70
               0                0       60     8 .rela.text._mlir_ciface_kernel_matmul_3x19x70
               0                0       60     8         examples/FPGA-BOSCAME/qwen3-0.6b/model/build/archive-smoke/libqwen_triton.a(matmul_3x19x70.adapter.o):(.rela.text._mlir_ciface_kernel_matmul_3x19x70)
               0                0        0     1 .note.GNU-stack
               0                0        0     1         <internal>:(.note.GNU-stack)
               0                0      a80     8 .symtab
               0                0      a80     8         <internal>:(.symtab)
               0                0      124     1 .shstrtab
               0                0      124     1         <internal>:(.shstrtab)
               0                0      f47     1 .strtab
               0                0      f47     1         <internal>:(.strtab)
