             VMA              LMA     Size Align Out     In      Symbol
               0                0     2da0     2 .text
               0                0      714     2         /home/chh/gitprojects/buddy-mlir-for-fpga/examples/FPGA-BOSCAME/qwen3-0.6b/model/build/model-lib/qwen_triton_adapters.o:(.text)
               0                0        0     1                 $xrv64i2p1_m2p0_a2p1_f2p2_d2p2_c2p0_zicsr2p0_zifencei2p0_zmmul1p0_zaamo1p0_zalrsc1p0_zca1p0_zcd1p0
               0                0       50     1                 _mlir_ciface_qwen_graph_embedding_16x1024
               4                4        0     1                 .Lpcrel_hi0
              1a               1a        0     1                 .Lpcrel_hi1
              50               50       48     1                 _mlir_ciface_qwen_graph_embedding_1x1024
              54               54        0     1                 .Lpcrel_hi2
              6a               6a        0     1                 .Lpcrel_hi3
              98               98       48     1                 _mlir_ciface_qwen_graph_matmul_16x1024x1024_f32
              9c               9c        0     1                 .Lpcrel_hi4
              b2               b2        0     1                 .Lpcrel_hi5
              e0               e0       48     1                 _mlir_ciface_qwen_graph_matmul_16x1024x2048_f32
              e4               e4        0     1                 .Lpcrel_hi6
              fa               fa        0     1                 .Lpcrel_hi7
             128              128       48     1                 _mlir_ciface_qwen_graph_matmul_16x1024x3072_f32
             12c              12c        0     1                 .Lpcrel_hi8
             142              142        0     1                 .Lpcrel_hi9
             170              170       4a     1                 _mlir_ciface_qwen_graph_matmul_16x2048x1024_f32
             174              174        0     1                 .Lpcrel_hi10
             18c              18c        0     1                 .Lpcrel_hi11
             1ba              1ba       4a     1                 _mlir_ciface_qwen_graph_matmul_16x3072x1024_f32
             1be              1be        0     1                 .Lpcrel_hi12
             1d6              1d6        0     1                 .Lpcrel_hi13
             204              204       46     1                 _mlir_ciface_qwen_graph_matmul_1x1024x1024_f32
             208              208        0     1                 .Lpcrel_hi14
             21e              21e        0     1                 .Lpcrel_hi15
             24a              24a       46     1                 _mlir_ciface_qwen_graph_matmul_1x1024x2048_f32
             24e              24e        0     1                 .Lpcrel_hi16
             264              264        0     1                 .Lpcrel_hi17
             290              290       46     1                 _mlir_ciface_qwen_graph_matmul_1x1024x3072_f32
             294              294        0     1                 .Lpcrel_hi18
             2aa              2aa        0     1                 .Lpcrel_hi19
             2d6              2d6       50     1                 _mlir_ciface_qwen_graph_matmul_1x151936x1024_f32
             2da              2da        0     1                 .Lpcrel_hi20
             2f6              2f6        0     1                 .Lpcrel_hi21
             326              326       46     1                 _mlir_ciface_qwen_graph_matmul_1x2048x1024_f32
             32a              32a        0     1                 .Lpcrel_hi22
             340              340        0     1                 .Lpcrel_hi23
             36c              36c       46     1                 _mlir_ciface_qwen_graph_matmul_1x3072x1024_f32
             370              370        0     1                 .Lpcrel_hi24
             386              386        0     1                 .Lpcrel_hi25
             3b2              3b2       7e     1                 _mlir_ciface_qwen_graph_rmsnorm_128x128
             3ba              3ba        0     1                 .Lpcrel_hi26
             3d0              3d0        0     1                 .Lpcrel_hi27
             3fc              3fc        0     1                 .Lpcrel_hi28
             430              430       74     1                 _mlir_ciface_qwen_graph_rmsnorm_16x1024
             438              438        0     1                 .Lpcrel_hi29
             44e              44e        0     1                 .Lpcrel_hi30
             46e              46e        0     1                 .Lpcrel_hi31
             4a4              4a4       78     1                 _mlir_ciface_qwen_graph_rmsnorm_16x128
             4ac              4ac        0     1                 .Lpcrel_hi32
             4c2              4c2        0     1                 .Lpcrel_hi33
             4e2              4e2        0     1                 .Lpcrel_hi34
             51c              51c       6a     1                 _mlir_ciface_qwen_graph_rmsnorm_1x1024
             524              524        0     1                 .Lpcrel_hi35
             53a              53a        0     1                 .Lpcrel_hi36
             550              550        0     1                 .Lpcrel_hi37
             586              586       80     1                 _mlir_ciface_qwen_graph_rmsnorm_256x128
             58e              58e        0     1                 .Lpcrel_hi38
             5a6              5a6        0     1                 .Lpcrel_hi39
             5d2              5d2        0     1                 .Lpcrel_hi40
             606              606       78     1                 _mlir_ciface_qwen_graph_rmsnorm_8x128
             60e              60e        0     1                 .Lpcrel_hi41
             624              624        0     1                 .Lpcrel_hi42
             644              644        0     1                 .Lpcrel_hi43
             67e              67e       4e     1                 _mlir_ciface_qwen_graph_silu_16x3072
             682              682        0     1                 .Lpcrel_hi44
             69a              69a        0     1                 .Lpcrel_hi45
             6cc              6cc       48     1                 _mlir_ciface_qwen_graph_silu_1x3072
             6d0              6d0        0     1                 .Lpcrel_hi46
             6e6              6e6        0     1                 .Lpcrel_hi47
             714              714        0     2         /home/chh/gitprojects/buddy-mlir-for-fpga/examples/FPGA-BOSCAME/qwen3-0.6b/model/build/model-lib/external-link-probe.o:(.text)
             714              714        0     2         /home/chh/gitprojects/buddy-mlir-for-fpga/examples/FPGA-BOSCAME/qwen3-0.6b/model/build/model-lib/libqwen_triton.a(embedding_16x1024.adapter.o):(.text)
             714              714       b0     2         /home/chh/gitprojects/buddy-mlir-for-fpga/examples/FPGA-BOSCAME/qwen3-0.6b/model/build/model-lib/libqwen_triton.a(embedding_16x1024.kernel.o):(.text)
             714              714        0     1                 .L0 
             714              714        0     1                 $xrv64i2p1_m2p0_a2p1_f2p2_d2p2_c2p0_v1p0_zicbom1p0_zicsr2p0_zifencei2p0_zmmul1p0_zaamo1p0_zalrsc1p0_zca1p0_zcd1p0_zve32f1p0_zve32x1p0_zve64d1p0_zve64f1p0_zve64x1p0_zvl128b1p0_zvl256b1p0_zvl32b1p0_zvl512b1p0_zvl64b1p0
             714              714       b0     1                 triton_embedding_16x1024
             71c              71c        0     1                 .L0 
             778              778        0     1                 .LBB0_2
             7bc              7bc        0     1                 .LBB0_4
             7c2              7c2        0     1                 .L0 
             7c4              7c4        0     1                 .L0 
             7c4              7c4        0     2         /home/chh/gitprojects/buddy-mlir-for-fpga/examples/FPGA-BOSCAME/qwen3-0.6b/model/build/model-lib/libqwen_triton.a(embedding_1x1024.adapter.o):(.text)
             7c4              7c4       b0     2         /home/chh/gitprojects/buddy-mlir-for-fpga/examples/FPGA-BOSCAME/qwen3-0.6b/model/build/model-lib/libqwen_triton.a(embedding_1x1024.kernel.o):(.text)
             7c4              7c4        0     1                 .L0 
             7c4              7c4        0     1                 $xrv64i2p1_m2p0_a2p1_f2p2_d2p2_c2p0_v1p0_zicbom1p0_zicsr2p0_zifencei2p0_zmmul1p0_zaamo1p0_zalrsc1p0_zca1p0_zcd1p0_zve32f1p0_zve32x1p0_zve64d1p0_zve64f1p0_zve64x1p0_zvl128b1p0_zvl256b1p0_zvl32b1p0_zvl512b1p0_zvl64b1p0
             7c4              7c4       b0     1                 triton_embedding_1x1024
             7cc              7cc        0     1                 .L0 
             828              828        0     1                 .LBB0_2
             86c              86c        0     1                 .LBB0_4
             872              872        0     1                 .L0 
             874              874        0     1                 .L0 
             874              874        0     2         /home/chh/gitprojects/buddy-mlir-for-fpga/examples/FPGA-BOSCAME/qwen3-0.6b/model/build/model-lib/libqwen_triton.a(matmul_16x1024x1024_f32.adapter.o):(.text)
             874              874      1d2     2         /home/chh/gitprojects/buddy-mlir-for-fpga/examples/FPGA-BOSCAME/qwen3-0.6b/model/build/model-lib/libqwen_triton.a(matmul_16x1024x1024_f32.kernel.o):(.text)
             874              874        0     1                 .L0 
             874              874        0     1                 $xrv64i2p1_m2p0_a2p1_f2p2_d2p2_c2p0_v1p0_zicbom1p0_zicsr2p0_zifencei2p0_zmmul1p0_zaamo1p0_zalrsc1p0_zca1p0_zcd1p0_zve32f1p0_zve32x1p0_zve64d1p0_zve64f1p0_zve64x1p0_zvl128b1p0_zvl256b1p0_zvl32b1p0_zvl512b1p0_zvl64b1p0
             874              874      1d2     1                 triton_matmul_16x1024x1024_f32
             88c              88c        0     1                 .L0 
             8b8              8b8        0     1                 .LBB0_1
             8be              8be        0     1                 .LBB0_2
             8e2              8e2        0     1                 .LBB0_5
             8e8              8e8        0     1                 .LBB0_6
             8ee              8ee        0     1                 .LBB0_7
             8fa              8fa        0     1                 .LBB0_9
             926              926        0     1                 .LBB0_10
             986              986        0     1                 .LBB0_13
             998              998        0     1                 .LBB0_14
             9a2              9a2        0     1                 .LBB0_15
             9e4              9e4        0     1                 .LBB0_18
             9ec              9ec        0     1                 .LBB0_19
             9f6              9f6        0     1                 .LBB0_20
             a2c              a2c        0     1                 .LBB0_23
             a30              a30        0     1                 .L0 
             a46              a46        0     1                 .L0 
             a46              a46        0     2         /home/chh/gitprojects/buddy-mlir-for-fpga/examples/FPGA-BOSCAME/qwen3-0.6b/model/build/model-lib/libqwen_triton.a(matmul_16x1024x2048_f32.adapter.o):(.text)
             a46              a46      1d4     2         /home/chh/gitprojects/buddy-mlir-for-fpga/examples/FPGA-BOSCAME/qwen3-0.6b/model/build/model-lib/libqwen_triton.a(matmul_16x1024x2048_f32.kernel.o):(.text)
             a46              a46        0     1                 .L0 
             a46              a46        0     1                 $xrv64i2p1_m2p0_a2p1_f2p2_d2p2_c2p0_v1p0_zicbom1p0_zicsr2p0_zifencei2p0_zmmul1p0_zaamo1p0_zalrsc1p0_zca1p0_zcd1p0_zve32f1p0_zve32x1p0_zve64d1p0_zve64f1p0_zve64x1p0_zvl128b1p0_zvl256b1p0_zvl32b1p0_zvl512b1p0_zvl64b1p0
             a46              a46      1d4     1                 triton_matmul_16x1024x2048_f32
             a5e              a5e        0     1                 .L0 
             a8c              a8c        0     1                 .LBB0_1
             a92              a92        0     1                 .LBB0_2
             ab6              ab6        0     1                 .LBB0_5
             abc              abc        0     1                 .LBB0_6
             ac2              ac2        0     1                 .LBB0_7
             ace              ace        0     1                 .LBB0_9
             afa              afa        0     1                 .LBB0_10
             b5a              b5a        0     1                 .LBB0_13
             b6c              b6c        0     1                 .LBB0_14
             b76              b76        0     1                 .LBB0_15
             bb8              bb8        0     1                 .LBB0_18
             bc0              bc0        0     1                 .LBB0_19
             bca              bca        0     1                 .LBB0_20
             c00              c00        0     1                 .LBB0_23
             c04              c04        0     1                 .L0 
             c1a              c1a        0     1                 .L0 
             c1a              c1a        0     2         /home/chh/gitprojects/buddy-mlir-for-fpga/examples/FPGA-BOSCAME/qwen3-0.6b/model/build/model-lib/libqwen_triton.a(matmul_16x1024x3072_f32.adapter.o):(.text)
             c1a              c1a      2c8     2         /home/chh/gitprojects/buddy-mlir-for-fpga/examples/FPGA-BOSCAME/qwen3-0.6b/model/build/model-lib/libqwen_triton.a(matmul_16x1024x3072_f32.kernel.o):(.text)
             c1a              c1a        0     1                 .L0 
             c1a              c1a        0     1                 $xrv64i2p1_m2p0_a2p1_f2p2_d2p2_c2p0_v1p0_zicbom1p0_zicsr2p0_zifencei2p0_zmmul1p0_zaamo1p0_zalrsc1p0_zca1p0_zcd1p0_zve32f1p0_zve32x1p0_zve64d1p0_zve64f1p0_zve64x1p0_zvl128b1p0_zvl256b1p0_zvl32b1p0_zvl512b1p0_zvl64b1p0
             c1a              c1a      2c8     1                 triton_matmul_16x1024x3072_f32
             c56              c56        0     1                 .L0 
             c70              c70        0     1                 .LBB0_1
             c76              c76        0     1                 .LBB0_2
             c9a              c9a        0     1                 .LBB0_5
             ce8              ce8        0     1                 .LBB0_6
             cea              cea        0     1                 .LBB0_7
             d20              d20        0     1                 .LBB0_9
             d26              d26        0     1                 .LBB0_10
             d32              d32        0     1                 .LBB0_12
             d5e              d5e        0     1                 .LBB0_13
             dbe              dbe        0     1                 .LBB0_16
             dc4              dc4        0     1                 .LBB0_17
             dca              dca        0     1                 .LBB0_18
             dfe              dfe        0     1                 .LBB0_21
             e14              e14        0     1                 .LBB0_22
             e1e              e1e        0     1                 .LBB0_23
             e5c              e5c        0     1                 .LBB0_26
             e64              e64        0     1                 .LBB0_27
             e6e              e6e        0     1                 .LBB0_28
             ea4              ea4        0     1                 .LBB0_31
             ea8              ea8        0     1                 .L0 
             ee2              ee2        0     1                 .L0 
             ee2              ee2        0     2         /home/chh/gitprojects/buddy-mlir-for-fpga/examples/FPGA-BOSCAME/qwen3-0.6b/model/build/model-lib/libqwen_triton.a(matmul_16x2048x1024_f32.adapter.o):(.text)
             ee2              ee2      1d4     2         /home/chh/gitprojects/buddy-mlir-for-fpga/examples/FPGA-BOSCAME/qwen3-0.6b/model/build/model-lib/libqwen_triton.a(matmul_16x2048x1024_f32.kernel.o):(.text)
             ee2              ee2        0     1                 .L0 
             ee2              ee2        0     1                 $xrv64i2p1_m2p0_a2p1_f2p2_d2p2_c2p0_v1p0_zicbom1p0_zicsr2p0_zifencei2p0_zmmul1p0_zaamo1p0_zalrsc1p0_zca1p0_zcd1p0_zve32f1p0_zve32x1p0_zve64d1p0_zve64f1p0_zve64x1p0_zvl128b1p0_zvl256b1p0_zvl32b1p0_zvl512b1p0_zvl64b1p0
             ee2              ee2      1d4     1                 triton_matmul_16x2048x1024_f32
             efa              efa        0     1                 .L0 
             f28              f28        0     1                 .LBB0_1
             f2e              f2e        0     1                 .LBB0_2
             f52              f52        0     1                 .LBB0_5
             f58              f58        0     1                 .LBB0_6
             f5e              f5e        0     1                 .LBB0_7
             f6a              f6a        0     1                 .LBB0_9
             f96              f96        0     1                 .LBB0_10
             ff6              ff6        0     1                 .LBB0_13
            1008             1008        0     1                 .LBB0_14
            1012             1012        0     1                 .LBB0_15
            1054             1054        0     1                 .LBB0_18
            105c             105c        0     1                 .LBB0_19
            1066             1066        0     1                 .LBB0_20
            109c             109c        0     1                 .LBB0_23
            10a0             10a0        0     1                 .L0 
            10b6             10b6        0     1                 .L0 
            10b6             10b6        0     2         /home/chh/gitprojects/buddy-mlir-for-fpga/examples/FPGA-BOSCAME/qwen3-0.6b/model/build/model-lib/libqwen_triton.a(matmul_16x3072x1024_f32.adapter.o):(.text)
            10b6             10b6      1d6     2         /home/chh/gitprojects/buddy-mlir-for-fpga/examples/FPGA-BOSCAME/qwen3-0.6b/model/build/model-lib/libqwen_triton.a(matmul_16x3072x1024_f32.kernel.o):(.text)
            10b6             10b6        0     1                 .L0 
            10b6             10b6        0     1                 $xrv64i2p1_m2p0_a2p1_f2p2_d2p2_c2p0_v1p0_zicbom1p0_zicsr2p0_zifencei2p0_zmmul1p0_zaamo1p0_zalrsc1p0_zca1p0_zcd1p0_zve32f1p0_zve32x1p0_zve64d1p0_zve64f1p0_zve64x1p0_zvl128b1p0_zvl256b1p0_zvl32b1p0_zvl512b1p0_zvl64b1p0
            10b6             10b6      1d6     1                 triton_matmul_16x3072x1024_f32
            10ce             10ce        0     1                 .L0 
            10fe             10fe        0     1                 .LBB0_1
            1104             1104        0     1                 .LBB0_2
            1128             1128        0     1                 .LBB0_5
            112e             112e        0     1                 .LBB0_6
            1134             1134        0     1                 .LBB0_7
            1140             1140        0     1                 .LBB0_9
            116c             116c        0     1                 .LBB0_10
            11cc             11cc        0     1                 .LBB0_13
            11de             11de        0     1                 .LBB0_14
            11e8             11e8        0     1                 .LBB0_15
            122a             122a        0     1                 .LBB0_18
            1232             1232        0     1                 .LBB0_19
            123c             123c        0     1                 .LBB0_20
            1272             1272        0     1                 .LBB0_23
            1276             1276        0     1                 .L0 
            128c             128c        0     1                 .L0 
            128c             128c        0     2         /home/chh/gitprojects/buddy-mlir-for-fpga/examples/FPGA-BOSCAME/qwen3-0.6b/model/build/model-lib/libqwen_triton.a(matmul_1x1024x1024_f32.adapter.o):(.text)
            128c             128c      180     2         /home/chh/gitprojects/buddy-mlir-for-fpga/examples/FPGA-BOSCAME/qwen3-0.6b/model/build/model-lib/libqwen_triton.a(matmul_1x1024x1024_f32.kernel.o):(.text)
            128c             128c        0     1                 .L0 
            128c             128c        0     1                 $xrv64i2p1_m2p0_a2p1_f2p2_d2p2_c2p0_v1p0_zicbom1p0_zicsr2p0_zifencei2p0_zmmul1p0_zaamo1p0_zalrsc1p0_zca1p0_zcd1p0_zve32f1p0_zve32x1p0_zve64d1p0_zve64f1p0_zve64x1p0_zvl128b1p0_zvl256b1p0_zvl32b1p0_zvl512b1p0_zvl64b1p0
            128c             128c      180     1                 triton_matmul_1x1024x1024_f32
            1296             1296        0     1                 .L0 
            12be             12be        0     1                 .LBB0_1
            12c4             12c4        0     1                 .LBB0_2
            12e6             12e6        0     1                 .LBB0_5
            12ec             12ec        0     1                 .LBB0_6
            1314             1314        0     1                 .LBB0_7
            1370             1370        0     1                 .LBB0_10
            1380             1380        0     1                 .LBB0_11
            1386             1386        0     1                 .LBB0_12
            13c2             13c2        0     1                 .LBB0_15
            13c8             13c8        0     1                 .LBB0_16
            13ce             13ce        0     1                 .LBB0_17
            13fe             13fe        0     1                 .LBB0_20
            1402             1402        0     1                 .L0 
            140c             140c        0     1                 .L0 
            140c             140c        0     2         /home/chh/gitprojects/buddy-mlir-for-fpga/examples/FPGA-BOSCAME/qwen3-0.6b/model/build/model-lib/libqwen_triton.a(matmul_1x1024x2048_f32.adapter.o):(.text)
            140c             140c      184     2         /home/chh/gitprojects/buddy-mlir-for-fpga/examples/FPGA-BOSCAME/qwen3-0.6b/model/build/model-lib/libqwen_triton.a(matmul_1x1024x2048_f32.kernel.o):(.text)
            140c             140c        0     1                 .L0 
            140c             140c        0     1                 $xrv64i2p1_m2p0_a2p1_f2p2_d2p2_c2p0_v1p0_zicbom1p0_zicsr2p0_zifencei2p0_zmmul1p0_zaamo1p0_zalrsc1p0_zca1p0_zcd1p0_zve32f1p0_zve32x1p0_zve64d1p0_zve64f1p0_zve64x1p0_zvl128b1p0_zvl256b1p0_zvl32b1p0_zvl512b1p0_zvl64b1p0
            140c             140c      184     1                 triton_matmul_1x1024x2048_f32
            1416             1416        0     1                 .L0 
            1442             1442        0     1                 .LBB0_1
            1448             1448        0     1                 .LBB0_2
            146a             146a        0     1                 .LBB0_5
            1470             1470        0     1                 .LBB0_6
            1498             1498        0     1                 .LBB0_7
            14f4             14f4        0     1                 .LBB0_10
            1504             1504        0     1                 .LBB0_11
            150a             150a        0     1                 .LBB0_12
            1546             1546        0     1                 .LBB0_15
            154c             154c        0     1                 .LBB0_16
            1552             1552        0     1                 .LBB0_17
            1582             1582        0     1                 .LBB0_20
            1586             1586        0     1                 .L0 
            1590             1590        0     1                 .L0 
            1590             1590        0     2         /home/chh/gitprojects/buddy-mlir-for-fpga/examples/FPGA-BOSCAME/qwen3-0.6b/model/build/model-lib/libqwen_triton.a(matmul_1x1024x3072_f32.adapter.o):(.text)
            1590             1590      258     2         /home/chh/gitprojects/buddy-mlir-for-fpga/examples/FPGA-BOSCAME/qwen3-0.6b/model/build/model-lib/libqwen_triton.a(matmul_1x1024x3072_f32.kernel.o):(.text)
            1590             1590        0     1                 .L0 
            1590             1590        0     1                 $xrv64i2p1_m2p0_a2p1_f2p2_d2p2_c2p0_v1p0_zicbom1p0_zicsr2p0_zifencei2p0_zmmul1p0_zaamo1p0_zalrsc1p0_zca1p0_zcd1p0_zve32f1p0_zve32x1p0_zve64d1p0_zve64f1p0_zve64x1p0_zvl128b1p0_zvl256b1p0_zvl32b1p0_zvl512b1p0_zvl64b1p0
            1590             1590      258     1                 triton_matmul_1x1024x3072_f32
            15ae             15ae        0     1                 .L0 
            15ca             15ca        0     1                 .LBB0_1
            15d0             15d0        0     1                 .LBB0_2
            15f2             15f2        0     1                 .LBB0_5
            163c             163c        0     1                 .LBB0_6
            163e             163e        0     1                 .LBB0_7
            1676             1676        0     1                 .LBB0_9
            169e             169e        0     1                 .LBB0_10
            16fa             16fa        0     1                 .LBB0_13
            1700             1700        0     1                 .LBB0_14
            1706             1706        0     1                 .LBB0_15
            1738             1738        0     1                 .LBB0_18
            174c             174c        0     1                 .LBB0_19
            1752             1752        0     1                 .LBB0_20
            178a             178a        0     1                 .LBB0_23
            1790             1790        0     1                 .LBB0_24
            1796             1796        0     1                 .LBB0_25
            17c6             17c6        0     1                 .LBB0_28
            17ca             17ca        0     1                 .L0 
            17e8             17e8        0     1                 .L0 
            17e8             17e8        0     2         /home/chh/gitprojects/buddy-mlir-for-fpga/examples/FPGA-BOSCAME/qwen3-0.6b/model/build/model-lib/libqwen_triton.a(matmul_1x151936x1024_f32.adapter.o):(.text)
            17e8             17e8      18c     2         /home/chh/gitprojects/buddy-mlir-for-fpga/examples/FPGA-BOSCAME/qwen3-0.6b/model/build/model-lib/libqwen_triton.a(matmul_1x151936x1024_f32.kernel.o):(.text)
            17e8             17e8        0     1                 .L0 
            17e8             17e8        0     1                 $xrv64i2p1_m2p0_a2p1_f2p2_d2p2_c2p0_v1p0_zicbom1p0_zicsr2p0_zifencei2p0_zmmul1p0_zaamo1p0_zalrsc1p0_zca1p0_zcd1p0_zve32f1p0_zve32x1p0_zve64d1p0_zve64f1p0_zve64x1p0_zvl128b1p0_zvl256b1p0_zvl32b1p0_zvl512b1p0_zvl64b1p0
            17e8             17e8      18c     1                 triton_matmul_1x151936x1024_f32
            17f2             17f2        0     1                 .L0 
            1826             1826        0     1                 .LBB0_1
            182c             182c        0     1                 .LBB0_2
            184e             184e        0     1                 .LBB0_5
            1854             1854        0     1                 .LBB0_6
            187c             187c        0     1                 .LBB0_7
            18d8             18d8        0     1                 .LBB0_10
            18e8             18e8        0     1                 .LBB0_11
            18ee             18ee        0     1                 .LBB0_12
            192a             192a        0     1                 .LBB0_15
            1930             1930        0     1                 .LBB0_16
            1936             1936        0     1                 .LBB0_17
            1966             1966        0     1                 .LBB0_20
            196a             196a        0     1                 .L0 
            1974             1974        0     1                 .L0 
            1974             1974        0     2         /home/chh/gitprojects/buddy-mlir-for-fpga/examples/FPGA-BOSCAME/qwen3-0.6b/model/build/model-lib/libqwen_triton.a(matmul_1x2048x1024_f32.adapter.o):(.text)
            1974             1974      184     2         /home/chh/gitprojects/buddy-mlir-for-fpga/examples/FPGA-BOSCAME/qwen3-0.6b/model/build/model-lib/libqwen_triton.a(matmul_1x2048x1024_f32.kernel.o):(.text)
            1974             1974        0     1                 .L0 
            1974             1974        0     1                 $xrv64i2p1_m2p0_a2p1_f2p2_d2p2_c2p0_v1p0_zicbom1p0_zicsr2p0_zifencei2p0_zmmul1p0_zaamo1p0_zalrsc1p0_zca1p0_zcd1p0_zve32f1p0_zve32x1p0_zve64d1p0_zve64f1p0_zve64x1p0_zvl128b1p0_zvl256b1p0_zvl32b1p0_zvl512b1p0_zvl64b1p0
            1974             1974      184     1                 triton_matmul_1x2048x1024_f32
            197e             197e        0     1                 .L0 
            19aa             19aa        0     1                 .LBB0_1
            19b0             19b0        0     1                 .LBB0_2
            19d2             19d2        0     1                 .LBB0_5
            19d8             19d8        0     1                 .LBB0_6
            1a00             1a00        0     1                 .LBB0_7
            1a5c             1a5c        0     1                 .LBB0_10
            1a6c             1a6c        0     1                 .LBB0_11
            1a72             1a72        0     1                 .LBB0_12
            1aae             1aae        0     1                 .LBB0_15
            1ab4             1ab4        0     1                 .LBB0_16
            1aba             1aba        0     1                 .LBB0_17
            1aea             1aea        0     1                 .LBB0_20
            1aee             1aee        0     1                 .L0 
            1af8             1af8        0     1                 .L0 
            1af8             1af8        0     2         /home/chh/gitprojects/buddy-mlir-for-fpga/examples/FPGA-BOSCAME/qwen3-0.6b/model/build/model-lib/libqwen_triton.a(matmul_1x3072x1024_f32.adapter.o):(.text)
            1af8             1af8      182     2         /home/chh/gitprojects/buddy-mlir-for-fpga/examples/FPGA-BOSCAME/qwen3-0.6b/model/build/model-lib/libqwen_triton.a(matmul_1x3072x1024_f32.kernel.o):(.text)
            1af8             1af8        0     1                 .L0 
            1af8             1af8        0     1                 $xrv64i2p1_m2p0_a2p1_f2p2_d2p2_c2p0_v1p0_zicbom1p0_zicsr2p0_zifencei2p0_zmmul1p0_zaamo1p0_zalrsc1p0_zca1p0_zcd1p0_zve32f1p0_zve32x1p0_zve64d1p0_zve64f1p0_zve64x1p0_zvl128b1p0_zvl256b1p0_zvl32b1p0_zvl512b1p0_zvl64b1p0
            1af8             1af8      182     1                 triton_matmul_1x3072x1024_f32
            1b02             1b02        0     1                 .L0 
            1b2c             1b2c        0     1                 .LBB0_1
            1b32             1b32        0     1                 .LBB0_2
            1b54             1b54        0     1                 .LBB0_5
            1b5a             1b5a        0     1                 .LBB0_6
            1b82             1b82        0     1                 .LBB0_7
            1bde             1bde        0     1                 .LBB0_10
            1bee             1bee        0     1                 .LBB0_11
            1bf4             1bf4        0     1                 .LBB0_12
            1c30             1c30        0     1                 .LBB0_15
            1c36             1c36        0     1                 .LBB0_16
            1c3c             1c3c        0     1                 .LBB0_17
            1c6c             1c6c        0     1                 .LBB0_20
            1c70             1c70        0     1                 .L0 
            1c7a             1c7a        0     1                 .L0 
            1c7a             1c7a        0     2         /home/chh/gitprojects/buddy-mlir-for-fpga/examples/FPGA-BOSCAME/qwen3-0.6b/model/build/model-lib/libqwen_triton.a(rmsnorm_128x128.adapter.o):(.text)
            1c7a             1c7a      210     2         /home/chh/gitprojects/buddy-mlir-for-fpga/examples/FPGA-BOSCAME/qwen3-0.6b/model/build/model-lib/libqwen_triton.a(rmsnorm_128x128.kernel.o):(.text)
            1c7a             1c7a        0     1                 .L0 
            1c7a             1c7a        0     1                 $xrv64i2p1_m2p0_a2p1_f2p2_d2p2_c2p0_v1p0_zicbom1p0_zicsr2p0_zifencei2p0_zmmul1p0_zaamo1p0_zalrsc1p0_zca1p0_zcd1p0_zve32f1p0_zve32x1p0_zve64d1p0_zve64f1p0_zve64x1p0_zvl128b1p0_zvl256b1p0_zvl32b1p0_zvl512b1p0_zvl64b1p0
            1c7a             1c7a      210     1                 triton_rmsnorm_128x128
            1c8c             1c8c        0     1                 .L0 
            1cde             1cde        0     1                 .LBB0_2
            1d20             1d20        0     1                 .LBB0_4
            1d52             1d52        0     1                 .LBB0_6
            1d88             1d88        0     1                 .LBB0_8
            1dd2             1dd2        0     1                 .LBB0_10
            1dfe             1dfe        0     1                 .LBB0_12
            1e2a             1e2a        0     1                 .LBB0_14
            1e74             1e74        0     1                 .LBB0_16
            1e78             1e78        0     1                 .L0 
            1e8a             1e8a        0     1                 .L0 
            1e8a             1e8a        0     2         /home/chh/gitprojects/buddy-mlir-for-fpga/examples/FPGA-BOSCAME/qwen3-0.6b/model/build/model-lib/libqwen_triton.a(rmsnorm_16x1024.adapter.o):(.text)
            1e8a             1e8a      214     2         /home/chh/gitprojects/buddy-mlir-for-fpga/examples/FPGA-BOSCAME/qwen3-0.6b/model/build/model-lib/libqwen_triton.a(rmsnorm_16x1024.kernel.o):(.text)
            1e8a             1e8a        0     1                 .L0 
            1e8a             1e8a        0     1                 $xrv64i2p1_m2p0_a2p1_f2p2_d2p2_c2p0_v1p0_zicbom1p0_zicsr2p0_zifencei2p0_zmmul1p0_zaamo1p0_zalrsc1p0_zca1p0_zcd1p0_zve32f1p0_zve32x1p0_zve64d1p0_zve64f1p0_zve64x1p0_zvl128b1p0_zvl256b1p0_zvl32b1p0_zvl512b1p0_zvl64b1p0
            1e8a             1e8a      214     1                 triton_rmsnorm_16x1024
            1e94             1e94        0     1                 .L0 
            1eee             1eee        0     1                 .LBB0_2
            1f34             1f34        0     1                 .LBB0_4
            1f6a             1f6a        0     1                 .LBB0_6
            1fa0             1fa0        0     1                 .LBB0_8
            1fee             1fee        0     1                 .LBB0_10
            201a             201a        0     1                 .LBB0_12
            2046             2046        0     1                 .LBB0_14
            2090             2090        0     1                 .LBB0_16
            2094             2094        0     1                 .L0 
            209e             209e        0     1                 .L0 
            209e             209e        0     2         /home/chh/gitprojects/buddy-mlir-for-fpga/examples/FPGA-BOSCAME/qwen3-0.6b/model/build/model-lib/libqwen_triton.a(rmsnorm_16x128.adapter.o):(.text)
            209e             209e      210     2         /home/chh/gitprojects/buddy-mlir-for-fpga/examples/FPGA-BOSCAME/qwen3-0.6b/model/build/model-lib/libqwen_triton.a(rmsnorm_16x128.kernel.o):(.text)
            209e             209e        0     1                 .L0 
            209e             209e        0     1                 $xrv64i2p1_m2p0_a2p1_f2p2_d2p2_c2p0_v1p0_zicbom1p0_zicsr2p0_zifencei2p0_zmmul1p0_zaamo1p0_zalrsc1p0_zca1p0_zcd1p0_zve32f1p0_zve32x1p0_zve64d1p0_zve64f1p0_zve64x1p0_zvl128b1p0_zvl256b1p0_zvl32b1p0_zvl512b1p0_zvl64b1p0
            209e             209e      210     1                 triton_rmsnorm_16x128
            20b0             20b0        0     1                 .L0 
            2102             2102        0     1                 .LBB0_2
            2144             2144        0     1                 .LBB0_4
            2176             2176        0     1                 .LBB0_6
            21ac             21ac        0     1                 .LBB0_8
            21f6             21f6        0     1                 .LBB0_10
            2222             2222        0     1                 .LBB0_12
            224e             224e        0     1                 .LBB0_14
            2298             2298        0     1                 .LBB0_16
            229c             229c        0     1                 .L0 
            22ae             22ae        0     1                 .L0 
            22ae             22ae        0     2         /home/chh/gitprojects/buddy-mlir-for-fpga/examples/FPGA-BOSCAME/qwen3-0.6b/model/build/model-lib/libqwen_triton.a(rmsnorm_1x1024.adapter.o):(.text)
            22ae             22ae      214     2         /home/chh/gitprojects/buddy-mlir-for-fpga/examples/FPGA-BOSCAME/qwen3-0.6b/model/build/model-lib/libqwen_triton.a(rmsnorm_1x1024.kernel.o):(.text)
            22ae             22ae        0     1                 .L0 
            22ae             22ae        0     1                 $xrv64i2p1_m2p0_a2p1_f2p2_d2p2_c2p0_v1p0_zicbom1p0_zicsr2p0_zifencei2p0_zmmul1p0_zaamo1p0_zalrsc1p0_zca1p0_zcd1p0_zve32f1p0_zve32x1p0_zve64d1p0_zve64f1p0_zve64x1p0_zvl128b1p0_zvl256b1p0_zvl32b1p0_zvl512b1p0_zvl64b1p0
            22ae             22ae      214     1                 triton_rmsnorm_1x1024
            22b8             22b8        0     1                 .L0 
            2312             2312        0     1                 .LBB0_2
            2358             2358        0     1                 .LBB0_4
            238e             238e        0     1                 .LBB0_6
            23c4             23c4        0     1                 .LBB0_8
            2412             2412        0     1                 .LBB0_10
            243e             243e        0     1                 .LBB0_12
            246a             246a        0     1                 .LBB0_14
            24b4             24b4        0     1                 .LBB0_16
            24b8             24b8        0     1                 .L0 
            24c2             24c2        0     1                 .L0 
            24c2             24c2        0     2         /home/chh/gitprojects/buddy-mlir-for-fpga/examples/FPGA-BOSCAME/qwen3-0.6b/model/build/model-lib/libqwen_triton.a(rmsnorm_256x128.adapter.o):(.text)
            24c2             24c2      210     2         /home/chh/gitprojects/buddy-mlir-for-fpga/examples/FPGA-BOSCAME/qwen3-0.6b/model/build/model-lib/libqwen_triton.a(rmsnorm_256x128.kernel.o):(.text)
            24c2             24c2        0     1                 .L0 
            24c2             24c2        0     1                 $xrv64i2p1_m2p0_a2p1_f2p2_d2p2_c2p0_v1p0_zicbom1p0_zicsr2p0_zifencei2p0_zmmul1p0_zaamo1p0_zalrsc1p0_zca1p0_zcd1p0_zve32f1p0_zve32x1p0_zve64d1p0_zve64f1p0_zve64x1p0_zvl128b1p0_zvl256b1p0_zvl32b1p0_zvl512b1p0_zvl64b1p0
            24c2             24c2      210     1                 triton_rmsnorm_256x128
            24d4             24d4        0     1                 .L0 
            2526             2526        0     1                 .LBB0_2
            2568             2568        0     1                 .LBB0_4
            259a             259a        0     1                 .LBB0_6
            25d0             25d0        0     1                 .LBB0_8
            261a             261a        0     1                 .LBB0_10
            2646             2646        0     1                 .LBB0_12
            2672             2672        0     1                 .LBB0_14
            26bc             26bc        0     1                 .LBB0_16
            26c0             26c0        0     1                 .L0 
            26d2             26d2        0     1                 .L0 
            26d2             26d2        0     2         /home/chh/gitprojects/buddy-mlir-for-fpga/examples/FPGA-BOSCAME/qwen3-0.6b/model/build/model-lib/libqwen_triton.a(rmsnorm_8x128.adapter.o):(.text)
            26d2             26d2      210     2         /home/chh/gitprojects/buddy-mlir-for-fpga/examples/FPGA-BOSCAME/qwen3-0.6b/model/build/model-lib/libqwen_triton.a(rmsnorm_8x128.kernel.o):(.text)
            26d2             26d2        0     1                 .L0 
            26d2             26d2        0     1                 $xrv64i2p1_m2p0_a2p1_f2p2_d2p2_c2p0_v1p0_zicbom1p0_zicsr2p0_zifencei2p0_zmmul1p0_zaamo1p0_zalrsc1p0_zca1p0_zcd1p0_zve32f1p0_zve32x1p0_zve64d1p0_zve64f1p0_zve64x1p0_zvl128b1p0_zvl256b1p0_zvl32b1p0_zvl512b1p0_zvl64b1p0
            26d2             26d2      210     1                 triton_rmsnorm_8x128
            26e4             26e4        0     1                 .L0 
            2736             2736        0     1                 .LBB0_2
            2778             2778        0     1                 .LBB0_4
            27aa             27aa        0     1                 .LBB0_6
            27e0             27e0        0     1                 .LBB0_8
            282a             282a        0     1                 .LBB0_10
            2856             2856        0     1                 .LBB0_12
            2882             2882        0     1                 .LBB0_14
            28cc             28cc        0     1                 .LBB0_16
            28d0             28d0        0     1                 .L0 
            28e2             28e2        0     1                 .L0 
            28e2             28e2        0     2         /home/chh/gitprojects/buddy-mlir-for-fpga/examples/FPGA-BOSCAME/qwen3-0.6b/model/build/model-lib/libqwen_triton.a(silu_16x3072.adapter.o):(.text)
            28e2             28e2      25e     2         /home/chh/gitprojects/buddy-mlir-for-fpga/examples/FPGA-BOSCAME/qwen3-0.6b/model/build/model-lib/libqwen_triton.a(silu_16x3072.kernel.o):(.text)
            28e2             28e2        0     1                 .L0 
            28e2             28e2        0     1                 $xrv64i2p1_m2p0_a2p1_f2p2_d2p2_c2p0_v1p0_zicbom1p0_zicsr2p0_zifencei2p0_zmmul1p0_zaamo1p0_zalrsc1p0_zca1p0_zcd1p0_zve32f1p0_zve32x1p0_zve64d1p0_zve64f1p0_zve64x1p0_zvl128b1p0_zvl256b1p0_zvl32b1p0_zvl512b1p0_zvl64b1p0
            28e2             28e2      25e     1                 triton_silu_16x3072
            291c             291c        0     1                 .L0 
            2946             2946        0     1                 .LBB0_2
            2956             2956        0     1                 .LBB0_4
            295c             295c        0     1                 .LBB0_6
            2988             2988        0     1                 .LBB0_9
            29c8             29c8        0     1                 .LBB0_11
            29f2             29f2        0     1                 .LBB0_13
            2a24             2a24        0     1                 .LBB0_15
            2a30             2a30        0     1                 .LBB0_16
            2a4c             2a4c        0     1                 .LBB0_17
            2a78             2a78        0     1                 .LBB0_19
            2aa4             2aa4        0     1                 .LBB0_21
            2ae0             2ae0        0     1                 .LBB0_23
            2b02             2b02        0     1                 .LBB0_25
            2b06             2b06        0     1                 .L0 
            2b40             2b40        0     1                 .L0 
            2b40             2b40        0     2         /home/chh/gitprojects/buddy-mlir-for-fpga/examples/FPGA-BOSCAME/qwen3-0.6b/model/build/model-lib/libqwen_triton.a(silu_1x3072.adapter.o):(.text)
            2b40             2b40      260     2         /home/chh/gitprojects/buddy-mlir-for-fpga/examples/FPGA-BOSCAME/qwen3-0.6b/model/build/model-lib/libqwen_triton.a(silu_1x3072.kernel.o):(.text)
            2b40             2b40        0     1                 .L0 
            2b40             2b40        0     1                 $xrv64i2p1_m2p0_a2p1_f2p2_d2p2_c2p0_v1p0_zicbom1p0_zicsr2p0_zifencei2p0_zmmul1p0_zaamo1p0_zalrsc1p0_zca1p0_zcd1p0_zve32f1p0_zve32x1p0_zve64d1p0_zve64f1p0_zve64x1p0_zvl128b1p0_zvl256b1p0_zvl32b1p0_zvl512b1p0_zvl64b1p0
            2b40             2b40      260     1                 triton_silu_1x3072
            2b7a             2b7a        0     1                 .L0 
            2ba4             2ba4        0     1                 .LBB0_2
            2bb6             2bb6        0     1                 .LBB0_4
            2bbc             2bbc        0     1                 .LBB0_6
            2be8             2be8        0     1                 .LBB0_9
            2c28             2c28        0     1                 .LBB0_11
            2c52             2c52        0     1                 .LBB0_13
            2c84             2c84        0     1                 .LBB0_15
            2c90             2c90        0     1                 .LBB0_16
            2cac             2cac        0     1                 .LBB0_17
            2cd8             2cd8        0     1                 .LBB0_19
            2d04             2d04        0     1                 .LBB0_21
            2d40             2d40        0     1                 .LBB0_23
            2d62             2d62        0     1                 .LBB0_25
            2d66             2d66        0     1                 .L0 
            2da0             2da0        0     1                 .L0 
               0                0     3120     8 .rela.text
               0                0     15f0     8         /home/chh/gitprojects/buddy-mlir-for-fpga/examples/FPGA-BOSCAME/qwen3-0.6b/model/build/model-lib/qwen_triton_adapters.o:(.rela.text)
            15f0             15f0       30     8         /home/chh/gitprojects/buddy-mlir-for-fpga/examples/FPGA-BOSCAME/qwen3-0.6b/model/build/model-lib/libqwen_triton.a(embedding_16x1024.kernel.o):(.rela.text)
            1620             1620       30     8         /home/chh/gitprojects/buddy-mlir-for-fpga/examples/FPGA-BOSCAME/qwen3-0.6b/model/build/model-lib/libqwen_triton.a(embedding_1x1024.kernel.o):(.rela.text)
            1650             1650      1b0     8         /home/chh/gitprojects/buddy-mlir-for-fpga/examples/FPGA-BOSCAME/qwen3-0.6b/model/build/model-lib/libqwen_triton.a(matmul_16x1024x1024_f32.kernel.o):(.rela.text)
            1800             1800      1b0     8         /home/chh/gitprojects/buddy-mlir-for-fpga/examples/FPGA-BOSCAME/qwen3-0.6b/model/build/model-lib/libqwen_triton.a(matmul_16x1024x2048_f32.kernel.o):(.rela.text)
            19b0             19b0      2a0     8         /home/chh/gitprojects/buddy-mlir-for-fpga/examples/FPGA-BOSCAME/qwen3-0.6b/model/build/model-lib/libqwen_triton.a(matmul_16x1024x3072_f32.kernel.o):(.rela.text)
            1c50             1c50      1b0     8         /home/chh/gitprojects/buddy-mlir-for-fpga/examples/FPGA-BOSCAME/qwen3-0.6b/model/build/model-lib/libqwen_triton.a(matmul_16x2048x1024_f32.kernel.o):(.rela.text)
            1e00             1e00      1b0     8         /home/chh/gitprojects/buddy-mlir-for-fpga/examples/FPGA-BOSCAME/qwen3-0.6b/model/build/model-lib/libqwen_triton.a(matmul_16x3072x1024_f32.kernel.o):(.rela.text)
            1fb0             1fb0      180     8         /home/chh/gitprojects/buddy-mlir-for-fpga/examples/FPGA-BOSCAME/qwen3-0.6b/model/build/model-lib/libqwen_triton.a(matmul_1x1024x1024_f32.kernel.o):(.rela.text)
            2130             2130      180     8         /home/chh/gitprojects/buddy-mlir-for-fpga/examples/FPGA-BOSCAME/qwen3-0.6b/model/build/model-lib/libqwen_triton.a(matmul_1x1024x2048_f32.kernel.o):(.rela.text)
            22b0             22b0      270     8         /home/chh/gitprojects/buddy-mlir-for-fpga/examples/FPGA-BOSCAME/qwen3-0.6b/model/build/model-lib/libqwen_triton.a(matmul_1x1024x3072_f32.kernel.o):(.rela.text)
            2520             2520      180     8         /home/chh/gitprojects/buddy-mlir-for-fpga/examples/FPGA-BOSCAME/qwen3-0.6b/model/build/model-lib/libqwen_triton.a(matmul_1x151936x1024_f32.kernel.o):(.rela.text)
            26a0             26a0      180     8         /home/chh/gitprojects/buddy-mlir-for-fpga/examples/FPGA-BOSCAME/qwen3-0.6b/model/build/model-lib/libqwen_triton.a(matmul_1x2048x1024_f32.kernel.o):(.rela.text)
            2820             2820      180     8         /home/chh/gitprojects/buddy-mlir-for-fpga/examples/FPGA-BOSCAME/qwen3-0.6b/model/build/model-lib/libqwen_triton.a(matmul_1x3072x1024_f32.kernel.o):(.rela.text)
            29a0             29a0       c0     8         /home/chh/gitprojects/buddy-mlir-for-fpga/examples/FPGA-BOSCAME/qwen3-0.6b/model/build/model-lib/libqwen_triton.a(rmsnorm_128x128.kernel.o):(.rela.text)
            2a60             2a60       c0     8         /home/chh/gitprojects/buddy-mlir-for-fpga/examples/FPGA-BOSCAME/qwen3-0.6b/model/build/model-lib/libqwen_triton.a(rmsnorm_16x1024.kernel.o):(.rela.text)
            2b20             2b20       c0     8         /home/chh/gitprojects/buddy-mlir-for-fpga/examples/FPGA-BOSCAME/qwen3-0.6b/model/build/model-lib/libqwen_triton.a(rmsnorm_16x128.kernel.o):(.rela.text)
            2be0             2be0       c0     8         /home/chh/gitprojects/buddy-mlir-for-fpga/examples/FPGA-BOSCAME/qwen3-0.6b/model/build/model-lib/libqwen_triton.a(rmsnorm_1x1024.kernel.o):(.rela.text)
            2ca0             2ca0       c0     8         /home/chh/gitprojects/buddy-mlir-for-fpga/examples/FPGA-BOSCAME/qwen3-0.6b/model/build/model-lib/libqwen_triton.a(rmsnorm_256x128.kernel.o):(.rela.text)
            2d60             2d60       c0     8         /home/chh/gitprojects/buddy-mlir-for-fpga/examples/FPGA-BOSCAME/qwen3-0.6b/model/build/model-lib/libqwen_triton.a(rmsnorm_8x128.kernel.o):(.rela.text)
            2e20             2e20      180     8         /home/chh/gitprojects/buddy-mlir-for-fpga/examples/FPGA-BOSCAME/qwen3-0.6b/model/build/model-lib/libqwen_triton.a(silu_16x3072.kernel.o):(.rela.text)
            2fa0             2fa0      180     8         /home/chh/gitprojects/buddy-mlir-for-fpga/examples/FPGA-BOSCAME/qwen3-0.6b/model/build/model-lib/libqwen_triton.a(silu_1x3072.kernel.o):(.rela.text)
               0                0   1a4a00     4 .bss
               0                0   1a4a00     4         /home/chh/gitprojects/buddy-mlir-for-fpga/examples/FPGA-BOSCAME/qwen3-0.6b/model/build/model-lib/qwen_triton_adapters.o:(.bss)
               0                0    10000     1                 qwen_out_qwen_graph_embedding_16x1024
               0                0        0     1                 $d
           10000            10000     1000     1                 qwen_out_qwen_graph_embedding_1x1024
           11000            11000    10000     1                 qwen_out_qwen_graph_matmul_16x1024x1024_f32
           21000            21000    10000     1                 qwen_out_qwen_graph_matmul_16x1024x2048_f32
           31000            31000    10000     1                 qwen_out_qwen_graph_matmul_16x1024x3072_f32
           41000            41000    20000     1                 qwen_out_qwen_graph_matmul_16x2048x1024_f32
           61000            61000    30000     1                 qwen_out_qwen_graph_matmul_16x3072x1024_f32
           91000            91000     1000     1                 qwen_out_qwen_graph_matmul_1x1024x1024_f32
           92000            92000     1000     1                 qwen_out_qwen_graph_matmul_1x1024x2048_f32
           93000            93000     1000     1                 qwen_out_qwen_graph_matmul_1x1024x3072_f32
           94000            94000    94600     1                 qwen_out_qwen_graph_matmul_1x151936x1024_f32
          128600           128600     2000     1                 qwen_out_qwen_graph_matmul_1x2048x1024_f32
          12a600           12a600     3000     1                 qwen_out_qwen_graph_matmul_1x3072x1024_f32
          12d600           12d600    10000     1                 qwen_out_qwen_graph_rmsnorm_128x128
          13d600           13d600      400     1                 qwen_rmsnorm_scratch
          13da00           13da00    10000     1                 qwen_out_qwen_graph_rmsnorm_16x1024
          14da00           14da00     2000     1                 qwen_out_qwen_graph_rmsnorm_16x128
          14fa00           14fa00     1000     1                 qwen_out_qwen_graph_rmsnorm_1x1024
          150a00           150a00    20000     1                 qwen_out_qwen_graph_rmsnorm_256x128
          170a00           170a00     1000     1                 qwen_out_qwen_graph_rmsnorm_8x128
          171a00           171a00    30000     1                 qwen_out_qwen_graph_silu_16x3072
          1a1a00           1a1a00     3000     1                 qwen_out_qwen_graph_silu_1x3072
               0                0       6b     1 .comment
               0                0       6b     1         <internal>:(.comment)
               0                0       74     1 .riscv.attributes
               0                0       74     1         /home/chh/gitprojects/buddy-mlir-for-fpga/examples/FPGA-BOSCAME/qwen3-0.6b/model/build/model-lib/qwen_triton_adapters.o:(.riscv.attributes)
               0                0        0     1                 $d
               0                0       2b     1 .llvm_addrsig
               0                0       16     1         /home/chh/gitprojects/buddy-mlir-for-fpga/examples/FPGA-BOSCAME/qwen3-0.6b/model/build/model-lib/qwen_triton_adapters.o:(.llvm_addrsig)
              16               16       15     1         /home/chh/gitprojects/buddy-mlir-for-fpga/examples/FPGA-BOSCAME/qwen3-0.6b/model/build/model-lib/external-link-probe.o:(.llvm_addrsig)
              2b               2b        0     1         /home/chh/gitprojects/buddy-mlir-for-fpga/examples/FPGA-BOSCAME/qwen3-0.6b/model/build/model-lib/libqwen_triton.a(embedding_16x1024.adapter.o):(.llvm_addrsig)
              2b               2b        0     1         /home/chh/gitprojects/buddy-mlir-for-fpga/examples/FPGA-BOSCAME/qwen3-0.6b/model/build/model-lib/libqwen_triton.a(embedding_1x1024.adapter.o):(.llvm_addrsig)
              2b               2b        0     1         /home/chh/gitprojects/buddy-mlir-for-fpga/examples/FPGA-BOSCAME/qwen3-0.6b/model/build/model-lib/libqwen_triton.a(matmul_16x1024x1024_f32.adapter.o):(.llvm_addrsig)
              2b               2b        0     1         /home/chh/gitprojects/buddy-mlir-for-fpga/examples/FPGA-BOSCAME/qwen3-0.6b/model/build/model-lib/libqwen_triton.a(matmul_16x1024x2048_f32.adapter.o):(.llvm_addrsig)
              2b               2b        0     1         /home/chh/gitprojects/buddy-mlir-for-fpga/examples/FPGA-BOSCAME/qwen3-0.6b/model/build/model-lib/libqwen_triton.a(matmul_16x1024x3072_f32.adapter.o):(.llvm_addrsig)
              2b               2b        0     1         /home/chh/gitprojects/buddy-mlir-for-fpga/examples/FPGA-BOSCAME/qwen3-0.6b/model/build/model-lib/libqwen_triton.a(matmul_16x2048x1024_f32.adapter.o):(.llvm_addrsig)
              2b               2b        0     1         /home/chh/gitprojects/buddy-mlir-for-fpga/examples/FPGA-BOSCAME/qwen3-0.6b/model/build/model-lib/libqwen_triton.a(matmul_16x3072x1024_f32.adapter.o):(.llvm_addrsig)
              2b               2b        0     1         /home/chh/gitprojects/buddy-mlir-for-fpga/examples/FPGA-BOSCAME/qwen3-0.6b/model/build/model-lib/libqwen_triton.a(matmul_1x1024x1024_f32.adapter.o):(.llvm_addrsig)
              2b               2b        0     1         /home/chh/gitprojects/buddy-mlir-for-fpga/examples/FPGA-BOSCAME/qwen3-0.6b/model/build/model-lib/libqwen_triton.a(matmul_1x1024x2048_f32.adapter.o):(.llvm_addrsig)
              2b               2b        0     1         /home/chh/gitprojects/buddy-mlir-for-fpga/examples/FPGA-BOSCAME/qwen3-0.6b/model/build/model-lib/libqwen_triton.a(matmul_1x1024x3072_f32.adapter.o):(.llvm_addrsig)
              2b               2b        0     1         /home/chh/gitprojects/buddy-mlir-for-fpga/examples/FPGA-BOSCAME/qwen3-0.6b/model/build/model-lib/libqwen_triton.a(matmul_1x151936x1024_f32.adapter.o):(.llvm_addrsig)
              2b               2b        0     1         /home/chh/gitprojects/buddy-mlir-for-fpga/examples/FPGA-BOSCAME/qwen3-0.6b/model/build/model-lib/libqwen_triton.a(matmul_1x2048x1024_f32.adapter.o):(.llvm_addrsig)
              2b               2b        0     1         /home/chh/gitprojects/buddy-mlir-for-fpga/examples/FPGA-BOSCAME/qwen3-0.6b/model/build/model-lib/libqwen_triton.a(matmul_1x3072x1024_f32.adapter.o):(.llvm_addrsig)
              2b               2b        0     1         /home/chh/gitprojects/buddy-mlir-for-fpga/examples/FPGA-BOSCAME/qwen3-0.6b/model/build/model-lib/libqwen_triton.a(rmsnorm_128x128.adapter.o):(.llvm_addrsig)
              2b               2b        0     1         /home/chh/gitprojects/buddy-mlir-for-fpga/examples/FPGA-BOSCAME/qwen3-0.6b/model/build/model-lib/libqwen_triton.a(rmsnorm_16x1024.adapter.o):(.llvm_addrsig)
              2b               2b        0     1         /home/chh/gitprojects/buddy-mlir-for-fpga/examples/FPGA-BOSCAME/qwen3-0.6b/model/build/model-lib/libqwen_triton.a(rmsnorm_16x128.adapter.o):(.llvm_addrsig)
              2b               2b        0     1         /home/chh/gitprojects/buddy-mlir-for-fpga/examples/FPGA-BOSCAME/qwen3-0.6b/model/build/model-lib/libqwen_triton.a(rmsnorm_1x1024.adapter.o):(.llvm_addrsig)
              2b               2b        0     1         /home/chh/gitprojects/buddy-mlir-for-fpga/examples/FPGA-BOSCAME/qwen3-0.6b/model/build/model-lib/libqwen_triton.a(rmsnorm_256x128.adapter.o):(.llvm_addrsig)
              2b               2b        0     1         /home/chh/gitprojects/buddy-mlir-for-fpga/examples/FPGA-BOSCAME/qwen3-0.6b/model/build/model-lib/libqwen_triton.a(rmsnorm_8x128.adapter.o):(.llvm_addrsig)
              2b               2b        0     1         /home/chh/gitprojects/buddy-mlir-for-fpga/examples/FPGA-BOSCAME/qwen3-0.6b/model/build/model-lib/libqwen_triton.a(silu_16x3072.adapter.o):(.llvm_addrsig)
              2b               2b        0     1         /home/chh/gitprojects/buddy-mlir-for-fpga/examples/FPGA-BOSCAME/qwen3-0.6b/model/build/model-lib/libqwen_triton.a(silu_1x3072.adapter.o):(.llvm_addrsig)
               0                0       ac     8 .rodata
               0                0       ac     8         /home/chh/gitprojects/buddy-mlir-for-fpga/examples/FPGA-BOSCAME/qwen3-0.6b/model/build/model-lib/external-link-probe.o:(.rodata)
               0                0        0     1                 $d
               0                0       a8     1                 qwen_external_symbols
              a8               a8        4     1                 qwen_external_symbol_count
               0                0      1f8     8 .rela.rodata
               0                0      1f8     8         /home/chh/gitprojects/buddy-mlir-for-fpga/examples/FPGA-BOSCAME/qwen3-0.6b/model/build/model-lib/external-link-probe.o:(.rela.rodata)
               0                0       6c     2 .text._mlir_ciface_kernel_embedding_16x1024
               0                0       6c     2         /home/chh/gitprojects/buddy-mlir-for-fpga/examples/FPGA-BOSCAME/qwen3-0.6b/model/build/model-lib/libqwen_triton.a(embedding_16x1024.adapter.o):(.text._mlir_ciface_kernel_embedding_16x1024)
               0                0        0     1                 $xrv64i2p1_m2p0_a2p1_f2p2_d2p2_c2p0_zicbom1p0_zicsr2p0_zifencei2p0_zmmul1p0_zaamo1p0_zalrsc1p0_zca1p0_zcd1p0
               0                0       6c     1                 _mlir_ciface_kernel_embedding_16x1024
              3a               3a        0     1                 .L0 
               0                0       48     8 .rela.text._mlir_ciface_kernel_embedding_16x1024
               0                0       48     8         /home/chh/gitprojects/buddy-mlir-for-fpga/examples/FPGA-BOSCAME/qwen3-0.6b/model/build/model-lib/libqwen_triton.a(embedding_16x1024.adapter.o):(.rela.text._mlir_ciface_kernel_embedding_16x1024)
               0                0      618     8 .eh_frame
               0                0       30     8         /home/chh/gitprojects/buddy-mlir-for-fpga/examples/FPGA-BOSCAME/qwen3-0.6b/model/build/model-lib/libqwen_triton.a(embedding_16x1024.kernel.o):(.eh_frame)
               0                0        0     1                 $d
              30               30       30     8         /home/chh/gitprojects/buddy-mlir-for-fpga/examples/FPGA-BOSCAME/qwen3-0.6b/model/build/model-lib/libqwen_triton.a(embedding_1x1024.kernel.o):(.eh_frame)
              30               30        0     1                 $d
              60               60       48     8         /home/chh/gitprojects/buddy-mlir-for-fpga/examples/FPGA-BOSCAME/qwen3-0.6b/model/build/model-lib/libqwen_triton.a(matmul_16x1024x1024_f32.kernel.o):(.eh_frame)
              60               60        0     1                 $d
              a8               a8       48     8         /home/chh/gitprojects/buddy-mlir-for-fpga/examples/FPGA-BOSCAME/qwen3-0.6b/model/build/model-lib/libqwen_triton.a(matmul_16x1024x2048_f32.kernel.o):(.eh_frame)
              a8               a8        0     1                 $d
              f0               f0       60     8         /home/chh/gitprojects/buddy-mlir-for-fpga/examples/FPGA-BOSCAME/qwen3-0.6b/model/build/model-lib/libqwen_triton.a(matmul_16x1024x3072_f32.kernel.o):(.eh_frame)
              f0               f0        0     1                 $d
             150              150       48     8         /home/chh/gitprojects/buddy-mlir-for-fpga/examples/FPGA-BOSCAME/qwen3-0.6b/model/build/model-lib/libqwen_triton.a(matmul_16x2048x1024_f32.kernel.o):(.eh_frame)
             150              150        0     1                 $d
             198              198       48     8         /home/chh/gitprojects/buddy-mlir-for-fpga/examples/FPGA-BOSCAME/qwen3-0.6b/model/build/model-lib/libqwen_triton.a(matmul_16x3072x1024_f32.kernel.o):(.eh_frame)
             198              198        0     1                 $d
             1e0              1e0       48     8         /home/chh/gitprojects/buddy-mlir-for-fpga/examples/FPGA-BOSCAME/qwen3-0.6b/model/build/model-lib/libqwen_triton.a(matmul_1x1024x1024_f32.kernel.o):(.eh_frame)
             1e0              1e0        0     1                 $d
             228              228       48     8         /home/chh/gitprojects/buddy-mlir-for-fpga/examples/FPGA-BOSCAME/qwen3-0.6b/model/build/model-lib/libqwen_triton.a(matmul_1x1024x2048_f32.kernel.o):(.eh_frame)
             228              228        0     1                 $d
             270              270       60     8         /home/chh/gitprojects/buddy-mlir-for-fpga/examples/FPGA-BOSCAME/qwen3-0.6b/model/build/model-lib/libqwen_triton.a(matmul_1x1024x3072_f32.kernel.o):(.eh_frame)
             270              270        0     1                 $d
             2d0              2d0       48     8         /home/chh/gitprojects/buddy-mlir-for-fpga/examples/FPGA-BOSCAME/qwen3-0.6b/model/build/model-lib/libqwen_triton.a(matmul_1x151936x1024_f32.kernel.o):(.eh_frame)
             2d0              2d0        0     1                 $d
             318              318       48     8         /home/chh/gitprojects/buddy-mlir-for-fpga/examples/FPGA-BOSCAME/qwen3-0.6b/model/build/model-lib/libqwen_triton.a(matmul_1x2048x1024_f32.kernel.o):(.eh_frame)
             318              318        0     1                 $d
             360              360       48     8         /home/chh/gitprojects/buddy-mlir-for-fpga/examples/FPGA-BOSCAME/qwen3-0.6b/model/build/model-lib/libqwen_triton.a(matmul_1x3072x1024_f32.kernel.o):(.eh_frame)
             360              360        0     1                 $d
             3a8              3a8       48     8         /home/chh/gitprojects/buddy-mlir-for-fpga/examples/FPGA-BOSCAME/qwen3-0.6b/model/build/model-lib/libqwen_triton.a(rmsnorm_128x128.kernel.o):(.eh_frame)
             3a8              3a8        0     1                 $d
             3f0              3f0       48     8         /home/chh/gitprojects/buddy-mlir-for-fpga/examples/FPGA-BOSCAME/qwen3-0.6b/model/build/model-lib/libqwen_triton.a(rmsnorm_16x1024.kernel.o):(.eh_frame)
             3f0              3f0        0     1                 $d
             438              438       48     8         /home/chh/gitprojects/buddy-mlir-for-fpga/examples/FPGA-BOSCAME/qwen3-0.6b/model/build/model-lib/libqwen_triton.a(rmsnorm_16x128.kernel.o):(.eh_frame)
             438              438        0     1                 $d
             480              480       48     8         /home/chh/gitprojects/buddy-mlir-for-fpga/examples/FPGA-BOSCAME/qwen3-0.6b/model/build/model-lib/libqwen_triton.a(rmsnorm_1x1024.kernel.o):(.eh_frame)
             480              480        0     1                 $d
             4c8              4c8       48     8         /home/chh/gitprojects/buddy-mlir-for-fpga/examples/FPGA-BOSCAME/qwen3-0.6b/model/build/model-lib/libqwen_triton.a(rmsnorm_256x128.kernel.o):(.eh_frame)
             4c8              4c8        0     1                 $d
             510              510       48     8         /home/chh/gitprojects/buddy-mlir-for-fpga/examples/FPGA-BOSCAME/qwen3-0.6b/model/build/model-lib/libqwen_triton.a(rmsnorm_8x128.kernel.o):(.eh_frame)
             510              510        0     1                 $d
             558              558       60     8         /home/chh/gitprojects/buddy-mlir-for-fpga/examples/FPGA-BOSCAME/qwen3-0.6b/model/build/model-lib/libqwen_triton.a(silu_16x3072.kernel.o):(.eh_frame)
             558              558        0     1                 $d
             5b8              5b8       60     8         /home/chh/gitprojects/buddy-mlir-for-fpga/examples/FPGA-BOSCAME/qwen3-0.6b/model/build/model-lib/libqwen_triton.a(silu_1x3072.kernel.o):(.eh_frame)
             5b8              5b8        0     1                 $d
               0                0      9d8     8 .rela.eh_frame
               0                0       78     8         /home/chh/gitprojects/buddy-mlir-for-fpga/examples/FPGA-BOSCAME/qwen3-0.6b/model/build/model-lib/libqwen_triton.a(embedding_16x1024.kernel.o):(.rela.eh_frame)
              78               78       78     8         /home/chh/gitprojects/buddy-mlir-for-fpga/examples/FPGA-BOSCAME/qwen3-0.6b/model/build/model-lib/libqwen_triton.a(embedding_1x1024.kernel.o):(.rela.eh_frame)
              f0               f0       78     8         /home/chh/gitprojects/buddy-mlir-for-fpga/examples/FPGA-BOSCAME/qwen3-0.6b/model/build/model-lib/libqwen_triton.a(matmul_16x1024x1024_f32.kernel.o):(.rela.eh_frame)
             168              168       78     8         /home/chh/gitprojects/buddy-mlir-for-fpga/examples/FPGA-BOSCAME/qwen3-0.6b/model/build/model-lib/libqwen_triton.a(matmul_16x1024x2048_f32.kernel.o):(.rela.eh_frame)
             1e0              1e0       78     8         /home/chh/gitprojects/buddy-mlir-for-fpga/examples/FPGA-BOSCAME/qwen3-0.6b/model/build/model-lib/libqwen_triton.a(matmul_16x1024x3072_f32.kernel.o):(.rela.eh_frame)
             258              258       78     8         /home/chh/gitprojects/buddy-mlir-for-fpga/examples/FPGA-BOSCAME/qwen3-0.6b/model/build/model-lib/libqwen_triton.a(matmul_16x2048x1024_f32.kernel.o):(.rela.eh_frame)
             2d0              2d0       78     8         /home/chh/gitprojects/buddy-mlir-for-fpga/examples/FPGA-BOSCAME/qwen3-0.6b/model/build/model-lib/libqwen_triton.a(matmul_16x3072x1024_f32.kernel.o):(.rela.eh_frame)
             348              348       78     8         /home/chh/gitprojects/buddy-mlir-for-fpga/examples/FPGA-BOSCAME/qwen3-0.6b/model/build/model-lib/libqwen_triton.a(matmul_1x1024x1024_f32.kernel.o):(.rela.eh_frame)
             3c0              3c0       78     8         /home/chh/gitprojects/buddy-mlir-for-fpga/examples/FPGA-BOSCAME/qwen3-0.6b/model/build/model-lib/libqwen_triton.a(matmul_1x1024x2048_f32.kernel.o):(.rela.eh_frame)
             438              438       78     8         /home/chh/gitprojects/buddy-mlir-for-fpga/examples/FPGA-BOSCAME/qwen3-0.6b/model/build/model-lib/libqwen_triton.a(matmul_1x1024x3072_f32.kernel.o):(.rela.eh_frame)
             4b0              4b0       78     8         /home/chh/gitprojects/buddy-mlir-for-fpga/examples/FPGA-BOSCAME/qwen3-0.6b/model/build/model-lib/libqwen_triton.a(matmul_1x151936x1024_f32.kernel.o):(.rela.eh_frame)
             528              528       78     8         /home/chh/gitprojects/buddy-mlir-for-fpga/examples/FPGA-BOSCAME/qwen3-0.6b/model/build/model-lib/libqwen_triton.a(matmul_1x2048x1024_f32.kernel.o):(.rela.eh_frame)
             5a0              5a0       78     8         /home/chh/gitprojects/buddy-mlir-for-fpga/examples/FPGA-BOSCAME/qwen3-0.6b/model/build/model-lib/libqwen_triton.a(matmul_1x3072x1024_f32.kernel.o):(.rela.eh_frame)
             618              618       78     8         /home/chh/gitprojects/buddy-mlir-for-fpga/examples/FPGA-BOSCAME/qwen3-0.6b/model/build/model-lib/libqwen_triton.a(rmsnorm_128x128.kernel.o):(.rela.eh_frame)
             690              690       78     8         /home/chh/gitprojects/buddy-mlir-for-fpga/examples/FPGA-BOSCAME/qwen3-0.6b/model/build/model-lib/libqwen_triton.a(rmsnorm_16x1024.kernel.o):(.rela.eh_frame)
             708              708       78     8         /home/chh/gitprojects/buddy-mlir-for-fpga/examples/FPGA-BOSCAME/qwen3-0.6b/model/build/model-lib/libqwen_triton.a(rmsnorm_16x128.kernel.o):(.rela.eh_frame)
             780              780       78     8         /home/chh/gitprojects/buddy-mlir-for-fpga/examples/FPGA-BOSCAME/qwen3-0.6b/model/build/model-lib/libqwen_triton.a(rmsnorm_1x1024.kernel.o):(.rela.eh_frame)
             7f8              7f8       78     8         /home/chh/gitprojects/buddy-mlir-for-fpga/examples/FPGA-BOSCAME/qwen3-0.6b/model/build/model-lib/libqwen_triton.a(rmsnorm_256x128.kernel.o):(.rela.eh_frame)
             870              870       78     8         /home/chh/gitprojects/buddy-mlir-for-fpga/examples/FPGA-BOSCAME/qwen3-0.6b/model/build/model-lib/libqwen_triton.a(rmsnorm_8x128.kernel.o):(.rela.eh_frame)
             8e8              8e8       78     8         /home/chh/gitprojects/buddy-mlir-for-fpga/examples/FPGA-BOSCAME/qwen3-0.6b/model/build/model-lib/libqwen_triton.a(silu_16x3072.kernel.o):(.rela.eh_frame)
             960              960       78     8         /home/chh/gitprojects/buddy-mlir-for-fpga/examples/FPGA-BOSCAME/qwen3-0.6b/model/build/model-lib/libqwen_triton.a(silu_1x3072.kernel.o):(.rela.eh_frame)
               0                0       56     2 .text._mlir_ciface_kernel_embedding_1x1024
               0                0       56     2         /home/chh/gitprojects/buddy-mlir-for-fpga/examples/FPGA-BOSCAME/qwen3-0.6b/model/build/model-lib/libqwen_triton.a(embedding_1x1024.adapter.o):(.text._mlir_ciface_kernel_embedding_1x1024)
               0                0        0     1                 $xrv64i2p1_m2p0_a2p1_f2p2_d2p2_c2p0_zicbom1p0_zicsr2p0_zifencei2p0_zmmul1p0_zaamo1p0_zalrsc1p0_zca1p0_zcd1p0
               0                0       56     1                 _mlir_ciface_kernel_embedding_1x1024
               0                0       30     8 .rela.text._mlir_ciface_kernel_embedding_1x1024
               0                0       30     8         /home/chh/gitprojects/buddy-mlir-for-fpga/examples/FPGA-BOSCAME/qwen3-0.6b/model/build/model-lib/libqwen_triton.a(embedding_1x1024.adapter.o):(.rela.text._mlir_ciface_kernel_embedding_1x1024)
               0                0       70     2 .text._mlir_ciface_kernel_matmul_16x1024x1024_f32
               0                0       70     2         /home/chh/gitprojects/buddy-mlir-for-fpga/examples/FPGA-BOSCAME/qwen3-0.6b/model/build/model-lib/libqwen_triton.a(matmul_16x1024x1024_f32.adapter.o):(.text._mlir_ciface_kernel_matmul_16x1024x1024_f32)
               0                0        0     1                 $xrv64i2p1_m2p0_a2p1_f2p2_d2p2_c2p0_zicbom1p0_zicsr2p0_zifencei2p0_zmmul1p0_zaamo1p0_zalrsc1p0_zca1p0_zcd1p0
               0                0       70     1                 _mlir_ciface_kernel_matmul_16x1024x1024_f32
              3c               3c        0     1                 .L0 
               0                0       48     8 .rela.text._mlir_ciface_kernel_matmul_16x1024x1024_f32
               0                0       48     8         /home/chh/gitprojects/buddy-mlir-for-fpga/examples/FPGA-BOSCAME/qwen3-0.6b/model/build/model-lib/libqwen_triton.a(matmul_16x1024x1024_f32.adapter.o):(.rela.text._mlir_ciface_kernel_matmul_16x1024x1024_f32)
               0                0       70     2 .text._mlir_ciface_kernel_matmul_16x1024x2048_f32
               0                0       70     2         /home/chh/gitprojects/buddy-mlir-for-fpga/examples/FPGA-BOSCAME/qwen3-0.6b/model/build/model-lib/libqwen_triton.a(matmul_16x1024x2048_f32.adapter.o):(.text._mlir_ciface_kernel_matmul_16x1024x2048_f32)
               0                0        0     1                 $xrv64i2p1_m2p0_a2p1_f2p2_d2p2_c2p0_zicbom1p0_zicsr2p0_zifencei2p0_zmmul1p0_zaamo1p0_zalrsc1p0_zca1p0_zcd1p0
               0                0       70     1                 _mlir_ciface_kernel_matmul_16x1024x2048_f32
              3c               3c        0     1                 .L0 
               0                0       48     8 .rela.text._mlir_ciface_kernel_matmul_16x1024x2048_f32
               0                0       48     8         /home/chh/gitprojects/buddy-mlir-for-fpga/examples/FPGA-BOSCAME/qwen3-0.6b/model/build/model-lib/libqwen_triton.a(matmul_16x1024x2048_f32.adapter.o):(.rela.text._mlir_ciface_kernel_matmul_16x1024x2048_f32)
               0                0       70     2 .text._mlir_ciface_kernel_matmul_16x1024x3072_f32
               0                0       70     2         /home/chh/gitprojects/buddy-mlir-for-fpga/examples/FPGA-BOSCAME/qwen3-0.6b/model/build/model-lib/libqwen_triton.a(matmul_16x1024x3072_f32.adapter.o):(.text._mlir_ciface_kernel_matmul_16x1024x3072_f32)
               0                0        0     1                 $xrv64i2p1_m2p0_a2p1_f2p2_d2p2_c2p0_zicbom1p0_zicsr2p0_zifencei2p0_zmmul1p0_zaamo1p0_zalrsc1p0_zca1p0_zcd1p0
               0                0       70     1                 _mlir_ciface_kernel_matmul_16x1024x3072_f32
              3c               3c        0     1                 .L0 
               0                0       48     8 .rela.text._mlir_ciface_kernel_matmul_16x1024x3072_f32
               0                0       48     8         /home/chh/gitprojects/buddy-mlir-for-fpga/examples/FPGA-BOSCAME/qwen3-0.6b/model/build/model-lib/libqwen_triton.a(matmul_16x1024x3072_f32.adapter.o):(.rela.text._mlir_ciface_kernel_matmul_16x1024x3072_f32)
               0                0       70     2 .text._mlir_ciface_kernel_matmul_16x2048x1024_f32
               0                0       70     2         /home/chh/gitprojects/buddy-mlir-for-fpga/examples/FPGA-BOSCAME/qwen3-0.6b/model/build/model-lib/libqwen_triton.a(matmul_16x2048x1024_f32.adapter.o):(.text._mlir_ciface_kernel_matmul_16x2048x1024_f32)
               0                0        0     1                 $xrv64i2p1_m2p0_a2p1_f2p2_d2p2_c2p0_zicbom1p0_zicsr2p0_zifencei2p0_zmmul1p0_zaamo1p0_zalrsc1p0_zca1p0_zcd1p0
               0                0       70     1                 _mlir_ciface_kernel_matmul_16x2048x1024_f32
              3c               3c        0     1                 .L0 
               0                0       48     8 .rela.text._mlir_ciface_kernel_matmul_16x2048x1024_f32
               0                0       48     8         /home/chh/gitprojects/buddy-mlir-for-fpga/examples/FPGA-BOSCAME/qwen3-0.6b/model/build/model-lib/libqwen_triton.a(matmul_16x2048x1024_f32.adapter.o):(.rela.text._mlir_ciface_kernel_matmul_16x2048x1024_f32)
               0                0       70     2 .text._mlir_ciface_kernel_matmul_16x3072x1024_f32
               0                0       70     2         /home/chh/gitprojects/buddy-mlir-for-fpga/examples/FPGA-BOSCAME/qwen3-0.6b/model/build/model-lib/libqwen_triton.a(matmul_16x3072x1024_f32.adapter.o):(.text._mlir_ciface_kernel_matmul_16x3072x1024_f32)
               0                0        0     1                 $xrv64i2p1_m2p0_a2p1_f2p2_d2p2_c2p0_zicbom1p0_zicsr2p0_zifencei2p0_zmmul1p0_zaamo1p0_zalrsc1p0_zca1p0_zcd1p0
               0                0       70     1                 _mlir_ciface_kernel_matmul_16x3072x1024_f32
              3c               3c        0     1                 .L0 
               0                0       48     8 .rela.text._mlir_ciface_kernel_matmul_16x3072x1024_f32
               0                0       48     8         /home/chh/gitprojects/buddy-mlir-for-fpga/examples/FPGA-BOSCAME/qwen3-0.6b/model/build/model-lib/libqwen_triton.a(matmul_16x3072x1024_f32.adapter.o):(.rela.text._mlir_ciface_kernel_matmul_16x3072x1024_f32)
               0                0       70     2 .text._mlir_ciface_kernel_matmul_1x1024x1024_f32
               0                0       70     2         /home/chh/gitprojects/buddy-mlir-for-fpga/examples/FPGA-BOSCAME/qwen3-0.6b/model/build/model-lib/libqwen_triton.a(matmul_1x1024x1024_f32.adapter.o):(.text._mlir_ciface_kernel_matmul_1x1024x1024_f32)
               0                0        0     1                 $xrv64i2p1_m2p0_a2p1_f2p2_d2p2_c2p0_zicbom1p0_zicsr2p0_zifencei2p0_zmmul1p0_zaamo1p0_zalrsc1p0_zca1p0_zcd1p0
               0                0       70     1                 _mlir_ciface_kernel_matmul_1x1024x1024_f32
              3c               3c        0     1                 .L0 
               0                0       48     8 .rela.text._mlir_ciface_kernel_matmul_1x1024x1024_f32
               0                0       48     8         /home/chh/gitprojects/buddy-mlir-for-fpga/examples/FPGA-BOSCAME/qwen3-0.6b/model/build/model-lib/libqwen_triton.a(matmul_1x1024x1024_f32.adapter.o):(.rela.text._mlir_ciface_kernel_matmul_1x1024x1024_f32)
               0                0       70     2 .text._mlir_ciface_kernel_matmul_1x1024x2048_f32
               0                0       70     2         /home/chh/gitprojects/buddy-mlir-for-fpga/examples/FPGA-BOSCAME/qwen3-0.6b/model/build/model-lib/libqwen_triton.a(matmul_1x1024x2048_f32.adapter.o):(.text._mlir_ciface_kernel_matmul_1x1024x2048_f32)
               0                0        0     1                 $xrv64i2p1_m2p0_a2p1_f2p2_d2p2_c2p0_zicbom1p0_zicsr2p0_zifencei2p0_zmmul1p0_zaamo1p0_zalrsc1p0_zca1p0_zcd1p0
               0                0       70     1                 _mlir_ciface_kernel_matmul_1x1024x2048_f32
              3c               3c        0     1                 .L0 
               0                0       48     8 .rela.text._mlir_ciface_kernel_matmul_1x1024x2048_f32
               0                0       48     8         /home/chh/gitprojects/buddy-mlir-for-fpga/examples/FPGA-BOSCAME/qwen3-0.6b/model/build/model-lib/libqwen_triton.a(matmul_1x1024x2048_f32.adapter.o):(.rela.text._mlir_ciface_kernel_matmul_1x1024x2048_f32)
               0                0       70     2 .text._mlir_ciface_kernel_matmul_1x1024x3072_f32
               0                0       70     2         /home/chh/gitprojects/buddy-mlir-for-fpga/examples/FPGA-BOSCAME/qwen3-0.6b/model/build/model-lib/libqwen_triton.a(matmul_1x1024x3072_f32.adapter.o):(.text._mlir_ciface_kernel_matmul_1x1024x3072_f32)
               0                0        0     1                 $xrv64i2p1_m2p0_a2p1_f2p2_d2p2_c2p0_zicbom1p0_zicsr2p0_zifencei2p0_zmmul1p0_zaamo1p0_zalrsc1p0_zca1p0_zcd1p0
               0                0       70     1                 _mlir_ciface_kernel_matmul_1x1024x3072_f32
              3c               3c        0     1                 .L0 
               0                0       48     8 .rela.text._mlir_ciface_kernel_matmul_1x1024x3072_f32
               0                0       48     8         /home/chh/gitprojects/buddy-mlir-for-fpga/examples/FPGA-BOSCAME/qwen3-0.6b/model/build/model-lib/libqwen_triton.a(matmul_1x1024x3072_f32.adapter.o):(.rela.text._mlir_ciface_kernel_matmul_1x1024x3072_f32)
               0                0       70     2 .text._mlir_ciface_kernel_matmul_1x151936x1024_f32
               0                0       70     2         /home/chh/gitprojects/buddy-mlir-for-fpga/examples/FPGA-BOSCAME/qwen3-0.6b/model/build/model-lib/libqwen_triton.a(matmul_1x151936x1024_f32.adapter.o):(.text._mlir_ciface_kernel_matmul_1x151936x1024_f32)
               0                0        0     1                 $xrv64i2p1_m2p0_a2p1_f2p2_d2p2_c2p0_zicbom1p0_zicsr2p0_zifencei2p0_zmmul1p0_zaamo1p0_zalrsc1p0_zca1p0_zcd1p0
               0                0       70     1                 _mlir_ciface_kernel_matmul_1x151936x1024_f32
              3e               3e        0     1                 .L0 
               0                0       48     8 .rela.text._mlir_ciface_kernel_matmul_1x151936x1024_f32
               0                0       48     8         /home/chh/gitprojects/buddy-mlir-for-fpga/examples/FPGA-BOSCAME/qwen3-0.6b/model/build/model-lib/libqwen_triton.a(matmul_1x151936x1024_f32.adapter.o):(.rela.text._mlir_ciface_kernel_matmul_1x151936x1024_f32)
               0                0       70     2 .text._mlir_ciface_kernel_matmul_1x2048x1024_f32
               0                0       70     2         /home/chh/gitprojects/buddy-mlir-for-fpga/examples/FPGA-BOSCAME/qwen3-0.6b/model/build/model-lib/libqwen_triton.a(matmul_1x2048x1024_f32.adapter.o):(.text._mlir_ciface_kernel_matmul_1x2048x1024_f32)
               0                0        0     1                 $xrv64i2p1_m2p0_a2p1_f2p2_d2p2_c2p0_zicbom1p0_zicsr2p0_zifencei2p0_zmmul1p0_zaamo1p0_zalrsc1p0_zca1p0_zcd1p0
               0                0       70     1                 _mlir_ciface_kernel_matmul_1x2048x1024_f32
              3c               3c        0     1                 .L0 
               0                0       48     8 .rela.text._mlir_ciface_kernel_matmul_1x2048x1024_f32
               0                0       48     8         /home/chh/gitprojects/buddy-mlir-for-fpga/examples/FPGA-BOSCAME/qwen3-0.6b/model/build/model-lib/libqwen_triton.a(matmul_1x2048x1024_f32.adapter.o):(.rela.text._mlir_ciface_kernel_matmul_1x2048x1024_f32)
               0                0       70     2 .text._mlir_ciface_kernel_matmul_1x3072x1024_f32
               0                0       70     2         /home/chh/gitprojects/buddy-mlir-for-fpga/examples/FPGA-BOSCAME/qwen3-0.6b/model/build/model-lib/libqwen_triton.a(matmul_1x3072x1024_f32.adapter.o):(.text._mlir_ciface_kernel_matmul_1x3072x1024_f32)
               0                0        0     1                 $xrv64i2p1_m2p0_a2p1_f2p2_d2p2_c2p0_zicbom1p0_zicsr2p0_zifencei2p0_zmmul1p0_zaamo1p0_zalrsc1p0_zca1p0_zcd1p0
               0                0       70     1                 _mlir_ciface_kernel_matmul_1x3072x1024_f32
              3c               3c        0     1                 .L0 
               0                0       48     8 .rela.text._mlir_ciface_kernel_matmul_1x3072x1024_f32
               0                0       48     8         /home/chh/gitprojects/buddy-mlir-for-fpga/examples/FPGA-BOSCAME/qwen3-0.6b/model/build/model-lib/libqwen_triton.a(matmul_1x3072x1024_f32.adapter.o):(.rela.text._mlir_ciface_kernel_matmul_1x3072x1024_f32)
               0                0       82     2 .text._mlir_ciface_kernel_rmsnorm_128x128
               0                0       82     2         /home/chh/gitprojects/buddy-mlir-for-fpga/examples/FPGA-BOSCAME/qwen3-0.6b/model/build/model-lib/libqwen_triton.a(rmsnorm_128x128.adapter.o):(.text._mlir_ciface_kernel_rmsnorm_128x128)
               0                0        0     1                 $xrv64i2p1_m2p0_a2p1_f2p2_d2p2_c2p0_zicbom1p0_zicsr2p0_zifencei2p0_zmmul1p0_zaamo1p0_zalrsc1p0_zca1p0_zcd1p0
               0                0       82     1                 _mlir_ciface_kernel_rmsnorm_128x128
              4a               4a        0     1                 .L0 
               0                0       48     8 .rela.text._mlir_ciface_kernel_rmsnorm_128x128
               0                0       48     8         /home/chh/gitprojects/buddy-mlir-for-fpga/examples/FPGA-BOSCAME/qwen3-0.6b/model/build/model-lib/libqwen_triton.a(rmsnorm_128x128.adapter.o):(.rela.text._mlir_ciface_kernel_rmsnorm_128x128)
               0                0       80     2 .text._mlir_ciface_kernel_rmsnorm_16x1024
               0                0       80     2         /home/chh/gitprojects/buddy-mlir-for-fpga/examples/FPGA-BOSCAME/qwen3-0.6b/model/build/model-lib/libqwen_triton.a(rmsnorm_16x1024.adapter.o):(.text._mlir_ciface_kernel_rmsnorm_16x1024)
               0                0        0     1                 $xrv64i2p1_m2p0_a2p1_f2p2_d2p2_c2p0_zicbom1p0_zicsr2p0_zifencei2p0_zmmul1p0_zaamo1p0_zalrsc1p0_zca1p0_zcd1p0
               0                0       80     1                 _mlir_ciface_kernel_rmsnorm_16x1024
              48               48        0     1                 .L0 
               0                0       48     8 .rela.text._mlir_ciface_kernel_rmsnorm_16x1024
               0                0       48     8         /home/chh/gitprojects/buddy-mlir-for-fpga/examples/FPGA-BOSCAME/qwen3-0.6b/model/build/model-lib/libqwen_triton.a(rmsnorm_16x1024.adapter.o):(.rela.text._mlir_ciface_kernel_rmsnorm_16x1024)
               0                0       80     2 .text._mlir_ciface_kernel_rmsnorm_16x128
               0                0       80     2         /home/chh/gitprojects/buddy-mlir-for-fpga/examples/FPGA-BOSCAME/qwen3-0.6b/model/build/model-lib/libqwen_triton.a(rmsnorm_16x128.adapter.o):(.text._mlir_ciface_kernel_rmsnorm_16x128)
               0                0        0     1                 $xrv64i2p1_m2p0_a2p1_f2p2_d2p2_c2p0_zicbom1p0_zicsr2p0_zifencei2p0_zmmul1p0_zaamo1p0_zalrsc1p0_zca1p0_zcd1p0
               0                0       80     1                 _mlir_ciface_kernel_rmsnorm_16x128
              48               48        0     1                 .L0 
               0                0       48     8 .rela.text._mlir_ciface_kernel_rmsnorm_16x128
               0                0       48     8         /home/chh/gitprojects/buddy-mlir-for-fpga/examples/FPGA-BOSCAME/qwen3-0.6b/model/build/model-lib/libqwen_triton.a(rmsnorm_16x128.adapter.o):(.rela.text._mlir_ciface_kernel_rmsnorm_16x128)
               0                0       6a     2 .text._mlir_ciface_kernel_rmsnorm_1x1024
               0                0       6a     2         /home/chh/gitprojects/buddy-mlir-for-fpga/examples/FPGA-BOSCAME/qwen3-0.6b/model/build/model-lib/libqwen_triton.a(rmsnorm_1x1024.adapter.o):(.text._mlir_ciface_kernel_rmsnorm_1x1024)
               0                0        0     1                 $xrv64i2p1_m2p0_a2p1_f2p2_d2p2_c2p0_zicbom1p0_zicsr2p0_zifencei2p0_zmmul1p0_zaamo1p0_zalrsc1p0_zca1p0_zcd1p0
               0                0       6a     1                 _mlir_ciface_kernel_rmsnorm_1x1024
               0                0       30     8 .rela.text._mlir_ciface_kernel_rmsnorm_1x1024
               0                0       30     8         /home/chh/gitprojects/buddy-mlir-for-fpga/examples/FPGA-BOSCAME/qwen3-0.6b/model/build/model-lib/libqwen_triton.a(rmsnorm_1x1024.adapter.o):(.rela.text._mlir_ciface_kernel_rmsnorm_1x1024)
               0                0       82     2 .text._mlir_ciface_kernel_rmsnorm_256x128
               0                0       82     2         /home/chh/gitprojects/buddy-mlir-for-fpga/examples/FPGA-BOSCAME/qwen3-0.6b/model/build/model-lib/libqwen_triton.a(rmsnorm_256x128.adapter.o):(.text._mlir_ciface_kernel_rmsnorm_256x128)
               0                0        0     1                 $xrv64i2p1_m2p0_a2p1_f2p2_d2p2_c2p0_zicbom1p0_zicsr2p0_zifencei2p0_zmmul1p0_zaamo1p0_zalrsc1p0_zca1p0_zcd1p0
               0                0       82     1                 _mlir_ciface_kernel_rmsnorm_256x128
              4a               4a        0     1                 .L0 
               0                0       48     8 .rela.text._mlir_ciface_kernel_rmsnorm_256x128
               0                0       48     8         /home/chh/gitprojects/buddy-mlir-for-fpga/examples/FPGA-BOSCAME/qwen3-0.6b/model/build/model-lib/libqwen_triton.a(rmsnorm_256x128.adapter.o):(.rela.text._mlir_ciface_kernel_rmsnorm_256x128)
               0                0      18a     2 .text._mlir_ciface_kernel_rmsnorm_8x128
               0                0      18a     2         /home/chh/gitprojects/buddy-mlir-for-fpga/examples/FPGA-BOSCAME/qwen3-0.6b/model/build/model-lib/libqwen_triton.a(rmsnorm_8x128.adapter.o):(.text._mlir_ciface_kernel_rmsnorm_8x128)
               0                0        0     1                 $xrv64i2p1_m2p0_a2p1_f2p2_d2p2_c2p0_zicbom1p0_zicsr2p0_zifencei2p0_zmmul1p0_zaamo1p0_zalrsc1p0_zca1p0_zcd1p0
               0                0      18a     1                 _mlir_ciface_kernel_rmsnorm_8x128
               0                0      180     8 .rela.text._mlir_ciface_kernel_rmsnorm_8x128
               0                0      180     8         /home/chh/gitprojects/buddy-mlir-for-fpga/examples/FPGA-BOSCAME/qwen3-0.6b/model/build/model-lib/libqwen_triton.a(rmsnorm_8x128.adapter.o):(.rela.text._mlir_ciface_kernel_rmsnorm_8x128)
               0                0       58     2 .text._mlir_ciface_kernel_silu_16x3072
               0                0       58     2         /home/chh/gitprojects/buddy-mlir-for-fpga/examples/FPGA-BOSCAME/qwen3-0.6b/model/build/model-lib/libqwen_triton.a(silu_16x3072.adapter.o):(.text._mlir_ciface_kernel_silu_16x3072)
               0                0        0     1                 $xrv64i2p1_m2p0_a2p1_f2p2_d2p2_c2p0_zicbom1p0_zicsr2p0_zifencei2p0_zmmul1p0_zaamo1p0_zalrsc1p0_zca1p0_zcd1p0
               0                0       58     1                 _mlir_ciface_kernel_silu_16x3072
              2a               2a        0     1                 .L0 
               0                0       48     8 .rela.text._mlir_ciface_kernel_silu_16x3072
               0                0       48     8         /home/chh/gitprojects/buddy-mlir-for-fpga/examples/FPGA-BOSCAME/qwen3-0.6b/model/build/model-lib/libqwen_triton.a(silu_16x3072.adapter.o):(.rela.text._mlir_ciface_kernel_silu_16x3072)
               0                0       54     2 .text._mlir_ciface_kernel_silu_1x3072
               0                0       54     2         /home/chh/gitprojects/buddy-mlir-for-fpga/examples/FPGA-BOSCAME/qwen3-0.6b/model/build/model-lib/libqwen_triton.a(silu_1x3072.adapter.o):(.text._mlir_ciface_kernel_silu_1x3072)
               0                0        0     1                 $xrv64i2p1_m2p0_a2p1_f2p2_d2p2_c2p0_zicbom1p0_zicsr2p0_zifencei2p0_zmmul1p0_zaamo1p0_zalrsc1p0_zca1p0_zcd1p0
               0                0       54     1                 _mlir_ciface_kernel_silu_1x3072
              28               28        0     1                 .L0 
               0                0       48     8 .rela.text._mlir_ciface_kernel_silu_1x3072
               0                0       48     8         /home/chh/gitprojects/buddy-mlir-for-fpga/examples/FPGA-BOSCAME/qwen3-0.6b/model/build/model-lib/libqwen_triton.a(silu_1x3072.adapter.o):(.rela.text._mlir_ciface_kernel_silu_1x3072)
               0                0        0     1 .note.GNU-stack
               0                0        0     1         <internal>:(.note.GNU-stack)
               0                0     3b40     8 .symtab
               0                0     3b40     8         <internal>:(.symtab)
               0                0      87d     1 .shstrtab
               0                0      87d     1         <internal>:(.shstrtab)
               0                0     36d6     1 .strtab
               0                0     36d6     1         <internal>:(.strtab)
