             VMA              LMA     Size Align Out     In      Symbol
               0                0     1d8e     2 .text
               0                0       b6     2         build/model-archive/model-link-probe.o:(.text)
               0                0        0     1                 $xrv64i2p1_m2p0_a2p1_f2p2_d2p2_c2p0_zicsr2p0_zifencei2p0_zmmul1p0_zaamo1p0_zalrsc1p0_zca1p0_zcd1p0
               0                0       b6     1                 qwen_model_archive_link_probe
              b6               b6        0     2         build/model-archive/libqwen_triton.a(attention_pv_16x16x128x512.adapter.o):(.text)
              b6               b6      4ec     2         build/model-archive/libqwen_triton.a(attention_pv_16x16x128x512.kernel.o):(.text)
              b6               b6        0     1                 .L0 
              b6               b6        0     1                 $xrv64i2p1_m2p0_a2p1_f2p2_d2p2_c2p0_v1p0_zicbom1p0_zicsr2p0_zifencei2p0_zmmul1p0_zaamo1p0_zalrsc1p0_zca1p0_zcd1p0_zve32f1p0_zve32x1p0_zve64d1p0_zve64f1p0_zve64x1p0_zvl128b1p0_zvl256b1p0_zvl32b1p0_zvl512b1p0_zvl64b1p0
              b6               b6      4ec     1                 triton_attention_pv_16x16x128x512
              f2               f2        0     1                 .L0 
             114              114        0     1                 .LBB0_1
             11a              11a        0     1                 .LBB0_2
             138              138        0     1                 .LBB0_5
             1a0              1a0        0     1                 .LBB0_6
             1a2              1a2        0     1                 .LBB0_7
             1b6              1b6        0     1                 .LBB0_10
             1bc              1bc        0     1                 .LBB0_12
             1d0              1d0        0     1                 .LBB0_14
             1d8              1d8        0     1                 .LBB0_15
             1da              1da        0     1                 .LBB0_16
             1ea              1ea        0     1                 .LBB0_18
             1fc              1fc        0     1                 .LBB0_19
             202              202        0     1                 .LBB0_20
             220              220        0     1                 .LBB0_23
             22c              22c        0     1                 .LBB0_24
             234              234        0     1                 .LBB0_25
             25e              25e        0     1                 .LBB0_28
             26e              26e        0     1                 .LBB0_30
             274              274        0     1                 .LBB0_32
             280              280        0     1                 .LBB0_34
             296              296        0     1                 .LBB0_35
             29c              29c        0     1                 .LBB0_36
             2ba              2ba        0     1                 .LBB0_39
             2c4              2c4        0     1                 .LBB0_40
             2ce              2ce        0     1                 .LBB0_41
             2f8              2f8        0     1                 .LBB0_44
             310              310        0     1                 .LBB0_45
             374              374        0     1                 .LBB0_46
             486              486        0     1                 .LBB0_49
             48c              48c        0     1                 .LBB0_50
             492              492        0     1                 .LBB0_51
             4c0              4c0        0     1                 .LBB0_54
             4c8              4c8        0     1                 .LBB0_55
             4d4              4d4        0     1                 .LBB0_56
             4e2              4e2        0     1                 .LBB0_58
             4e8              4e8        0     1                 .LBB0_60
             4f8              4f8        0     1                 .LBB0_62
             502              502        0     1                 .LBB0_64
             512              512        0     1                 .LBB0_66
             51a              51a        0     1                 .LBB0_68
             530              530        0     1                 .LBB0_69
             53a              53a        0     1                 .LBB0_70
             564              564        0     1                 .LBB0_73
             568              568        0     1                 .L0 
             5a2              5a2        0     1                 .L0 
             5a2              5a2        0     2         build/model-archive/libqwen_triton.a(attention_pv_16x1x128x512.adapter.o):(.text)
             5a2              5a2      33a     2         build/model-archive/libqwen_triton.a(attention_pv_16x1x128x512.kernel.o):(.text)
             5a2              5a2        0     1                 .L0 
             5a2              5a2        0     1                 $xrv64i2p1_m2p0_a2p1_f2p2_d2p2_c2p0_v1p0_zicbom1p0_zicsr2p0_zifencei2p0_zmmul1p0_zaamo1p0_zalrsc1p0_zca1p0_zcd1p0_zve32f1p0_zve32x1p0_zve64d1p0_zve64f1p0_zve64x1p0_zvl128b1p0_zvl256b1p0_zvl32b1p0_zvl512b1p0_zvl64b1p0
             5a2              5a2      33a     1                 triton_attention_pv_16x1x128x512
             5c0              5c0        0     1                 .L0 
             5e6              5e6        0     1                 .LBB0_1
             5ec              5ec        0     1                 .LBB0_2
             60a              60a        0     1                 .LBB0_5
             670              670        0     1                 .LBB0_6
             672              672        0     1                 .LBB0_7
             68c              68c        0     1                 .LBB0_10
             692              692        0     1                 .LBB0_12
             6aa              6aa        0     1                 .LBB0_13
             6b0              6b0        0     1                 .LBB0_14
             6ce              6ce        0     1                 .LBB0_17
             6d8              6d8        0     1                 .LBB0_18
             6de              6de        0     1                 .LBB0_19
             704              704        0     1                 .LBB0_22
             714              714        0     1                 .LBB0_24
             71c              71c        0     1                 .LBB0_25
             720              720        0     1                 .LBB0_26
             72c              72c        0     1                 .LBB0_28
             742              742        0     1                 .LBB0_29
             748              748        0     1                 .LBB0_30
             766              766        0     1                 .LBB0_33
             770              770        0     1                 .LBB0_34
             77a              77a        0     1                 .LBB0_35
             7a4              7a4        0     1                 .LBB0_38
             7f6              7f6        0     1                 .LBB0_40
             808              808        0     1                 .LBB0_41
             80e              80e        0     1                 .LBB0_42
             83c              83c        0     1                 .LBB0_45
             844              844        0     1                 .LBB0_46
             850              850        0     1                 .LBB0_47
             86c              86c        0     1                 .LBB0_49
             874              874        0     1                 .LBB0_51
             88e              88e        0     1                 .LBB0_52
             894              894        0     1                 .LBB0_53
             8ba              8ba        0     1                 .LBB0_56
             8be              8be        0     1                 .L0 
             8dc              8dc        0     1                 .L0 
             8dc              8dc        0     2         build/model-archive/libqwen_triton.a(attention_qk_16x16x512x128.adapter.o):(.text)
             8dc              8dc      4ea     2         build/model-archive/libqwen_triton.a(attention_qk_16x16x512x128.kernel.o):(.text)
             8dc              8dc        0     1                 .L0 
             8dc              8dc        0     1                 $xrv64i2p1_m2p0_a2p1_f2p2_d2p2_c2p0_v1p0_zicbom1p0_zicsr2p0_zifencei2p0_zmmul1p0_zaamo1p0_zalrsc1p0_zca1p0_zcd1p0_zve32f1p0_zve32x1p0_zve64d1p0_zve64f1p0_zve64x1p0_zvl128b1p0_zvl256b1p0_zvl32b1p0_zvl512b1p0_zvl64b1p0
             8dc              8dc      4ea     1                 triton_attention_qk_16x16x512x128
             918              918        0     1                 .L0 
             93a              93a        0     1                 .LBB0_1
             940              940        0     1                 .LBB0_2
             95e              95e        0     1                 .LBB0_5
             9c6              9c6        0     1                 .LBB0_6
             9c8              9c8        0     1                 .LBB0_7
             9dc              9dc        0     1                 .LBB0_10
             9e2              9e2        0     1                 .LBB0_12
             9f6              9f6        0     1                 .LBB0_14
             9fe              9fe        0     1                 .LBB0_15
             a00              a00        0     1                 .LBB0_16
             a10              a10        0     1                 .LBB0_18
             a22              a22        0     1                 .LBB0_19
             a28              a28        0     1                 .LBB0_20
             a46              a46        0     1                 .LBB0_23
             a52              a52        0     1                 .LBB0_24
             a5c              a5c        0     1                 .LBB0_25
             a86              a86        0     1                 .LBB0_28
             a96              a96        0     1                 .LBB0_30
             a9c              a9c        0     1                 .LBB0_32
             aa8              aa8        0     1                 .LBB0_34
             abe              abe        0     1                 .LBB0_35
             ac4              ac4        0     1                 .LBB0_36
             ae2              ae2        0     1                 .LBB0_39
             aec              aec        0     1                 .LBB0_40
             af4              af4        0     1                 .LBB0_41
             b1e              b1e        0     1                 .LBB0_44
             b36              b36        0     1                 .LBB0_45
             b9a              b9a        0     1                 .LBB0_46
             cac              cac        0     1                 .LBB0_49
             cb2              cb2        0     1                 .LBB0_50
             cb8              cb8        0     1                 .LBB0_51
             ce6              ce6        0     1                 .LBB0_54
             cee              cee        0     1                 .LBB0_55
             cfa              cfa        0     1                 .LBB0_56
             d08              d08        0     1                 .LBB0_58
             d0e              d0e        0     1                 .LBB0_60
             d1e              d1e        0     1                 .LBB0_62
             d28              d28        0     1                 .LBB0_64
             d38              d38        0     1                 .LBB0_66
             d40              d40        0     1                 .LBB0_68
             d56              d56        0     1                 .LBB0_69
             d5e              d5e        0     1                 .LBB0_70
             d88              d88        0     1                 .LBB0_73
             d8c              d8c        0     1                 .L0 
             dc6              dc6        0     1                 .L0 
             dc6              dc6        0     2         build/model-archive/libqwen_triton.a(attention_qk_16x1x512x128.adapter.o):(.text)
             dc6              dc6      33e     2         build/model-archive/libqwen_triton.a(attention_qk_16x1x512x128.kernel.o):(.text)
             dc6              dc6        0     1                 .L0 
             dc6              dc6        0     1                 $xrv64i2p1_m2p0_a2p1_f2p2_d2p2_c2p0_v1p0_zicbom1p0_zicsr2p0_zifencei2p0_zmmul1p0_zaamo1p0_zalrsc1p0_zca1p0_zcd1p0_zve32f1p0_zve32x1p0_zve64d1p0_zve64f1p0_zve64x1p0_zvl128b1p0_zvl256b1p0_zvl32b1p0_zvl512b1p0_zvl64b1p0
             dc6              dc6      33e     1                 triton_attention_qk_16x1x512x128
             de4              de4        0     1                 .L0 
             e0a              e0a        0     1                 .LBB0_1
             e10              e10        0     1                 .LBB0_2
             e2e              e2e        0     1                 .LBB0_5
             e94              e94        0     1                 .LBB0_6
             e96              e96        0     1                 .LBB0_7
             eb0              eb0        0     1                 .LBB0_10
             eb6              eb6        0     1                 .LBB0_12
             ece              ece        0     1                 .LBB0_13
             ed4              ed4        0     1                 .LBB0_14
             ef2              ef2        0     1                 .LBB0_17
             efc              efc        0     1                 .LBB0_18
             f02              f02        0     1                 .LBB0_19
             f28              f28        0     1                 .LBB0_22
             f38              f38        0     1                 .LBB0_24
             f40              f40        0     1                 .LBB0_25
             f44              f44        0     1                 .LBB0_26
             f50              f50        0     1                 .LBB0_28
             f66              f66        0     1                 .LBB0_29
             f6c              f6c        0     1                 .LBB0_30
             f8a              f8a        0     1                 .LBB0_33
             f96              f96        0     1                 .LBB0_34
             fa2              fa2        0     1                 .LBB0_35
             fcc              fcc        0     1                 .LBB0_38
            101e             101e        0     1                 .LBB0_40
            1030             1030        0     1                 .LBB0_41
            1036             1036        0     1                 .LBB0_42
            1064             1064        0     1                 .LBB0_45
            106c             106c        0     1                 .LBB0_46
            1078             1078        0     1                 .LBB0_47
            1094             1094        0     1                 .LBB0_49
            109c             109c        0     1                 .LBB0_51
            10b6             10b6        0     1                 .LBB0_52
            10bc             10bc        0     1                 .LBB0_53
            10e2             10e2        0     1                 .LBB0_56
            10e6             10e6        0     1                 .L0 
            1104             1104        0     1                 .L0 
            1104             1104        0     2         build/model-archive/libqwen_triton.a(attention_scale_mask_position_16x16x512.adapter.o):(.text)
            1104             1104      41a     2         build/model-archive/libqwen_triton.a(attention_scale_mask_position_16x16x512.kernel.o):(.text)
            1104             1104        0     1                 .L0 
            1104             1104        0     1                 $xrv64i2p1_m2p0_a2p1_f2p2_d2p2_c2p0_v1p0_zicbom1p0_zicsr2p0_zifencei2p0_zmmul1p0_zaamo1p0_zalrsc1p0_zca1p0_zcd1p0_zve32f1p0_zve32x1p0_zve64d1p0_zve64f1p0_zve64x1p0_zvl128b1p0_zvl256b1p0_zvl32b1p0_zvl512b1p0_zvl64b1p0
            1104             1104      41a     1                 triton_attention_scale_mask_position_16x16x512
            112c             112c        0     1                 .L0 
            115c             115c        0     1                 .LBB0_2
            1180             1180        0     1                 .LBB0_4
            11b2             11b2        0     1                 .LBB0_6
            11dc             11dc        0     1                 .LBB0_8
            1200             1200        0     1                 .LBB0_10
            1226             1226        0     1                 .LBB0_12
            1250             1250        0     1                 .LBB0_14
            1260             1260        0     1                 .LBB0_16
            1266             1266        0     1                 .LBB0_18
            1294             1294        0     1                 .LBB0_21
            12d4             12d4        0     1                 .LBB0_23
            12fc             12fc        0     1                 .LBB0_25
            1336             1336        0     1                 .LBB0_27
            1362             1362        0     1                 .LBB0_29
            138e             138e        0     1                 .LBB0_31
            13c8             13c8        0     1                 .LBB0_33
            13d4             13d4        0     1                 .LBB0_34
            13e0             13e0        0     1                 .LBB0_35
            1402             1402        0     1                 .LBB0_38
            1436             1436        0     1                 .LBB0_40
            1462             1462        0     1                 .LBB0_42
            146c             146c        0     1                 .LBB0_43
            1478             1478        0     1                 .LBB0_44
            1498             1498        0     1                 .LBB0_47
            14d4             14d4        0     1                 .LBB0_49
            14f4             14f4        0     1                 .LBB0_51
            14f8             14f8        0     1                 .L0 
            151e             151e        0     1                 .L0 
            151e             151e        0     2         build/model-archive/libqwen_triton.a(attention_scale_mask_position_16x1x512.adapter.o):(.text)
            151e             151e      330     2         build/model-archive/libqwen_triton.a(attention_scale_mask_position_16x1x512.kernel.o):(.text)
            151e             151e        0     1                 .L0 
            151e             151e        0     1                 $xrv64i2p1_m2p0_a2p1_f2p2_d2p2_c2p0_v1p0_zicbom1p0_zicsr2p0_zifencei2p0_zmmul1p0_zaamo1p0_zalrsc1p0_zca1p0_zcd1p0_zve32f1p0_zve32x1p0_zve64d1p0_zve64f1p0_zve64x1p0_zvl128b1p0_zvl256b1p0_zvl32b1p0_zvl512b1p0_zvl64b1p0
            151e             151e      330     1                 triton_attention_scale_mask_position_16x1x512
            153e             153e        0     1                 .L0 
            156e             156e        0     1                 .LBB0_2
            1592             1592        0     1                 .LBB0_4
            15c6             15c6        0     1                 .LBB0_6
            15ea             15ea        0     1                 .LBB0_8
            1610             1610        0     1                 .LBB0_10
            163a             163a        0     1                 .LBB0_12
            1646             1646        0     1                 .LBB0_14
            164c             164c        0     1                 .LBB0_16
            167a             167a        0     1                 .LBB0_19
            16ba             16ba        0     1                 .LBB0_21
            16e2             16e2        0     1                 .LBB0_23
            170e             170e        0     1                 .LBB0_25
            1730             1730        0     1                 .LBB0_27
            176e             176e        0     1                 .LBB0_29
            179a             179a        0     1                 .LBB0_31
            17a4             17a4        0     1                 .LBB0_32
            17b0             17b0        0     1                 .LBB0_33
            17d0             17d0        0     1                 .LBB0_36
            180c             180c        0     1                 .LBB0_38
            182c             182c        0     1                 .LBB0_40
            1830             1830        0     1                 .L0 
            184e             184e        0     1                 .L0 
            184e             184e        0     2         build/model-archive/libqwen_triton.a(gqa_repeat_8x512x128_to_16x512x128.adapter.o):(.text)
            184e             184e       4c     2         build/model-archive/libqwen_triton.a(gqa_repeat_8x512x128_to_16x512x128.kernel.o):(.text)
            184e             184e        0     1                 .L0 
            184e             184e        0     1                 $xrv64i2p1_m2p0_a2p1_f2p2_d2p2_c2p0_v1p0_zicbom1p0_zicsr2p0_zifencei2p0_zmmul1p0_zaamo1p0_zalrsc1p0_zca1p0_zcd1p0_zve32f1p0_zve32x1p0_zve64d1p0_zve64f1p0_zve64x1p0_zvl128b1p0_zvl256b1p0_zvl32b1p0_zvl512b1p0_zvl64b1p0
            184e             184e       4c     1                 triton_gqa_repeat_8x512x128_to_16x512x128
            1898             1898        0     1                 .LBB0_2
            189a             189a        0     1                 .L0 
            189a             189a        0     2         build/model-archive/libqwen_triton.a(kv_cache_update_position_16x8x128_cap512.adapter.o):(.text)
            189a             189a       52     2         build/model-archive/libqwen_triton.a(kv_cache_update_position_16x8x128_cap512.kernel.o):(.text)
            189a             189a        0     1                 .L0 
            189a             189a        0     1                 $xrv64i2p1_m2p0_a2p1_f2p2_d2p2_c2p0_v1p0_zicbom1p0_zicsr2p0_zifencei2p0_zmmul1p0_zaamo1p0_zalrsc1p0_zca1p0_zcd1p0_zve32f1p0_zve32x1p0_zve64d1p0_zve64f1p0_zve64x1p0_zvl128b1p0_zvl256b1p0_zvl32b1p0_zvl512b1p0_zvl64b1p0
            189a             189a       52     1                 triton_kv_cache_update_position_16x8x128_cap512
            18ea             18ea        0     1                 .LBB0_2
            18ec             18ec        0     1                 .L0 
            18ec             18ec        0     2         build/model-archive/libqwen_triton.a(kv_cache_update_position_1x8x128_cap512.adapter.o):(.text)
            18ec             18ec       52     2         build/model-archive/libqwen_triton.a(kv_cache_update_position_1x8x128_cap512.kernel.o):(.text)
            18ec             18ec        0     1                 .L0 
            18ec             18ec        0     1                 $xrv64i2p1_m2p0_a2p1_f2p2_d2p2_c2p0_v1p0_zicbom1p0_zicsr2p0_zifencei2p0_zmmul1p0_zaamo1p0_zalrsc1p0_zca1p0_zcd1p0_zve32f1p0_zve32x1p0_zve64d1p0_zve64f1p0_zve64x1p0_zvl128b1p0_zvl256b1p0_zvl32b1p0_zvl512b1p0_zvl64b1p0
            18ec             18ec       52     1                 triton_kv_cache_update_position_1x8x128_cap512
            193c             193c        0     1                 .LBB0_2
            193e             193e        0     1                 .L0 
            193e             193e        0     2         build/model-archive/libqwen_triton.a(softmax_16x16x512.adapter.o):(.text)
            193e             193e      228     2         build/model-archive/libqwen_triton.a(softmax_16x16x512.kernel.o):(.text)
            193e             193e        0     1                 .L0 
            193e             193e        0     1                 $xrv64i2p1_m2p0_a2p1_f2p2_d2p2_c2p0_v1p0_zicbom1p0_zicsr2p0_zifencei2p0_zmmul1p0_zaamo1p0_zalrsc1p0_zca1p0_zcd1p0_zve32f1p0_zve32x1p0_zve64d1p0_zve64f1p0_zve64x1p0_zvl128b1p0_zvl256b1p0_zvl32b1p0_zvl512b1p0_zvl64b1p0
            193e             193e      228     1                 triton_softmax_16x16x512
            195e             195e        0     1                 .L0 
            19ba             19ba        0     1                 .LBB0_2
            19f4             19f4        0     1                 .LBB0_4
            1a1e             1a1e        0     1                 .LBB0_6
            1a4a             1a4a        0     1                 .LBB0_8
            1a56             1a56        0     1                 .LBB0_9
            1a72             1a72        0     1                 .LBB0_10
            1a9e             1a9e        0     1                 .LBB0_12
            1abe             1abe        0     1                 .LBB0_14
            1aea             1aea        0     1                 .LBB0_16
            1b42             1b42        0     1                 .LBB0_18
            1b46             1b46        0     1                 .L0 
            1b66             1b66        0     1                 .L0 
            1b66             1b66        0     2         build/model-archive/libqwen_triton.a(softmax_16x1x512.adapter.o):(.text)
            1b66             1b66      228     2         build/model-archive/libqwen_triton.a(softmax_16x1x512.kernel.o):(.text)
            1b66             1b66        0     1                 .L0 
            1b66             1b66        0     1                 $xrv64i2p1_m2p0_a2p1_f2p2_d2p2_c2p0_v1p0_zicbom1p0_zicsr2p0_zifencei2p0_zmmul1p0_zaamo1p0_zalrsc1p0_zca1p0_zcd1p0_zve32f1p0_zve32x1p0_zve64d1p0_zve64f1p0_zve64x1p0_zvl128b1p0_zvl256b1p0_zvl32b1p0_zvl512b1p0_zvl64b1p0
            1b66             1b66      228     1                 triton_softmax_16x1x512
            1b86             1b86        0     1                 .L0 
            1be2             1be2        0     1                 .LBB0_2
            1c1c             1c1c        0     1                 .LBB0_4
            1c46             1c46        0     1                 .LBB0_6
            1c72             1c72        0     1                 .LBB0_8
            1c7e             1c7e        0     1                 .LBB0_9
            1c9a             1c9a        0     1                 .LBB0_10
            1cc6             1cc6        0     1                 .LBB0_12
            1ce6             1ce6        0     1                 .LBB0_14
            1d12             1d12        0     1                 .LBB0_16
            1d6a             1d6a        0     1                 .LBB0_18
            1d6e             1d6e        0     1                 .L0 
            1d8e             1d8e        0     1                 .L0 
               0                0     1c80     8 .rela.text
               0                0      210     8         build/model-archive/model-link-probe.o:(.rela.text)
             210              210      540     8         build/model-archive/libqwen_triton.a(attention_pv_16x16x128x512.kernel.o):(.rela.text)
             750              750      450     8         build/model-archive/libqwen_triton.a(attention_pv_16x1x128x512.kernel.o):(.rela.text)
             ba0              ba0      540     8         build/model-archive/libqwen_triton.a(attention_qk_16x16x512x128.kernel.o):(.rela.text)
            10e0             10e0      450     8         build/model-archive/libqwen_triton.a(attention_qk_16x1x512x128.kernel.o):(.rela.text)
            1530             1530      2b8     8         build/model-archive/libqwen_triton.a(attention_scale_mask_position_16x16x512.kernel.o):(.rela.text)
            17e8             17e8      210     8         build/model-archive/libqwen_triton.a(attention_scale_mask_position_16x1x512.kernel.o):(.rela.text)
            19f8             19f8       18     8         build/model-archive/libqwen_triton.a(gqa_repeat_8x512x128_to_16x512x128.kernel.o):(.rela.text)
            1a10             1a10       18     8         build/model-archive/libqwen_triton.a(kv_cache_update_position_16x8x128_cap512.kernel.o):(.rela.text)
            1a28             1a28       18     8         build/model-archive/libqwen_triton.a(kv_cache_update_position_1x8x128_cap512.kernel.o):(.rela.text)
            1a40             1a40      120     8         build/model-archive/libqwen_triton.a(softmax_16x16x512.kernel.o):(.rela.text)
            1b60             1b60      120     8         build/model-archive/libqwen_triton.a(softmax_16x1x512.kernel.o):(.rela.text)
               0                0       6b     1 .comment
               0                0       6b     1         <internal>:(.comment)
               0                0       74     1 .riscv.attributes
               0                0       74     1         build/model-archive/model-link-probe.o:(.riscv.attributes)
               0                0        0     1                 $d
               0                0        0     1 .llvm_addrsig
               0                0        0     1         build/model-archive/model-link-probe.o:(.llvm_addrsig)
               0                0        0     1         build/model-archive/libqwen_triton.a(attention_pv_16x16x128x512.adapter.o):(.llvm_addrsig)
               0                0        0     1         build/model-archive/libqwen_triton.a(attention_pv_16x1x128x512.adapter.o):(.llvm_addrsig)
               0                0        0     1         build/model-archive/libqwen_triton.a(attention_qk_16x16x512x128.adapter.o):(.llvm_addrsig)
               0                0        0     1         build/model-archive/libqwen_triton.a(attention_qk_16x1x512x128.adapter.o):(.llvm_addrsig)
               0                0        0     1         build/model-archive/libqwen_triton.a(attention_scale_mask_position_16x16x512.adapter.o):(.llvm_addrsig)
               0                0        0     1         build/model-archive/libqwen_triton.a(attention_scale_mask_position_16x1x512.adapter.o):(.llvm_addrsig)
               0                0        0     1         build/model-archive/libqwen_triton.a(gqa_repeat_8x512x128_to_16x512x128.adapter.o):(.llvm_addrsig)
               0                0        0     1         build/model-archive/libqwen_triton.a(kv_cache_update_position_16x8x128_cap512.adapter.o):(.llvm_addrsig)
               0                0        0     1         build/model-archive/libqwen_triton.a(kv_cache_update_position_1x8x128_cap512.adapter.o):(.llvm_addrsig)
               0                0        0     1         build/model-archive/libqwen_triton.a(softmax_16x16x512.adapter.o):(.llvm_addrsig)
               0                0        0     1         build/model-archive/libqwen_triton.a(softmax_16x1x512.adapter.o):(.llvm_addrsig)
               0                0      19e     2 .text._mlir_ciface_kernel_attention_pv_16x16x128x512
               0                0      19e     2         build/model-archive/libqwen_triton.a(attention_pv_16x16x128x512.adapter.o):(.text._mlir_ciface_kernel_attention_pv_16x16x128x512)
               0                0        0     1                 $xrv64i2p1_m2p0_a2p1_f2p2_d2p2_c2p0_zicbom1p0_zicsr2p0_zifencei2p0_zmmul1p0_zaamo1p0_zalrsc1p0_zca1p0_zcd1p0
               0                0      19e     1                 _mlir_ciface_kernel_attention_pv_16x16x128x512
              38               38        0     1                 .L0 
              64               64        0     1                 .L0 
              90               90        0     1                 .L0 
              bc               bc        0     1                 .L0 
              e8               e8        0     1                 .L0 
             114              114        0     1                 .L0 
             140              140        0     1                 .L0 
             16c              16c        0     1                 .L0 
               0                0      240     8 .rela.text._mlir_ciface_kernel_attention_pv_16x16x128x512
               0                0      240     8         build/model-archive/libqwen_triton.a(attention_pv_16x16x128x512.adapter.o):(.rela.text._mlir_ciface_kernel_attention_pv_16x16x128x512)
               0                0      370     8 .eh_frame
               0                0       60     8         build/model-archive/libqwen_triton.a(attention_pv_16x16x128x512.kernel.o):(.eh_frame)
               0                0        0     1                 $d
              60               60       60     8         build/model-archive/libqwen_triton.a(attention_pv_16x1x128x512.kernel.o):(.eh_frame)
              60               60        0     1                 $d
              c0               c0       60     8         build/model-archive/libqwen_triton.a(attention_qk_16x16x512x128.kernel.o):(.eh_frame)
              c0               c0        0     1                 $d
             120              120       60     8         build/model-archive/libqwen_triton.a(attention_qk_16x1x512x128.kernel.o):(.eh_frame)
             120              120        0     1                 $d
             180              180       58     8         build/model-archive/libqwen_triton.a(attention_scale_mask_position_16x16x512.kernel.o):(.eh_frame)
             180              180        0     1                 $d
             1d8              1d8       50     8         build/model-archive/libqwen_triton.a(attention_scale_mask_position_16x1x512.kernel.o):(.eh_frame)
             1d8              1d8        0     1                 $d
             228              228       28     8         build/model-archive/libqwen_triton.a(gqa_repeat_8x512x128_to_16x512x128.kernel.o):(.eh_frame)
             228              228        0     1                 $d
             250              250       28     8         build/model-archive/libqwen_triton.a(kv_cache_update_position_16x8x128_cap512.kernel.o):(.eh_frame)
             250              250        0     1                 $d
             278              278       28     8         build/model-archive/libqwen_triton.a(kv_cache_update_position_1x8x128_cap512.kernel.o):(.eh_frame)
             278              278        0     1                 $d
             2a0              2a0       68     8         build/model-archive/libqwen_triton.a(softmax_16x16x512.kernel.o):(.eh_frame)
             2a0              2a0        0     1                 $d
             308              308       68     8         build/model-archive/libqwen_triton.a(softmax_16x1x512.kernel.o):(.eh_frame)
             308              308        0     1                 $d
               0                0      498     8 .rela.eh_frame
               0                0       78     8         build/model-archive/libqwen_triton.a(attention_pv_16x16x128x512.kernel.o):(.rela.eh_frame)
              78               78       78     8         build/model-archive/libqwen_triton.a(attention_pv_16x1x128x512.kernel.o):(.rela.eh_frame)
              f0               f0       78     8         build/model-archive/libqwen_triton.a(attention_qk_16x16x512x128.kernel.o):(.rela.eh_frame)
             168              168       78     8         build/model-archive/libqwen_triton.a(attention_qk_16x1x512x128.kernel.o):(.rela.eh_frame)
             1e0              1e0       78     8         build/model-archive/libqwen_triton.a(attention_scale_mask_position_16x16x512.kernel.o):(.rela.eh_frame)
             258              258       78     8         build/model-archive/libqwen_triton.a(attention_scale_mask_position_16x1x512.kernel.o):(.rela.eh_frame)
             2d0              2d0       48     8         build/model-archive/libqwen_triton.a(gqa_repeat_8x512x128_to_16x512x128.kernel.o):(.rela.eh_frame)
             318              318       48     8         build/model-archive/libqwen_triton.a(kv_cache_update_position_16x8x128_cap512.kernel.o):(.rela.eh_frame)
             360              360       48     8         build/model-archive/libqwen_triton.a(kv_cache_update_position_1x8x128_cap512.kernel.o):(.rela.eh_frame)
             3a8              3a8       78     8         build/model-archive/libqwen_triton.a(softmax_16x16x512.kernel.o):(.rela.eh_frame)
             420              420       78     8         build/model-archive/libqwen_triton.a(softmax_16x1x512.kernel.o):(.rela.eh_frame)
               0                0      19e     2 .text._mlir_ciface_kernel_attention_pv_16x1x128x512
               0                0      19e     2         build/model-archive/libqwen_triton.a(attention_pv_16x1x128x512.adapter.o):(.text._mlir_ciface_kernel_attention_pv_16x1x128x512)
               0                0        0     1                 $xrv64i2p1_m2p0_a2p1_f2p2_d2p2_c2p0_zicbom1p0_zicsr2p0_zifencei2p0_zmmul1p0_zaamo1p0_zalrsc1p0_zca1p0_zcd1p0
               0                0      19e     1                 _mlir_ciface_kernel_attention_pv_16x1x128x512
              38               38        0     1                 .L0 
              64               64        0     1                 .L0 
              90               90        0     1                 .L0 
              bc               bc        0     1                 .L0 
              e8               e8        0     1                 .L0 
             114              114        0     1                 .L0 
             140              140        0     1                 .L0 
             16c              16c        0     1                 .L0 
               0                0      240     8 .rela.text._mlir_ciface_kernel_attention_pv_16x1x128x512
               0                0      240     8         build/model-archive/libqwen_triton.a(attention_pv_16x1x128x512.adapter.o):(.rela.text._mlir_ciface_kernel_attention_pv_16x1x128x512)
               0                0       7c     2 .text._mlir_ciface_kernel_attention_qk_16x16x512x128
               0                0       7c     2         build/model-archive/libqwen_triton.a(attention_qk_16x16x512x128.adapter.o):(.text._mlir_ciface_kernel_attention_qk_16x16x512x128)
               0                0        0     1                 $xrv64i2p1_m2p0_a2p1_f2p2_d2p2_c2p0_zicbom1p0_zicsr2p0_zifencei2p0_zmmul1p0_zaamo1p0_zalrsc1p0_zca1p0_zcd1p0
               0                0       7c     1                 _mlir_ciface_kernel_attention_qk_16x16x512x128
              3e               3e        0     1                 .L0 
              40               40        0     1                 .L0 
               0                0       60     8 .rela.text._mlir_ciface_kernel_attention_qk_16x16x512x128
               0                0       60     8         build/model-archive/libqwen_triton.a(attention_qk_16x16x512x128.adapter.o):(.rela.text._mlir_ciface_kernel_attention_qk_16x16x512x128)
               0                0       7c     2 .text._mlir_ciface_kernel_attention_qk_16x1x512x128
               0                0       7c     2         build/model-archive/libqwen_triton.a(attention_qk_16x1x512x128.adapter.o):(.text._mlir_ciface_kernel_attention_qk_16x1x512x128)
               0                0        0     1                 $xrv64i2p1_m2p0_a2p1_f2p2_d2p2_c2p0_zicbom1p0_zicsr2p0_zifencei2p0_zmmul1p0_zaamo1p0_zalrsc1p0_zca1p0_zcd1p0
               0                0       7c     1                 _mlir_ciface_kernel_attention_qk_16x1x512x128
              3e               3e        0     1                 .L0 
              40               40        0     1                 .L0 
               0                0       60     8 .rela.text._mlir_ciface_kernel_attention_qk_16x1x512x128
               0                0       60     8         build/model-archive/libqwen_triton.a(attention_qk_16x1x512x128.adapter.o):(.rela.text._mlir_ciface_kernel_attention_qk_16x1x512x128)
               0                0       70     2 .text._mlir_ciface_kernel_attention_scale_mask_position_16x16x512
               0                0       70     2         build/model-archive/libqwen_triton.a(attention_scale_mask_position_16x16x512.adapter.o):(.text._mlir_ciface_kernel_attention_scale_mask_position_16x16x512)
               0                0        0     1                 $xrv64i2p1_m2p0_a2p1_f2p2_d2p2_c2p0_zicbom1p0_zicsr2p0_zifencei2p0_zmmul1p0_zaamo1p0_zalrsc1p0_zca1p0_zcd1p0
               0                0       70     1                 _mlir_ciface_kernel_attention_scale_mask_position_16x16x512
              3c               3c        0     1                 .L0 
               0                0       48     8 .rela.text._mlir_ciface_kernel_attention_scale_mask_position_16x16x512
               0                0       48     8         build/model-archive/libqwen_triton.a(attention_scale_mask_position_16x16x512.adapter.o):(.rela.text._mlir_ciface_kernel_attention_scale_mask_position_16x16x512)
               0                0       70     2 .text._mlir_ciface_kernel_attention_scale_mask_position_16x1x512
               0                0       70     2         build/model-archive/libqwen_triton.a(attention_scale_mask_position_16x1x512.adapter.o):(.text._mlir_ciface_kernel_attention_scale_mask_position_16x1x512)
               0                0        0     1                 $xrv64i2p1_m2p0_a2p1_f2p2_d2p2_c2p0_zicbom1p0_zicsr2p0_zifencei2p0_zmmul1p0_zaamo1p0_zalrsc1p0_zca1p0_zcd1p0
               0                0       70     1                 _mlir_ciface_kernel_attention_scale_mask_position_16x1x512
              3c               3c        0     1                 .L0 
               0                0       48     8 .rela.text._mlir_ciface_kernel_attention_scale_mask_position_16x1x512
               0                0       48     8         build/model-archive/libqwen_triton.a(attention_scale_mask_position_16x1x512.adapter.o):(.rela.text._mlir_ciface_kernel_attention_scale_mask_position_16x1x512)
               0                0       6a     2 .text._mlir_ciface_kernel_gqa_repeat_8x512x128_to_16x512x128
               0                0       6a     2         build/model-archive/libqwen_triton.a(gqa_repeat_8x512x128_to_16x512x128.adapter.o):(.text._mlir_ciface_kernel_gqa_repeat_8x512x128_to_16x512x128)
               0                0        0     1                 $xrv64i2p1_m2p0_a2p1_f2p2_d2p2_c2p0_zicbom1p0_zicsr2p0_zifencei2p0_zmmul1p0_zaamo1p0_zalrsc1p0_zca1p0_zcd1p0
               0                0       6a     1                 _mlir_ciface_kernel_gqa_repeat_8x512x128_to_16x512x128
              30               30        0     1                 .L0 
              32               32        0     1                 .L0 
               0                0       60     8 .rela.text._mlir_ciface_kernel_gqa_repeat_8x512x128_to_16x512x128
               0                0       60     8         build/model-archive/libqwen_triton.a(gqa_repeat_8x512x128_to_16x512x128.adapter.o):(.rela.text._mlir_ciface_kernel_gqa_repeat_8x512x128_to_16x512x128)
               0                0      170     2 .text._mlir_ciface_kernel_kv_cache_update_position_16x8x128_cap512
               0                0      170     2         build/model-archive/libqwen_triton.a(kv_cache_update_position_16x8x128_cap512.adapter.o):(.text._mlir_ciface_kernel_kv_cache_update_position_16x8x128_cap512)
               0                0        0     1                 $xrv64i2p1_m2p0_a2p1_f2p2_d2p2_c2p0_zicbom1p0_zicsr2p0_zifencei2p0_zmmul1p0_zaamo1p0_zalrsc1p0_zca1p0_zcd1p0
               0                0      170     1                 _mlir_ciface_kernel_kv_cache_update_position_16x8x128_cap512
              52               52        0     1                 .L0 
               0                0      198     8 .rela.text._mlir_ciface_kernel_kv_cache_update_position_16x8x128_cap512
               0                0      198     8         build/model-archive/libqwen_triton.a(kv_cache_update_position_16x8x128_cap512.adapter.o):(.rela.text._mlir_ciface_kernel_kv_cache_update_position_16x8x128_cap512)
               0                0      146     2 .text._mlir_ciface_kernel_kv_cache_update_position_1x8x128_cap512
               0                0      146     2         build/model-archive/libqwen_triton.a(kv_cache_update_position_1x8x128_cap512.adapter.o):(.text._mlir_ciface_kernel_kv_cache_update_position_1x8x128_cap512)
               0                0        0     1                 $xrv64i2p1_m2p0_a2p1_f2p2_d2p2_c2p0_zicbom1p0_zicsr2p0_zifencei2p0_zmmul1p0_zaamo1p0_zalrsc1p0_zca1p0_zcd1p0
               0                0      146     1                 _mlir_ciface_kernel_kv_cache_update_position_1x8x128_cap512
               0                0      180     8 .rela.text._mlir_ciface_kernel_kv_cache_update_position_1x8x128_cap512
               0                0      180     8         build/model-archive/libqwen_triton.a(kv_cache_update_position_1x8x128_cap512.adapter.o):(.rela.text._mlir_ciface_kernel_kv_cache_update_position_1x8x128_cap512)
               0                0       82     2 .text._mlir_ciface_kernel_softmax_16x16x512
               0                0       82     2         build/model-archive/libqwen_triton.a(softmax_16x16x512.adapter.o):(.text._mlir_ciface_kernel_softmax_16x16x512)
               0                0        0     1                 $xrv64i2p1_m2p0_a2p1_f2p2_d2p2_c2p0_zicbom1p0_zicsr2p0_zifencei2p0_zmmul1p0_zaamo1p0_zalrsc1p0_zca1p0_zcd1p0
               0                0       82     1                 _mlir_ciface_kernel_softmax_16x16x512
              4a               4a        0     1                 .L0 
               0                0       48     8 .rela.text._mlir_ciface_kernel_softmax_16x16x512
               0                0       48     8         build/model-archive/libqwen_triton.a(softmax_16x16x512.adapter.o):(.rela.text._mlir_ciface_kernel_softmax_16x16x512)
               0                0       80     2 .text._mlir_ciface_kernel_softmax_16x1x512
               0                0       80     2         build/model-archive/libqwen_triton.a(softmax_16x1x512.adapter.o):(.text._mlir_ciface_kernel_softmax_16x1x512)
               0                0        0     1                 $xrv64i2p1_m2p0_a2p1_f2p2_d2p2_c2p0_zicbom1p0_zicsr2p0_zifencei2p0_zmmul1p0_zaamo1p0_zalrsc1p0_zca1p0_zcd1p0
               0                0       80     1                 _mlir_ciface_kernel_softmax_16x1x512
              48               48        0     1                 .L0 
               0                0       48     8 .rela.text._mlir_ciface_kernel_softmax_16x1x512
               0                0       48     8         build/model-archive/libqwen_triton.a(softmax_16x1x512.adapter.o):(.rela.text._mlir_ciface_kernel_softmax_16x1x512)
               0                0        0     1 .note.GNU-stack
               0                0        0     1         <internal>:(.note.GNU-stack)
               0                0     2580     8 .symtab
               0                0     2580     8         <internal>:(.symtab)
               0                0      591     1 .shstrtab
               0                0      591     1         <internal>:(.shstrtab)
               0                0     1ce3     1 .strtab
               0                0     1ce3     1         <internal>:(.strtab)
