             VMA              LMA     Size Align Out     In      Symbol
               0                0        0     1 STACK_SIZE = 0x100000
        80000000         80000000       ec    16 .text.init
        80000000         80000000       ec    16         /home/chh/gitprojects/buddy-mlir-for-fpga/examples/FPGA-BOSCAME/qwen3-0.6b/model/build/ame-v05/model-combined/image/crt.o:(.text.init)
        80000000         80000000        0     1                 $xrv64i2p1_m2p0_a2p1_f2p2_d2p2_c2p0_zicbom1p0_zicsr2p0_zifencei2p0_zmmul1p0_zaamo1p0_zalrsc1p0_zca1p0_zcd1p0
        80000000         80000000       36     1                 _start
        8000000a         8000000a        0     1                 .Lpcrel_hi0
        80000012         80000012        0     1                 .Lpcrel_hi1
        8000001a         8000001a        0     1                 .Lpcrel_hi2
        80000022         80000022        0     1                 .Lpcrel_hi3
        80000040         80000040       7c     1                 _ra_start
        80000050         80000050        0     1                 .Lpcrel_hi4
        80000058         80000058        0     1                 .Lpcrel_hi5
        80000060         80000060        0     1                 .Lpcrel_hi6
        80000068         80000068        0     1                 .Lpcrel_hi7
        8000007c         8000007c        0     1                 .Lpcrel_hi8
        80000084         80000084        0     1                 .Lpcrel_hi9
        8000008c         8000008c        0     1                 .Ltmp0
        80000098         80000098        0     1                 .Ltmp1
        80000098         80000098        0     1                 .Lpcrel_hi10
        800000a0         800000a0        0     1                 .Lpcrel_hi11
        800000a8         800000a8        0     1                 .Ltmp2
        800000b4         800000b4        0     1                 .Ltmp3
        800000bc         800000bc        0     1                 .Lnh_trap
        800000bc         800000bc        0     1                 .Lpcrel_hi12
        800000d4         800000d4        0     1                 .Lra_trap
        800000d4         800000d4        0     1                 .Lpcrel_hi13
        800000ec         800000ec        0     1 
        80010000         80010000     1000     1 .nr_mailbox
        80010000         80010000        0     1         ra_sig = .
        80010000         80010000     1000     1         . += 0x1000
        80011000         80011000    1c96e     4 .text
        80011000         80011000     650e     2         /home/chh/gitprojects/buddy-mlir-for-fpga/examples/FPGA-BOSCAME/qwen3-0.6b/model/build/ame-v05/model-combined/image/forward_prefill.nr.o:(.text)
        80011000         80011000        0     1                 .L0 
        80011000         80011000        0     1                 $xrv64i2p1_m2p0_a2p1_f2p2_d2p2_c2p0_zicbom1p0_zicsr2p0_zifencei2p0_zmmul1p0_zaamo1p0_zalrsc1p0_zca1p0_zcd1p0
        80011000         80011000     312c     1                 forward_prefill
        80011040         80011040        0     1                 .L0 
        80011128         80011128        0     1                 .LBB0_2
        8001117a         8001117a        0     1                 .LBB0_4
        8001119c         8001119c        0     1                 .LBB0_5
        800111a6         800111a6        0     1                 .LBB0_6
        800111b2         800111b2        0     1                 .LBB0_8
        800111bc         800111bc        0     1                 .LBB0_9
        800111ec         800111ec        0     1                 .LBB0_12
        80011212         80011212        0     1                 .LBB0_13
        80011216         80011216        0     1                 .LBB0_14
        80011220         80011220        0     1                 .LBB0_16
        80011226         80011226        0     1                 .LBB0_17
        80011240         80011240        0     1                 .LBB0_20
        80011250         80011250        0     1                 .LBB0_21
        8001125a         8001125a        0     1                 .LBB0_22
        80011268         80011268        0     1                 .LBB0_24
        8001126c         8001126c        0     1                 .LBB0_25
        8001127c         8001127c        0     1                 .LBB0_27
        80011280         80011280        0     1                 .LBB0_28
        800112b8         800112b8        0     1                 .LBB0_31
        800112dc         800112dc        0     1                 .LBB0_32
        800112e2         800112e2        0     1                 .LBB0_33
        800112ee         800112ee        0     1                 .LBB0_35
        800112f6         800112f6        0     1                 .LBB0_36
        8001131a         8001131a        0     1                 .LBB0_39
        8001134c         8001134c        0     1                 .LBB0_40
        80011352         80011352        0     1                 .LBB0_41
        8001135e         8001135e        0     1                 .LBB0_43
        80011368         80011368        0     1                 .LBB0_44
        80011372         80011372        0     1                 .LBB0_46
        80011378         80011378        0     1                 .LBB0_47
        8001139e         8001139e        0     1                 .LBB0_50
        800113ce         800113ce        0     1                 .LBB0_51
        800113da         800113da        0     1                 .LBB0_52
        800113ea         800113ea        0     1                 .LBB0_54
        800113f4         800113f4        0     1                 .LBB0_55
        80011402         80011402        0     1                 .LBB0_57
        8001141a         8001141a        0     1                 .LBB0_58
        80011442         80011442        0     1                 .LBB0_59
        80011448         80011448        0     1                 .LBB0_60
        80011454         80011454        0     1                 .LBB0_62
        8001145e         8001145e        0     1                 .LBB0_63
        80011480         80011480        0     1                 .LBB0_66
        80011490         80011490        0     1                 .LBB0_67
        80011494         80011494        0     1                 .LBB0_68
        8001149e         8001149e        0     1                 .LBB0_70
        800114a4         800114a4        0     1                 .LBB0_71
        800114b0         800114b0        0     1                 .LBB0_73
        800114c6         800114c6        0     1                 .LBB0_74
        800114ee         800114ee        0     1                 .LBB0_75
        800114f4         800114f4        0     1                 .LBB0_76
        80011500         80011500        0     1                 .LBB0_78
        8001150a         8001150a        0     1                 .LBB0_79
        8001152c         8001152c        0     1                 .LBB0_82
        800117a6         800117a6        0     1                 .LBB0_83
        800117ac         800117ac        0     1                 .LBB0_84
        800117b8         800117b8        0     1                 .LBB0_86
        800117be         800117be        0     1                 .LBB0_87
        800117ca         800117ca        0     1                 .LBB0_89
        800117d2         800117d2        0     1                 .LBB0_90
        800117f4         800117f4        0     1                 .LBB0_93
        80011a34         80011a34        0     1                 .LBB0_94
        80011a3a         80011a3a        0     1                 .LBB0_95
        80011a46         80011a46        0     1                 .LBB0_97
        80011a4c         80011a4c        0     1                 .LBB0_98
        80011a58         80011a58        0     1                 .LBB0_100
        80011a60         80011a60        0     1                 .LBB0_101
        80011a82         80011a82        0     1                 .LBB0_104
        80011c44         80011c44        0     1                 .LBB0_105
        80011c4a         80011c4a        0     1                 .LBB0_106
        80011c56         80011c56        0     1                 .LBB0_108
        80011c5e         80011c5e        0     1                 .LBB0_109
        80011c6a         80011c6a        0     1                 .LBB0_111
        80011c72         80011c72        0     1                 .LBB0_112
        80011c94         80011c94        0     1                 .LBB0_115
        80011cc4         80011cc4        0     1                 .LBB0_116
        80011ccc         80011ccc        0     1                 .LBB0_117
        80011cd8         80011cd8        0     1                 .LBB0_119
        80011cde         80011cde        0     1                 .LBB0_120
        80011cec         80011cec        0     1                 .LBB0_122
        80011cfa         80011cfa        0     1                 .LBB0_123
        80011d28         80011d28        0     1                 .LBB0_126
        80011d64         80011d64        0     1                 .LBB0_127
        80011d6a         80011d6a        0     1                 .LBB0_128
        80011d76         80011d76        0     1                 .LBB0_130
        80011d7c         80011d7c        0     1                 .LBB0_131
        80011d88         80011d88        0     1                 .LBB0_133
        80011d92         80011d92        0     1                 .LBB0_134
        80011db8         80011db8        0     1                 .LBB0_137
        80011e96         80011e96        0     1                 .LBB0_138
        80011e9e         80011e9e        0     1                 .LBB0_139
        80011eaa         80011eaa        0     1                 .LBB0_141
        80011eb0         80011eb0        0     1                 .LBB0_142
        80011ebe         80011ebe        0     1                 .LBB0_144
        80011ecc         80011ecc        0     1                 .LBB0_145
        80011efa         80011efa        0     1                 .LBB0_148
        80011f30         80011f30        0     1                 .LBB0_149
        80011f38         80011f38        0     1                 .LBB0_150
        80011f46         80011f46        0     1                 .LBB0_152
        80011f4e         80011f4e        0     1                 .LBB0_153
        80011f5c         80011f5c        0     1                 .LBB0_155
        80011f6a         80011f6a        0     1                 .LBB0_156
        80011f98         80011f98        0     1                 .LBB0_159
        80011fc8         80011fc8        0     1                 .LBB0_160
        80011fd0         80011fd0        0     1                 .LBB0_161
        80011fdc         80011fdc        0     1                 .LBB0_163
        80011fe2         80011fe2        0     1                 .LBB0_164
        80011ff0         80011ff0        0     1                 .LBB0_166
        80011ffe         80011ffe        0     1                 .LBB0_167
        8001202c         8001202c        0     1                 .LBB0_170
        80012074         80012074        0     1                 .LBB0_171
        8001207a         8001207a        0     1                 .LBB0_172
        80012086         80012086        0     1                 .LBB0_174
        8001208c         8001208c        0     1                 .LBB0_175
        80012098         80012098        0     1                 .LBB0_177
        800120a2         800120a2        0     1                 .LBB0_178
        800120c8         800120c8        0     1                 .LBB0_181
        800121ae         800121ae        0     1                 .LBB0_182
        800121b6         800121b6        0     1                 .LBB0_183
        800121c2         800121c2        0     1                 .LBB0_185
        800121c8         800121c8        0     1                 .LBB0_186
        800121d6         800121d6        0     1                 .LBB0_188
        800121e4         800121e4        0     1                 .LBB0_189
        80012212         80012212        0     1                 .LBB0_192
        80012248         80012248        0     1                 .LBB0_193
        80012250         80012250        0     1                 .LBB0_194
        8001225e         8001225e        0     1                 .LBB0_196
        80012266         80012266        0     1                 .LBB0_197
        80012274         80012274        0     1                 .LBB0_199
        80012282         80012282        0     1                 .LBB0_200
        800122b0         800122b0        0     1                 .LBB0_203
        800124f0         800124f0        0     1                 .LBB0_206
        800124f6         800124f6        0     1                 .LBB0_207
        80012502         80012502        0     1                 .LBB0_209
        80012508         80012508        0     1                 .LBB0_210
        80012512         80012512        0     1                 .LBB0_212
        80012516         80012516        0     1                 .LBB0_213
        80012522         80012522        0     1                 .LBB0_215
        8001252a         8001252a        0     1                 .LBB0_216
        80012550         80012550        0     1                 .LBB0_219
        800125a2         800125a2        0     1                 .LBB0_220
        800125a8         800125a8        0     1                 .LBB0_221
        800125b4         800125b4        0     1                 .LBB0_223
        800125ba         800125ba        0     1                 .LBB0_224
        800125c4         800125c4        0     1                 .LBB0_226
        800125c8         800125c8        0     1                 .LBB0_227
        800125d4         800125d4        0     1                 .LBB0_229
        800125dc         800125dc        0     1                 .LBB0_230
        80012602         80012602        0     1                 .LBB0_233
        8001289a         8001289a        0     1                 .LBB0_234
        800128a0         800128a0        0     1                 .LBB0_235
        800128ac         800128ac        0     1                 .LBB0_237
        800128b2         800128b2        0     1                 .LBB0_238
        800128be         800128be        0     1                 .LBB0_240
        800128c6         800128c6        0     1                 .LBB0_241
        800128e8         800128e8        0     1                 .LBB0_244
        80012ab8         80012ab8        0     1                 .LBB0_245
        80012ac0         80012ac0        0     1                 .LBB0_246
        80012ace         80012ace        0     1                 .LBB0_248
        80012ad6         80012ad6        0     1                 .LBB0_249
        80012b04         80012b04        0     1                 .LBB0_252
        80012f54         80012f54        0     1                 .LBB0_253
        80012f5c         80012f5c        0     1                 .LBB0_254
        80012f6a         80012f6a        0     1                 .LBB0_256
        80012f72         80012f72        0     1                 .LBB0_257
        80012fa0         80012fa0        0     1                 .LBB0_260
        8001314e         8001314e        0     1                 .LBB0_261
        80013156         80013156        0     1                 .LBB0_262
        80013164         80013164        0     1                 .LBB0_264
        8001316c         8001316c        0     1                 .LBB0_265
        8001319a         8001319a        0     1                 .LBB0_268
        80013d0e         80013d0e        0     1                 .LBB0_270
        80013d16         80013d16        0     1                 .LBB0_271
        80013d1e         80013d1e        0     1                 .LBB0_272
        80013d26         80013d26        0     1                 .LBB0_273
        80013d2e         80013d2e        0     1                 .LBB0_274
        80013d36         80013d36        0     1                 .LBB0_275
        80013d3e         80013d3e        0     1                 .LBB0_276
        80013d46         80013d46        0     1                 .LBB0_277
        80013d4e         80013d4e        0     1                 .LBB0_278
        80013d56         80013d56        0     1                 .LBB0_279
        80013d5e         80013d5e        0     1                 .LBB0_280
        80013d66         80013d66        0     1                 .LBB0_281
        80013d6e         80013d6e        0     1                 .LBB0_282
        80013d76         80013d76        0     1                 .LBB0_283
        80013d7e         80013d7e        0     1                 .LBB0_284
        80013d86         80013d86        0     1                 .LBB0_285
        80013d8e         80013d8e        0     1                 .LBB0_286
        80013d96         80013d96        0     1                 .LBB0_287
        80013d9e         80013d9e        0     1                 .LBB0_288
        80013da6         80013da6        0     1                 .LBB0_289
        80013dae         80013dae        0     1                 .LBB0_290
        80013db6         80013db6        0     1                 .LBB0_291
        80013dbe         80013dbe        0     1                 .LBB0_292
        80013dc6         80013dc6        0     1                 .LBB0_293
        80013dce         80013dce        0     1                 .LBB0_294
        80013dd6         80013dd6        0     1                 .LBB0_295
        80013dde         80013dde        0     1                 .LBB0_296
        80013de6         80013de6        0     1                 .LBB0_297
        80013dee         80013dee        0     1                 .LBB0_298
        80013df6         80013df6        0     1                 .LBB0_299
        80013dfe         80013dfe        0     1                 .LBB0_300
        80013e06         80013e06        0     1                 .LBB0_301
        80013e0e         80013e0e        0     1                 .LBB0_302
        80013e16         80013e16        0     1                 .LBB0_303
        80013e1c         80013e1c        0     1                 .LBB0_304
        80013e24         80013e24        0     1                 .LBB0_305
        80013ebc         80013ebc        0     1                 .L0 
        80013efa         80013efa        0     1                 .LBB0_306
        80013f0a         80013f0a        0     1                 .LBB0_307
        80013f1a         80013f1a        0     1                 .LBB0_308
        80013f2a         80013f2a        0     1                 .LBB0_309
        80013f3a         80013f3a        0     1                 .LBB0_310
        80013f4a         80013f4a        0     1                 .LBB0_311
        80013f5a         80013f5a        0     1                 .LBB0_312
        80013f6a         80013f6a        0     1                 .LBB0_313
        80013f7a         80013f7a        0     1                 .LBB0_314
        80013f8a         80013f8a        0     1                 .LBB0_315
        80013f9a         80013f9a        0     1                 .LBB0_316
        80013faa         80013faa        0     1                 .LBB0_317
        80013fba         80013fba        0     1                 .LBB0_318
        80013fca         80013fca        0     1                 .LBB0_319
        80013fda         80013fda        0     1                 .LBB0_320
        80013fea         80013fea        0     1                 .LBB0_321
        80013ffa         80013ffa        0     1                 .LBB0_322
        8001400a         8001400a        0     1                 .LBB0_323
        8001401a         8001401a        0     1                 .LBB0_324
        8001402a         8001402a        0     1                 .LBB0_325
        8001403a         8001403a        0     1                 .LBB0_326
        8001404a         8001404a        0     1                 .LBB0_327
        8001405a         8001405a        0     1                 .LBB0_328
        8001406a         8001406a        0     1                 .LBB0_329
        8001407a         8001407a        0     1                 .LBB0_330
        8001408a         8001408a        0     1                 .LBB0_331
        8001409a         8001409a        0     1                 .LBB0_332
        800140aa         800140aa        0     1                 .LBB0_333
        800140ba         800140ba        0     1                 .LBB0_334
        800140ca         800140ca        0     1                 .LBB0_335
        800140da         800140da        0     1                 .LBB0_336
        800140ea         800140ea        0     1                 .LBB0_337
        800140fa         800140fa        0     1                 .LBB0_338
        8001410a         8001410a        0     1                 .LBB0_339
        8001411a         8001411a        0     1                 .LBB0_340
        8001412c         8001412c        0     1                 .L0 
        8001412c         8001412c        0     1                 .L0 
        8001412c         8001412c     1f8c     1                 _mlir_ciface_forward_prefill
        8001414a         8001414a        0     1                 .L0 
        8001609a         8001609a        0     1                 .L0 
        800160b8         800160b8       a6     1                 .Lqwen_graph_w8a8_embedding_embedding_w8a8_16x1024
        800160b8         800160b8        0     1                 .L0 
        800160b8         800160b8        0     1                 .L0 
        800160d4         800160d4        0     1                 .L0 
        8001615a         8001615a        0     1                 .L0 
        8001615e         8001615e       6e     1                 .Lqwen_graph_rmsnorm_16x1024__forward_prefill_mul_3
        8001615e         8001615e        0     1                 .L0 
        8001615e         8001615e        0     1                 .L0 
        80016164         80016164        0     1                 .L0 
        800161c8         800161c8        0     1                 .L0 
        800161cc         800161cc       60     1                 .Lqwen_graph_w8a8_mm_quantize_16x1024
        800161cc         800161cc        0     1                 .L0 
        800161cc         800161cc        0     1                 .L0 
        800161d8         800161d8        0     1                 .L0 
        80016228         80016228        0     1                 .L0 
        8001622c         8001622c       70     1                 .Lqwen_graph_w8a8_mm_matmul_16x2048x1024
        8001622c         8001622c        0     1                 .L0 
        8001622c         8001622c        0     1                 .L0 
        8001623c         8001623c        0     1                 .L0 
        80016298         80016298        0     1                 .L0 
        8001629c         8001629c       8a     1                 .Lqwen_graph_w8a8_mm_dequantize_16x2048
        8001629c         8001629c        0     1                 .L0 
        8001629c         8001629c        0     1                 .L0 
        800162b2         800162b2        0     1                 .L0 
        80016322         80016322        0     1                 .L0 
        80016326         80016326       86     1                 .Lqwen_graph_rmsnorm_256x128__forward_prefill_mul_5
        80016326         80016326        0     1                 .L0 
        80016326         80016326        0     1                 .L0 
        8001632e         8001632e        0     1                 .L0 
        800163a8         800163a8        0     1                 .L0 
        800163ac         800163ac       60     1                 .Lqwen_graph_w8a8_mm_1_quantize_16x1024
        800163ac         800163ac        0     1                 .L0 
        800163ac         800163ac        0     1                 .L0 
        800163b8         800163b8        0     1                 .L0 
        80016408         80016408        0     1                 .L0 
        8001640c         8001640c       70     1                 .Lqwen_graph_w8a8_mm_1_matmul_16x1024x1024
        8001640c         8001640c        0     1                 .L0 
        8001640c         8001640c        0     1                 .L0 
        8001641c         8001641c        0     1                 .L0 
        80016478         80016478        0     1                 .L0 
        8001647c         8001647c       8a     1                 .Lqwen_graph_w8a8_mm_1_dequantize_16x1024
        8001647c         8001647c        0     1                 .L0 
        8001647c         8001647c        0     1                 .L0 
        80016492         80016492        0     1                 .L0 
        80016502         80016502        0     1                 .L0 
        80016506         80016506       86     1                 .Lqwen_graph_rmsnorm_128x128__forward_prefill_mul_7
        80016506         80016506        0     1                 .L0 
        80016506         80016506        0     1                 .L0 
        8001650e         8001650e        0     1                 .L0 
        80016588         80016588        0     1                 .L0 
        8001658c         8001658c       60     1                 .Lqwen_graph_w8a8_mm_2_quantize_16x1024
        8001658c         8001658c        0     1                 .L0 
        8001658c         8001658c        0     1                 .L0 
        80016598         80016598        0     1                 .L0 
        800165e8         800165e8        0     1                 .L0 
        800165ec         800165ec       70     1                 .Lqwen_graph_w8a8_mm_2_matmul_16x1024x1024
        800165ec         800165ec        0     1                 .L0 
        800165ec         800165ec        0     1                 .L0 
        800165fc         800165fc        0     1                 .L0 
        80016658         80016658        0     1                 .L0 
        8001665c         8001665c       8a     1                 .Lqwen_graph_w8a8_mm_2_dequantize_16x1024
        8001665c         8001665c        0     1                 .L0 
        8001665c         8001665c        0     1                 .L0 
        80016672         80016672        0     1                 .L0 
        800166e2         800166e2        0     1                 .L0 
        800166e6         800166e6       76     1                 .Lqwen_graph_kv_index_put_layout_context_8x16x128
        800166e6         800166e6        0     1                 .L0 
        800166e6         800166e6        0     1                 .L0 
        800166f8         800166f8        0     1                 .L0 
        80016758         80016758        0     1                 .L0 
        8001675c         8001675c       a0     1                 .Lqwen_graph_kv_index_put_kv_cache_update_position_16x8x128_cap512
        8001675c         8001675c        0     1                 .L0 
        8001675c         8001675c        0     1                 .L0 
        80016778         80016778        0     1                 .L0 
        800167f8         800167f8        0     1                 .L0 
        800167fc         800167fc       76     1                 .Lqwen_graph_kv_index_put_1_layout_context_8x16x128
        800167fc         800167fc        0     1                 .L0 
        800167fc         800167fc        0     1                 .L0 
        8001680e         8001680e        0     1                 .L0 
        8001686e         8001686e        0     1                 .L0 
        80016872         80016872       a0     1                 .Lqwen_graph_kv_index_put_1_kv_cache_update_position_16x8x128_cap512
        80016872         80016872        0     1                 .L0 
        80016872         80016872        0     1                 .L0 
        8001688e         8001688e        0     1                 .L0 
        8001690e         8001690e        0     1                 .L0 
        80016912         80016912       aa     1                 .Lqwen_graph_attn__scaled_dot_product_flash_attention_for_cpu_qk_attention_qk_position_native_16x16x512x128
        80016912         80016912        0     1                 .L0 
        80016912         80016912        0     1                 .L0 
        80016916         80016916        0     1                 .L0 
        800169b8         800169b8        0     1                 .L0 
        800169bc         800169bc       a0     1                 .Lqwen_graph_attn__scaled_dot_product_flash_attention_for_cpu_mask_attention_scale_mask_position_16x16x512
        800169bc         800169bc        0     1                 .L0 
        800169bc         800169bc        0     1                 .L0 
        800169d8         800169d8        0     1                 .L0 
        80016a58         80016a58        0     1                 .L0 
        80016a5c         80016a5c       86     1                 .Lqwen_graph_attn__scaled_dot_product_flash_attention_for_cpu_softmax_softmax_16x16x512
        80016a5c         80016a5c        0     1                 .L0 
        80016a5c         80016a5c        0     1                 .L0 
        80016a60         80016a60        0     1                 .L0 
        80016ade         80016ade        0     1                 .L0 
        80016ae2         80016ae2       aa     1                 .Lqwen_graph_attn__scaled_dot_product_flash_attention_for_cpu_pv_attention_pv_position_16x16x128x512
        80016ae2         80016ae2        0     1                 .L0 
        80016ae2         80016ae2        0     1                 .L0 
        80016ae6         80016ae6        0     1                 .L0 
        80016b88         80016b88        0     1                 .L0 
        80016b8c         80016b8c       60     1                 .Lqwen_graph_w8a8_mm_3_quantize_16x2048
        80016b8c         80016b8c        0     1                 .L0 
        80016b8c         80016b8c        0     1                 .L0 
        80016b98         80016b98        0     1                 .L0 
        80016be8         80016be8        0     1                 .L0 
        80016bec         80016bec       70     1                 .Lqwen_graph_w8a8_mm_3_matmul_16x1024x2048
        80016bec         80016bec        0     1                 .L0 
        80016bec         80016bec        0     1                 .L0 
        80016bfc         80016bfc        0     1                 .L0 
        80016c58         80016c58        0     1                 .L0 
        80016c5c         80016c5c       8a     1                 .Lqwen_graph_w8a8_mm_3_dequantize_16x1024
        80016c5c         80016c5c        0     1                 .L0 
        80016c5c         80016c5c        0     1                 .L0 
        80016c72         80016c72        0     1                 .L0 
        80016ce2         80016ce2        0     1                 .L0 
        80016ce6         80016ce6       6e     1                 .Lqwen_graph_rmsnorm_16x1024__forward_prefill_mul_13
        80016ce6         80016ce6        0     1                 .L0 
        80016ce6         80016ce6        0     1                 .L0 
        80016cec         80016cec        0     1                 .L0 
        80016d50         80016d50        0     1                 .L0 
        80016d54         80016d54       60     1                 .Lqwen_graph_w8a8_mm_4_quantize_16x1024
        80016d54         80016d54        0     1                 .L0 
        80016d54         80016d54        0     1                 .L0 
        80016d60         80016d60        0     1                 .L0 
        80016db0         80016db0        0     1                 .L0 
        80016db4         80016db4       70     1                 .Lqwen_graph_w8a8_mm_4_matmul_16x3072x1024
        80016db4         80016db4        0     1                 .L0 
        80016db4         80016db4        0     1                 .L0 
        80016dc4         80016dc4        0     1                 .L0 
        80016e20         80016e20        0     1                 .L0 
        80016e24         80016e24       8a     1                 .Lqwen_graph_w8a8_mm_4_dequantize_16x3072
        80016e24         80016e24        0     1                 .L0 
        80016e24         80016e24        0     1                 .L0 
        80016e3a         80016e3a        0     1                 .L0 
        80016eaa         80016eaa        0     1                 .L0 
        80016eae         80016eae       58     1                 .Lqwen_graph_silu_16x3072__forward_prefill_mul_14
        80016eae         80016eae        0     1                 .L0 
        80016eae         80016eae        0     1                 .L0 
        80016eb4         80016eb4        0     1                 .L0 
        80016f02         80016f02        0     1                 .L0 
        80016f06         80016f06       60     1                 .Lqwen_graph_w8a8_mm_5_quantize_16x1024
        80016f06         80016f06        0     1                 .L0 
        80016f06         80016f06        0     1                 .L0 
        80016f12         80016f12        0     1                 .L0 
        80016f62         80016f62        0     1                 .L0 
        80016f66         80016f66       70     1                 .Lqwen_graph_w8a8_mm_5_matmul_16x3072x1024
        80016f66         80016f66        0     1                 .L0 
        80016f66         80016f66        0     1                 .L0 
        80016f76         80016f76        0     1                 .L0 
        80016fd2         80016fd2        0     1                 .L0 
        80016fd6         80016fd6       8a     1                 .Lqwen_graph_w8a8_mm_5_dequantize_16x3072
        80016fd6         80016fd6        0     1                 .L0 
        80016fd6         80016fd6        0     1                 .L0 
        80016fec         80016fec        0     1                 .L0 
        8001705c         8001705c        0     1                 .L0 
        80017060         80017060       60     1                 .Lqwen_graph_w8a8_mm_6_quantize_16x3072
        80017060         80017060        0     1                 .L0 
        80017060         80017060        0     1                 .L0 
        8001706c         8001706c        0     1                 .L0 
        800170bc         800170bc        0     1                 .L0 
        800170c0         800170c0       70     1                 .Lqwen_graph_w8a8_mm_6_matmul_16x1024x3072
        800170c0         800170c0        0     1                 .L0 
        800170c0         800170c0        0     1                 .L0 
        800170d0         800170d0        0     1                 .L0 
        8001712c         8001712c        0     1                 .L0 
        80017130         80017130       8a     1                 .Lqwen_graph_w8a8_mm_6_dequantize_16x1024
        80017130         80017130        0     1                 .L0 
        80017130         80017130        0     1                 .L0 
        80017146         80017146        0     1                 .L0 
        800171b6         800171b6        0     1                 .L0 
        800171ba         800171ba       6e     1                 .Lqwen_graph_rmsnorm_16x1024__forward_prefill_mul_17
        800171ba         800171ba        0     1                 .L0 
        800171ba         800171ba        0     1                 .L0 
        800171c0         800171c0        0     1                 .L0 
        80017224         80017224        0     1                 .L0 
        80017228         80017228       60     1                 .Lqwen_graph_w8a8_mm_7_quantize_1x1024
        80017228         80017228        0     1                 .L0 
        80017228         80017228        0     1                 .L0 
        80017234         80017234        0     1                 .L0 
        80017284         80017284        0     1                 .L0 
        80017288         80017288       70     1                 .Lqwen_graph_w8a8_mm_7_matmul_1x151936x1024
        80017288         80017288        0     1                 .L0 
        80017288         80017288        0     1                 .L0 
        80017298         80017298        0     1                 .L0 
        800172f4         800172f4        0     1                 .L0 
        800172f8         800172f8       8a     1                 .Lqwen_graph_w8a8_mm_7_dequantize_1x151936
        800172f8         800172f8        0     1                 .L0 
        800172f8         800172f8        0     1                 .L0 
        8001730e         8001730e        0     1                 .L0 
        8001737e         8001737e        0     1                 .L0 
        80017382         80017382        0     1                 .L0 
        80017382         80017382        0     1                 .L0 
        80017382         80017382       d6     1                 dealloc_helper
        80017386         80017386        0     1                 .L0 
        800173a6         800173a6        0     1                 .LBB41_2
        800173aa         800173aa        0     1                 .LBB41_3
        800173bc         800173bc        0     1                 .LBB41_4
        800173e4         800173e4        0     1                 .LBB41_6
        800173f4         800173f4        0     1                 .LBB41_7
        80017422         80017422        0     1                 .LBB41_10
        80017452         80017452        0     1                 .LBB41_12
        80017454         80017454        0     1                 .L0 
        80017458         80017458        0     1                 .L0 
        80017458         80017458        0     1                 .L0 
        80017458         80017458       b6     1                 _mlir_ciface_dealloc_helper
        80017470         80017470        0     1                 .L0 
        8001750a         8001750a        0     1                 .L0 
        8001750e         8001750e        0     1                 .L0 
        8001750e         8001750e     115a     2         /home/chh/gitprojects/buddy-mlir-for-fpga/examples/FPGA-BOSCAME/qwen3-0.6b/model/build/ame-v05/model-combined/image/intermediate-probe.o:(.text)
        8001750e         8001750e        0     1                 .Lpcrel_hi0
        8001750e         8001750e        0     1                 $xrv64i2p1_m2p0_a2p1_f2p2_d2p2_c2p0_zicbom1p0_zicsr2p0_zifencei2p0_zmmul1p0_zaamo1p0_zalrsc1p0_zca1p0_zcd1p0
        8001750e         8001750e       78     1                 qwen_intermediate_begin
        80017550         80017550        0     1                 .L0 
        80017554         80017554        0     1                 .L0 
        8001755c         8001755c        0     1                 .L0 
        80017564         80017564        0     1                 .L0 
        80017586         80017586      176     1                 qwen_intermediate_end
        800175a4         800175a4        0     1                 .Lpcrel_hi1
        800175ac         800175ac        0     1                 .Lpcrel_hi2
        800175be         800175be        0     1                 .Lpcrel_hi3
        800175c8         800175c8        0     1                 .Lpcrel_hi4
        800175d2         800175d2        0     1                 .Lpcrel_hi5
        800175da         800175da        0     1                 .Lpcrel_hi6
        800175e2         800175e2        0     1                 .Lpcrel_hi7
        800175ea         800175ea        0     1                 .Lpcrel_hi8
        800175f2         800175f2        0     1                 .Lpcrel_hi9
        800175fc         800175fc        0     1                 .Lpcrel_hi10
        8001760c         8001760c        0     1                 .L0 
        80017610         80017610        0     1                 .L0 
        8001767a         8001767a        0     1                 .L0 
        80017686         80017686        0     1                 .L0 
        800176a0         800176a0        0     1                 .L0 
        800176a0         800176a0        0     1                 .Lpcrel_hi11
        800176ba         800176ba        0     1                 .Lpcrel_hi13
        800176c4         800176c4        0     1                 .L0 
        800176c4         800176c4        0     1                 .Lpcrel_hi12
        800176cc         800176cc        0     1                 .L0 
        800176fc         800176fc       32     1                 __wrap__mlir_ciface_qwen_graph_attn__scaled_dot_product_flash_attention_for_cpu_pv_attention_pv_position_16x16x128x512
        80017704         80017704        0     1                 .Lpcrel_hi14
        80017716         80017716        0     1                 .L0 
        8001772e         8001772e      27e     1                 check
        8001774a         8001774a        0     1                 .Lpcrel_hi15
        80017756         80017756        0     1                 .L0 
        80017760         80017760        0     1                 .Lpcrel_hi16
        8001776a         8001776a        0     1                 .Lpcrel_hi17
        8001777c         8001777c        0     1                 .Lpcrel_hi18
        80017792         80017792        0     1                 .Lpcrel_hi19
        800177a4         800177a4        0     1                 .Lpcrel_hi20
        800177b0         800177b0        0     1                 .Lpcrel_hi21
        80017832         80017832        0     1                 .L0 
        80017838         80017838        0     1                 .L0 
        8001784c         8001784c        0     1                 .L0 
        8001785c         8001785c        0     1                 .L0 
        80017886         80017886        0     1                 .Lpcrel_hi22
        800178d4         800178d4        0     1                 .L0 
        800178e2         800178e2        0     1                 .L0 
        80017924         80017924        0     1                 .L0 
        8001792c         8001792c        0     1                 .L0 
        80017946         80017946        0     1                 .L0 
        8001796c         8001796c        0     1                 .L0 
        8001799a         8001799a        0     1                 .Lpcrel_hi23
        800179ac         800179ac       34     1                 __wrap__mlir_ciface_qwen_graph_attn__scaled_dot_product_flash_attention_for_cpu_pv_attention_pv_position_16x1x128x512
        800179b4         800179b4        0     1                 .Lpcrel_hi24
        800179c8         800179c8        0     1                 .L0 
        800179e0         800179e0       4c     1                 __wrap__mlir_ciface_qwen_graph_attn__scaled_dot_product_flash_attention_for_cpu_qk_attention_qk_position_native_16x16x512x128
        800179f2         800179f2        0     1                 .Lpcrel_hi25
        80017a06         80017a06        0     1                 .L0 
        80017a2c         80017a2c       4e     1                 __wrap__mlir_ciface_qwen_graph_attn__scaled_dot_product_flash_attention_for_cpu_qk_attention_qk_position_native_16x1x512x128
        80017a3e         80017a3e        0     1                 .Lpcrel_hi26
        80017a54         80017a54        0     1                 .L0 
        80017a7a         80017a7a       32     1                 __wrap__mlir_ciface_qwen_graph_attn__scaled_dot_product_flash_attention_for_cpu_softmax_softmax_16x16x512
        80017a82         80017a82        0     1                 .Lpcrel_hi27
        80017a94         80017a94        0     1                 .L0 
        80017aac         80017aac       34     1                 __wrap__mlir_ciface_qwen_graph_attn__scaled_dot_product_flash_attention_for_cpu_softmax_softmax_16x1x512
        80017ab4         80017ab4        0     1                 .Lpcrel_hi28
        80017ac8         80017ac8        0     1                 .L0 
        80017ae0         80017ae0       48     1                 __wrap__mlir_ciface_qwen_graph_rmsnorm_128x128__forward_prefill_mul_7
        80017aee         80017aee        0     1                 .Lpcrel_hi29
        80017b02         80017b02        0     1                 .L0 
        80017b28         80017b28       48     1                 __wrap__mlir_ciface_qwen_graph_rmsnorm_16x1024__forward_prefill_mul_13
        80017b36         80017b36        0     1                 .Lpcrel_hi30
        80017b4a         80017b4a        0     1                 .L0 
        80017b70         80017b70       42     1                 __wrap__mlir_ciface_qwen_graph_rmsnorm_16x1024__forward_prefill_mul_17
        80017b7e         80017b7e        0     1                 .Lpcrel_hi31
        80017b92         80017b92        0     1                 .L0 
        80017bb2         80017bb2       48     1                 __wrap__mlir_ciface_qwen_graph_rmsnorm_16x1024__forward_prefill_mul_3
        80017bc0         80017bc0        0     1                 .Lpcrel_hi32
        80017bd4         80017bd4        0     1                 .L0 
        80017bfa         80017bfa       4e     1                 __wrap__mlir_ciface_qwen_graph_rmsnorm_16x128__forward_decode_mul_5
        80017c08         80017c08        0     1                 .Lpcrel_hi33
        80017c1e         80017c1e        0     1                 .L0 
        80017c48         80017c48       4e     1                 __wrap__mlir_ciface_qwen_graph_rmsnorm_1x1024__forward_decode_mul_13
        80017c56         80017c56        0     1                 .Lpcrel_hi34
        80017c6c         80017c6c        0     1                 .L0 
        80017c96         80017c96       46     1                 __wrap__mlir_ciface_qwen_graph_rmsnorm_1x1024__forward_decode_mul_17
        80017ca4         80017ca4        0     1                 .Lpcrel_hi35
        80017cba         80017cba        0     1                 .L0 
        80017cdc         80017cdc       4e     1                 __wrap__mlir_ciface_qwen_graph_rmsnorm_1x1024__forward_decode_mul_3
        80017cea         80017cea        0     1                 .Lpcrel_hi36
        80017d00         80017d00        0     1                 .L0 
        80017d2a         80017d2a       48     1                 __wrap__mlir_ciface_qwen_graph_rmsnorm_256x128__forward_prefill_mul_5
        80017d38         80017d38        0     1                 .Lpcrel_hi37
        80017d4c         80017d4c        0     1                 .L0 
        80017d72         80017d72       4e     1                 __wrap__mlir_ciface_qwen_graph_rmsnorm_8x128__forward_decode_mul_7
        80017d80         80017d80        0     1                 .Lpcrel_hi38
        80017d96         80017d96        0     1                 .L0 
        80017dc0         80017dc0       40     1                 __wrap__mlir_ciface_qwen_graph_silu_16x3072__forward_prefill_mul_14
        80017dca         80017dca        0     1                 .Lpcrel_hi39
        80017dde         80017dde        0     1                 .L0 
        80017e00         80017e00       46     1                 __wrap__mlir_ciface_qwen_graph_silu_1x3072__forward_decode_mul_14
        80017e0a         80017e0a        0     1                 .Lpcrel_hi40
        80017e20         80017e20        0     1                 .L0 
        80017e46         80017e46       30     1                 __wrap__mlir_ciface_qwen_graph_w8a8_mm_1_dequantize_16x1024
        80017e4e         80017e4e        0     1                 .Lpcrel_hi41
        80017e60         80017e60        0     1                 .L0 
        80017e76         80017e76       34     1                 __wrap__mlir_ciface_qwen_graph_w8a8_mm_1_dequantize_1x1024
        80017e7e         80017e7e        0     1                 .Lpcrel_hi42
        80017e92         80017e92        0     1                 .L0 
        80017eaa         80017eaa       50     1                 __wrap__mlir_ciface_qwen_graph_w8a8_mm_1_quantize_16x1024
        80017eb8         80017eb8        0     1                 .Lpcrel_hi43
        80017ecc         80017ecc        0     1                 .L0 
        80017efa         80017efa       5a     1                 __wrap__mlir_ciface_qwen_graph_w8a8_mm_1_quantize_1x1024
        80017f08         80017f08        0     1                 .Lpcrel_hi44
        80017f1e         80017f1e        0     1                 .L0 
        80017f54         80017f54       32     1                 __wrap__mlir_ciface_qwen_graph_w8a8_mm_2_dequantize_16x1024
        80017f5c         80017f5c        0     1                 .Lpcrel_hi45
        80017f6e         80017f6e        0     1                 .L0 
        80017f86         80017f86       36     1                 __wrap__mlir_ciface_qwen_graph_w8a8_mm_2_dequantize_1x1024
        80017f8e         80017f8e        0     1                 .Lpcrel_hi46
        80017fa2         80017fa2        0     1                 .L0 
        80017fbc         80017fbc       52     1                 __wrap__mlir_ciface_qwen_graph_w8a8_mm_2_quantize_16x1024
        80017fca         80017fca        0     1                 .Lpcrel_hi47
        80017fde         80017fde        0     1                 .L0 
        8001800e         8001800e       5a     1                 __wrap__mlir_ciface_qwen_graph_w8a8_mm_2_quantize_1x1024
        8001801c         8001801c        0     1                 .Lpcrel_hi48
        80018032         80018032        0     1                 .L0 
        80018068         80018068       32     1                 __wrap__mlir_ciface_qwen_graph_w8a8_mm_3_dequantize_16x1024
        80018070         80018070        0     1                 .Lpcrel_hi49
        80018082         80018082        0     1                 .L0 
        8001809a         8001809a       36     1                 __wrap__mlir_ciface_qwen_graph_w8a8_mm_3_dequantize_1x1024
        800180a2         800180a2        0     1                 .Lpcrel_hi50
        800180b6         800180b6        0     1                 .L0 
        800180d0         800180d0       52     1                 __wrap__mlir_ciface_qwen_graph_w8a8_mm_3_quantize_16x2048
        800180de         800180de        0     1                 .Lpcrel_hi51
        800180f2         800180f2        0     1                 .L0 
        80018122         80018122       5a     1                 __wrap__mlir_ciface_qwen_graph_w8a8_mm_3_quantize_1x2048
        80018130         80018130        0     1                 .Lpcrel_hi52
        80018146         80018146        0     1                 .L0 
        8001817c         8001817c       32     1                 __wrap__mlir_ciface_qwen_graph_w8a8_mm_4_dequantize_16x3072
        80018184         80018184        0     1                 .Lpcrel_hi53
        80018196         80018196        0     1                 .L0 
        800181ae         800181ae       36     1                 __wrap__mlir_ciface_qwen_graph_w8a8_mm_4_dequantize_1x3072
        800181b6         800181b6        0     1                 .Lpcrel_hi54
        800181ca         800181ca        0     1                 .L0 
        800181e4         800181e4       52     1                 __wrap__mlir_ciface_qwen_graph_w8a8_mm_4_quantize_16x1024
        800181f2         800181f2        0     1                 .Lpcrel_hi55
        80018206         80018206        0     1                 .L0 
        80018236         80018236       5a     1                 __wrap__mlir_ciface_qwen_graph_w8a8_mm_4_quantize_1x1024
        80018244         80018244        0     1                 .Lpcrel_hi56
        8001825a         8001825a        0     1                 .L0 
        80018290         80018290       34     1                 __wrap__mlir_ciface_qwen_graph_w8a8_mm_5_dequantize_16x3072
        80018298         80018298        0     1                 .Lpcrel_hi57
        800182aa         800182aa        0     1                 .L0 
        800182c4         800182c4       36     1                 __wrap__mlir_ciface_qwen_graph_w8a8_mm_5_dequantize_1x3072
        800182cc         800182cc        0     1                 .Lpcrel_hi58
        800182e0         800182e0        0     1                 .L0 
        800182fa         800182fa       56     1                 __wrap__mlir_ciface_qwen_graph_w8a8_mm_5_quantize_16x1024
        80018308         80018308        0     1                 .Lpcrel_hi59
        8001831c         8001831c        0     1                 .L0 
        80018350         80018350       5a     1                 __wrap__mlir_ciface_qwen_graph_w8a8_mm_5_quantize_1x1024
        8001835e         8001835e        0     1                 .Lpcrel_hi60
        80018374         80018374        0     1                 .L0 
        800183aa         800183aa       34     1                 __wrap__mlir_ciface_qwen_graph_w8a8_mm_6_dequantize_16x1024
        800183b2         800183b2        0     1                 .Lpcrel_hi61
        800183c4         800183c4        0     1                 .L0 
        800183de         800183de       36     1                 __wrap__mlir_ciface_qwen_graph_w8a8_mm_6_dequantize_1x1024
        800183e6         800183e6        0     1                 .Lpcrel_hi62
        800183fa         800183fa        0     1                 .L0 
        80018414         80018414       58     1                 __wrap__mlir_ciface_qwen_graph_w8a8_mm_6_quantize_16x3072
        80018422         80018422        0     1                 .Lpcrel_hi63
        80018436         80018436        0     1                 .L0 
        8001846c         8001846c       5a     1                 __wrap__mlir_ciface_qwen_graph_w8a8_mm_6_quantize_1x3072
        8001847a         8001847a        0     1                 .Lpcrel_hi64
        80018490         80018490        0     1                 .L0 
        800184c6         800184c6       2a     1                 __wrap__mlir_ciface_qwen_graph_w8a8_mm_7_dequantize_1x151936
        800184f0         800184f0       64     1                 __wrap__mlir_ciface_qwen_graph_w8a8_mm_7_quantize_1x1024
        80018554         80018554       32     1                 __wrap__mlir_ciface_qwen_graph_w8a8_mm_dequantize_16x2048
        8001855c         8001855c        0     1                 .Lpcrel_hi65
        8001856e         8001856e        0     1                 .L0 
        80018586         80018586       36     1                 __wrap__mlir_ciface_qwen_graph_w8a8_mm_dequantize_1x2048
        8001858e         8001858e        0     1                 .Lpcrel_hi66
        800185a2         800185a2        0     1                 .L0 
        800185bc         800185bc       52     1                 __wrap__mlir_ciface_qwen_graph_w8a8_mm_quantize_16x1024
        800185ca         800185ca        0     1                 .Lpcrel_hi67
        800185de         800185de        0     1                 .L0 
        8001860e         8001860e       5a     1                 __wrap__mlir_ciface_qwen_graph_w8a8_mm_quantize_1x1024
        8001861c         8001861c        0     1                 .Lpcrel_hi68
        80018632         80018632        0     1                 .L0 
        80018668         80018668      fb4     2         /home/chh/gitprojects/buddy-mlir-for-fpga/examples/FPGA-BOSCAME/qwen3-0.6b/model/build/ame-v05/model-combined/image/tokenizer_encode.o:(.text)
        80018668         80018668        0     1                 $xrv64i2p1_m2p0_a2p1_f2p2_d2p2_c2p0_zicbom1p0_zicsr2p0_zifencei2p0_zmmul1p0_zaamo1p0_zalrsc1p0_zca1p0_zcd1p0
        80018668         80018668      2be     1                 qwen_bpe
        8001871a         8001871a        0     1                 .L0 
        80018730         80018730        0     1                 .L0 
        80018738         80018738        0     1                 .L0 
        80018750         80018750        0     1                 .L0 
        8001875c         8001875c        0     1                 .L0 
        80018782         80018782        0     1                 .L0 
        80018786         80018786        0     1                 .L0 
        8001878a         8001878a        0     1                 .L0 
        800187f4         800187f4        0     1                 .L0 
        80018812         80018812        0     1                 .L0 
        80018816         80018816        0     1                 .L0 
        80018818         80018818        0     1                 .L0 
        8001882c         8001882c        0     1                 .L0 
        80018874         80018874        0     1                 .L0 
        800188c8         800188c8        0     1                 .L0 
        800188ca         800188ca        0     1                 .L0 
        800188d2         800188d2        0     1                 .L0 
        800188de         800188de        0     1                 .L0 
        800188fc         800188fc        0     1                 .L0 
        80018922         80018922        0     1                 .L0 
        80018926         80018926      14e     1                 qwen_encode
        80018980         80018980        0     1                 .L0 
        80018994         80018994        0     1                 .L0 
        800189a0         800189a0        0     1                 .L0 
        80018a2e         80018a2e        0     1                 .L0 
        80018a34         80018a34        0     1                 .L0 
        80018a4c         80018a4c        0     1                 .L0 
        80018a54         80018a54        0     1                 .L0 
        80018a56         80018a56        0     1                 .L0 
        80018a74         80018a74      ba8     1                 encode_plain
        80018abc         80018abc        0     1                 .L0 
        80018ad4         80018ad4        0     1                 .L0 
        80018ae6         80018ae6        0     1                 .L0 
        80018af4         80018af4        0     1                 .L0 
        80018afc         80018afc        0     1                 .L0 
        80018b78         80018b78        0     1                 .L0 
        80018b92         80018b92        0     1                 .L0 
        80018ba8         80018ba8        0     1                 .L0 
        80018bba         80018bba        0     1                 .Lpcrel_hi0
        80018bee         80018bee        0     1                 .L0 
        80018c00         80018c00        0     1                 .L0 
        80018c0a         80018c0a        0     1                 .L0 
        80018c92         80018c92        0     1                 .L0 
        80018ca0         80018ca0        0     1                 .L0 
        80018ca6         80018ca6        0     1                 .L0 
        80018cac         80018cac        0     1                 .L0 
        80018cc4         80018cc4        0     1                 .Lpcrel_hi3
        80018d10         80018d10        0     1                 .L0 
        80018d1c         80018d1c        0     1                 .L0 
        80018d1e         80018d1e        0     1                 .Lpcrel_hi1
        80018d22         80018d22        0     1                 .Lpcrel_hi2
        80018d46         80018d46        0     1                 .L0 
        80018d48         80018d48        0     1                 .L0 
        80018d56         80018d56        0     1                 .L0 
        80018d6c         80018d6c        0     1                 .L0 
        80018d72         80018d72        0     1                 .L0 
        80018d78         80018d78        0     1                 .L0 
        80018da6         80018da6        0     1                 .L0 
        80018dba         80018dba        0     1                 .L0 
        80018dc0         80018dc0        0     1                 .L0 
        80018dc6         80018dc6        0     1                 .L0 
        80018e00         80018e00        0     1                 .L0 
        80018e04         80018e04        0     1                 .L0 
        80018e18         80018e18        0     1                 .Lpcrel_hi4
        80018e42         80018e42        0     1                 .L0 
        80018e5c         80018e5c        0     1                 .L0 
        80018e70         80018e70        0     1                 .L0 
        80018e76         80018e76        0     1                 .L0 
        80018e7c         80018e7c        0     1                 .L0 
        80018ea6         80018ea6        0     1                 .L0 
        80018eaa         80018eaa        0     1                 .L0 
        80018ef8         80018ef8        0     1                 .L0 
        80018f06         80018f06        0     1                 .L0 
        80018f14         80018f14        0     1                 .Lpcrel_hi5
        80018f3c         80018f3c        0     1                 .L0 
        80018f46         80018f46        0     1                 .L0 
        80018f4a         80018f4a        0     1                 .L0 
        80018f4e         80018f4e        0     1                 .L0 
        80018f66         80018f66        0     1                 .Lpcrel_hi6
        80018f8e         80018f8e        0     1                 .L0 
        80018f92         80018f92        0     1                 .L0 
        80018f9a         80018f9a        0     1                 .L0 
        80018fa2         80018fa2        0     1                 .L0 
        80018faa         80018faa        0     1                 .L0 
        80018fb4         80018fb4        0     1                 .Lpcrel_hi7
        80018fb8         80018fb8        0     1                 .Lpcrel_hi8
        80018fc4         80018fc4        0     1                 .Lpcrel_hi9
        80018fda         80018fda        0     1                 .Lpcrel_hi10
        80018fec         80018fec        0     1                 .L0 
        8001901c         8001901c        0     1                 .L0 
        80019024         80019024        0     1                 .L0 
        80019046         80019046        0     1                 .L0 
        80019054         80019054        0     1                 .L0 
        80019060         80019060        0     1                 .L0 
        8001907c         8001907c        0     1                 .L0 
        8001907e         8001907e        0     1                 .L0 
        80019094         80019094        0     1                 .L0 
        80019098         80019098        0     1                 .L0 
        80019098         80019098        0     1                 .Lpcrel_hi11
        8001909c         8001909c        0     1                 .Lpcrel_hi12
        800190b2         800190b2        0     1                 .L0 
        800190b8         800190b8        0     1                 .L0 
        800190e6         800190e6        0     1                 .L0 
        800190fc         800190fc        0     1                 .L0 
        80019102         80019102        0     1                 .L0 
        80019130         80019130        0     1                 .L0 
        8001914c         8001914c        0     1                 .L0 
        80019152         80019152        0     1                 .L0 
        80019182         80019182        0     1                 .L0 
        80019184         80019184        0     1                 .L0 
        80019198         80019198        0     1                 .L0 
        800191a8         800191a8        0     1                 .L0 
        800191ae         800191ae        0     1                 .L0 
        800191dc         800191dc        0     1                 .L0 
        800191e4         800191e4        0     1                 .L0 
        800191e6         800191e6        0     1                 .L0 
        800191fa         800191fa        0     1                 .L0 
        80019204         80019204        0     1                 .L0 
        8001920a         8001920a        0     1                 .L0 
        80019238         80019238        0     1                 .L0 
        80019242         80019242        0     1                 .Lpcrel_hi13
        80019254         80019254        0     1                 .L0 
        8001926c         8001926c        0     1                 .L0 
        80019272         80019272        0     1                 .L0 
        8001929e         8001929e        0     1                 .L0 
        800192a8         800192a8        0     1                 .L0 
        800192ae         800192ae        0     1                 .L0 
        800192da         800192da        0     1                 .L0 
        800192e4         800192e4        0     1                 .L0 
        800192ea         800192ea        0     1                 .L0 
        80019316         80019316        0     1                 .L0 
        80019320         80019320        0     1                 .L0 
        80019322         80019322        0     1                 .L0 
        8001934a         8001934a        0     1                 .L0 
        80019354         80019354        0     1                 .L0 
        80019364         80019364        0     1                 .L0 
        80019368         80019368        0     1                 .L0 
        8001936a         8001936a        0     1                 .L0 
        80019376         80019376        0     1                 .L0 
        80019384         80019384        0     1                 .L0 
        80019394         80019394        0     1                 .L0 
        8001939a         8001939a        0     1                 .L0 
        800193ca         800193ca        0     1                 .L0 
        800193d6         800193d6        0     1                 .L0 
        800193da         800193da        0     1                 .L0 
        800193e0         800193e0        0     1                 .L0 
        800193e4         800193e4        0     1                 .L0 
        800193e6         800193e6        0     1                 .L0 
        800193fa         800193fa        0     1                 .L0 
        80019400         80019400        0     1                 .L0 
        80019430         80019430        0     1                 .L0 
        8001943c         8001943c        0     1                 .L0 
        8001943e         8001943e        0     1                 .L0 
        80019456         80019456        0     1                 .L0 
        80019458         80019458        0     1                 .L0 
        8001946c         8001946c        0     1                 .L0 
        80019472         80019472        0     1                 .L0 
        800194a2         800194a2        0     1                 .L0 
        800194ac         800194ac        0     1                 .L0 
        800194ae         800194ae        0     1                 .L0 
        800194c4         800194c4        0     1                 .L0 
        800194e0         800194e0        0     1                 .L0 
        8001950a         8001950a        0     1                 .L0 
        80019540         80019540        0     1                 .L0 
        80019576         80019576        0     1                 .L0 
        800195ee         800195ee        0     1                 .L0 
        800195f2         800195f2        0     1                 .L0 
        800195f4         800195f4        0     1                 .L0 
        8001961c         8001961c      d32     2         /home/chh/gitprojects/buddy-mlir-for-fpga/examples/FPGA-BOSCAME/qwen3-0.6b/model/build/ame-v05/model-combined/image/tokenizer_resource.o:(.text)
        8001961c         8001961c        0     1                 $xrv64i2p1_m2p0_a2p1_f2p2_d2p2_c2p0_zicbom1p0_zicsr2p0_zifencei2p0_zmmul1p0_zaamo1p0_zalrsc1p0_zca1p0_zcd1p0
        8001961c         8001961c      750     1                 qwen_tokenizer_open
        80019970         80019970        0     1                 .L0 
        8001998c         8001998c        0     1                 .L0 
        80019a22         80019a22        0     1                 .L0 
        80019a3e         80019a3e        0     1                 .L0 
        80019a40         80019a40        0     1                 .L0 
        80019a6c         80019a6c        0     1                 .L0 
        80019a74         80019a74        0     1                 .L0 
        80019bd2         80019bd2        0     1                 .L0 
        80019be8         80019be8        0     1                 .L0 
        80019c60         80019c60        0     1                 .L0 
        80019c7c         80019c7c        0     1                 .L0 
        80019d68         80019d68        0     1                 .L0 
        80019d6c         80019d6c       a6     1                 qwen_token_piece
        80019e10         80019e10        0     1                 .L0 
        80019e12         80019e12      154     1                 qwen_decode_bytes
        80019e48         80019e48        0     1                 .Lpcrel_hi0
        80019e56         80019e56        0     1                 .L0 
        80019e5e         80019e5e        0     1                 .L0 
        80019e60         80019e60        0     1                 .L0 
        80019e66         80019e66        0     1                 .L0 
        80019ec8         80019ec8        0     1                 .L0 
        80019ef2         80019ef2        0     1                 .L0 
        80019efc         80019efc        0     1                 .L0 
        80019f10         80019f10        0     1                 .L0 
        80019f34         80019f34        0     1                 .L0 
        80019f3c         80019f3c        0     1                 .L0 
        80019f4a         80019f4a        0     1                 .L0 
        80019f64         80019f64        0     1                 .L0 
        80019f66         80019f66       ba     1                 qwen_decode_token
        8001a000         8001a000        0     1                 .L0 
        8001a01e         8001a01e        0     1                 .L0 
        8001a020         8001a020       30     1                 qwen_decode_finish
        8001a032         8001a032        0     1                 .Lpcrel_hi1
        8001a040         8001a040        0     1                 .L0 
        8001a050         8001a050      2fe     1                 qwen_chat_single_turn
        8001a116         8001a116        0     1                 .L0 
        8001a118         8001a118        0     1                 .L0 
        8001a1dc         8001a1dc        0     1                 .L0 
        8001a1fc         8001a1fc        0     1                 .L0 
        8001a264         8001a264        0     1                 .L0 
        8001a284         8001a284        0     1                 .L0 
        8001a296         8001a296        0     1                 .Lpcrel_hi2
        8001a342         8001a342        0     1                 .L0 
        8001a348         8001a348        0     1                 .L0 
        8001a34c         8001a34c        0     1                 .L0 
        8001a34e         8001a34e     6440     2         /home/chh/gitprojects/buddy-mlir-for-fpga/examples/FPGA-BOSCAME/qwen3-0.6b/model/build/ame-v05/model-combined/image/forward_decode.nr.o:(.text)
        8001a34e         8001a34e        0     1                 .L0 
        8001a34e         8001a34e        0     1                 $xrv64i2p1_m2p0_a2p1_f2p2_d2p2_c2p0_zicbom1p0_zicsr2p0_zifencei2p0_zmmul1p0_zaamo1p0_zalrsc1p0_zca1p0_zcd1p0
        8001a34e         8001a34e     305e     1                 forward_decode
        8001a38e         8001a38e        0     1                 .L0 
        8001a4dc         8001a4dc        0     1                 .LBB0_5
        8001a4e2         8001a4e2        0     1                 .LBB0_6
        8001a4ee         8001a4ee        0     1                 .LBB0_8
        8001a4f4         8001a4f4        0     1                 .LBB0_9
        8001a520         8001a520        0     1                 .LBB0_12
        8001a53e         8001a53e        0     1                 .LBB0_13
        8001a544         8001a544        0     1                 .LBB0_14
        8001a54e         8001a54e        0     1                 .LBB0_16
        8001a552         8001a552        0     1                 .LBB0_17
        8001a568         8001a568        0     1                 .LBB0_20
        8001a578         8001a578        0     1                 .LBB0_21
        8001a580         8001a580        0     1                 .LBB0_22
        8001a58e         8001a58e        0     1                 .LBB0_24
        8001a592         8001a592        0     1                 .LBB0_25
        8001a5a0         8001a5a0        0     1                 .LBB0_27
        8001a5a4         8001a5a4        0     1                 .LBB0_28
        8001a5da         8001a5da        0     1                 .LBB0_31
        8001a5fa         8001a5fa        0     1                 .LBB0_32
        8001a604         8001a604        0     1                 .LBB0_33
        8001a610         8001a610        0     1                 .LBB0_35
        8001a618         8001a618        0     1                 .LBB0_36
        8001a63a         8001a63a        0     1                 .LBB0_39
        8001a662         8001a662        0     1                 .LBB0_40
        8001a66c         8001a66c        0     1                 .LBB0_41
        8001a678         8001a678        0     1                 .LBB0_43
        8001a682         8001a682        0     1                 .LBB0_44
        8001a68c         8001a68c        0     1                 .LBB0_46
        8001a692         8001a692        0     1                 .LBB0_47
        8001a6b8         8001a6b8        0     1                 .LBB0_50
        8001a6e8         8001a6e8        0     1                 .LBB0_51
        8001a6f2         8001a6f2        0     1                 .LBB0_52
        8001a6fe         8001a6fe        0     1                 .LBB0_54
        8001a708         8001a708        0     1                 .LBB0_55
        8001a716         8001a716        0     1                 .LBB0_57
        8001a72e         8001a72e        0     1                 .LBB0_58
        8001a752         8001a752        0     1                 .LBB0_59
        8001a75c         8001a75c        0     1                 .LBB0_60
        8001a768         8001a768        0     1                 .LBB0_62
        8001a772         8001a772        0     1                 .LBB0_63
        8001a794         8001a794        0     1                 .LBB0_66
        8001a7a0         8001a7a0        0     1                 .LBB0_67
        8001a7a6         8001a7a6        0     1                 .LBB0_68
        8001a7b0         8001a7b0        0     1                 .LBB0_70
        8001a7b6         8001a7b6        0     1                 .LBB0_71
        8001a7c2         8001a7c2        0     1                 .LBB0_73
        8001a7d8         8001a7d8        0     1                 .LBB0_74
        8001a7fc         8001a7fc        0     1                 .LBB0_75
        8001a806         8001a806        0     1                 .LBB0_76
        8001a812         8001a812        0     1                 .LBB0_78
        8001a81c         8001a81c        0     1                 .LBB0_79
        8001a83e         8001a83e        0     1                 .LBB0_82
        8001aaaa         8001aaaa        0     1                 .LBB0_83
        8001aab0         8001aab0        0     1                 .LBB0_84
        8001aabc         8001aabc        0     1                 .LBB0_86
        8001aac4         8001aac4        0     1                 .LBB0_87
        8001aad0         8001aad0        0     1                 .LBB0_89
        8001aad8         8001aad8        0     1                 .LBB0_90
        8001aafa         8001aafa        0     1                 .LBB0_93
        8001ad24         8001ad24        0     1                 .LBB0_94
        8001ad2a         8001ad2a        0     1                 .LBB0_95
        8001ad36         8001ad36        0     1                 .LBB0_97
        8001ad3e         8001ad3e        0     1                 .LBB0_98
        8001ad4a         8001ad4a        0     1                 .LBB0_100
        8001ad52         8001ad52        0     1                 .LBB0_101
        8001ad74         8001ad74        0     1                 .LBB0_104
        8001af20         8001af20        0     1                 .LBB0_105
        8001af26         8001af26        0     1                 .LBB0_106
        8001af32         8001af32        0     1                 .LBB0_108
        8001af3c         8001af3c        0     1                 .LBB0_109
        8001af48         8001af48        0     1                 .LBB0_111
        8001af50         8001af50        0     1                 .LBB0_112
        8001af72         8001af72        0     1                 .LBB0_115
        8001afa0         8001afa0        0     1                 .LBB0_116
        8001afaa         8001afaa        0     1                 .LBB0_117
        8001afb6         8001afb6        0     1                 .LBB0_119
        8001afc0         8001afc0        0     1                 .LBB0_120
        8001afce         8001afce        0     1                 .LBB0_122
        8001afdc         8001afdc        0     1                 .LBB0_123
        8001b00a         8001b00a        0     1                 .LBB0_126
        8001b042         8001b042        0     1                 .LBB0_127
        8001b048         8001b048        0     1                 .LBB0_128
        8001b054         8001b054        0     1                 .LBB0_130
        8001b05e         8001b05e        0     1                 .LBB0_131
        8001b06a         8001b06a        0     1                 .LBB0_133
        8001b074         8001b074        0     1                 .LBB0_134
        8001b09a         8001b09a        0     1                 .LBB0_137
        8001b176         8001b176        0     1                 .LBB0_138
        8001b180         8001b180        0     1                 .LBB0_139
        8001b18c         8001b18c        0     1                 .LBB0_141
        8001b196         8001b196        0     1                 .LBB0_142
        8001b1a4         8001b1a4        0     1                 .LBB0_144
        8001b1b2         8001b1b2        0     1                 .LBB0_145
        8001b1e0         8001b1e0        0     1                 .LBB0_148
        8001b212         8001b212        0     1                 .LBB0_149
        8001b21a         8001b21a        0     1                 .LBB0_150
        8001b228         8001b228        0     1                 .LBB0_152
        8001b236         8001b236        0     1                 .LBB0_153
        8001b244         8001b244        0     1                 .LBB0_155
        8001b252         8001b252        0     1                 .LBB0_156
        8001b280         8001b280        0     1                 .LBB0_159
        8001b2aa         8001b2aa        0     1                 .LBB0_160
        8001b2b4         8001b2b4        0     1                 .LBB0_161
        8001b2c0         8001b2c0        0     1                 .LBB0_163
        8001b2ca         8001b2ca        0     1                 .LBB0_164
        8001b2d8         8001b2d8        0     1                 .LBB0_166
[...]
        8002d1d0         8002d1d0      25c     1                 triton_silu_1x3072
        8002d20a         8002d20a        0     1                 .L0 
        8002d234         8002d234        0     1                 .LBB0_2
        8002d246         8002d246        0     1                 .LBB0_4
        8002d24c         8002d24c        0     1                 .LBB0_6
        8002d278         8002d278        0     1                 .LBB0_9
        8002d2b8         8002d2b8        0     1                 .LBB0_11
        8002d2e2         8002d2e2        0     1                 .LBB0_13
        8002d314         8002d314        0     1                 .LBB0_15
        8002d320         8002d320        0     1                 .LBB0_16
        8002d338         8002d338        0     1                 .LBB0_17
        8002d364         8002d364        0     1                 .LBB0_19
        8002d390         8002d390        0     1                 .LBB0_21
        8002d3cc         8002d3cc        0     1                 .LBB0_23
        8002d3ee         8002d3ee        0     1                 .LBB0_25
        8002d3f2         8002d3f2        0     1                 .L0 
        8002d42c         8002d42c        0     1                 .L0 
        8002d42c         8002d42c       7e     2         /home/chh/gitprojects/buddy-mlir-for-fpga/examples/FPGA-BOSCAME/qwen3-0.6b/model/build/ame-v05/model-combined/model-lib/libqwen_triton.a(softmax_16x16x512.adapter.o):(.text._mlir_ciface_kernel_softmax_16x16x512)
        8002d42c         8002d42c        0     1                 $xrv64i2p1_m2p0_a2p1_f2p2_d2p2_c2p0_zicbom1p0_zicsr2p0_zifencei2p0_zmmul1p0_zaamo1p0_zalrsc1p0_zca1p0_zcd1p0
        8002d42c         8002d42c       7e     1                 _mlir_ciface_kernel_softmax_16x16x512
        8002d476         8002d476        0     1                 .L0 
        8002d4aa         8002d4aa      224     2         /home/chh/gitprojects/buddy-mlir-for-fpga/examples/FPGA-BOSCAME/qwen3-0.6b/model/build/ame-v05/model-combined/model-lib/libqwen_triton.a(softmax_16x16x512.kernel.o):(.text)
        8002d4aa         8002d4aa        0     1                 .L0 
        8002d4aa         8002d4aa        0     1                 $xrv64i2p1_m2p0_a2p1_f2p2_d2p2_c2p0_v1p0_zicbom1p0_zicsr2p0_zifencei2p0_zmmul1p0_zaamo1p0_zalrsc1p0_zca1p0_zcd1p0_zve32f1p0_zve32x1p0_zve64d1p0_zve64f1p0_zve64x1p0_zvl128b1p0_zvl256b1p0_zvl32b1p0_zvl512b1p0_zvl64b1p0
        8002d4aa         8002d4aa      224     1                 triton_softmax_16x16x512
        8002d4ca         8002d4ca        0     1                 .L0 
        8002d526         8002d526        0     1                 .LBB0_2
        8002d560         8002d560        0     1                 .LBB0_4
        8002d58a         8002d58a        0     1                 .LBB0_6
        8002d5b6         8002d5b6        0     1                 .LBB0_8
        8002d5c2         8002d5c2        0     1                 .LBB0_9
        8002d5da         8002d5da        0     1                 .LBB0_10
        8002d606         8002d606        0     1                 .LBB0_12
        8002d626         8002d626        0     1                 .LBB0_14
        8002d652         8002d652        0     1                 .LBB0_16
        8002d6aa         8002d6aa        0     1                 .LBB0_18
        8002d6ae         8002d6ae        0     1                 .L0 
        8002d6ce         8002d6ce        0     1                 .L0 
        8002d6ce         8002d6ce       7c     2         /home/chh/gitprojects/buddy-mlir-for-fpga/examples/FPGA-BOSCAME/qwen3-0.6b/model/build/ame-v05/model-combined/model-lib/libqwen_triton.a(softmax_16x1x512.adapter.o):(.text._mlir_ciface_kernel_softmax_16x1x512)
        8002d6ce         8002d6ce        0     1                 $xrv64i2p1_m2p0_a2p1_f2p2_d2p2_c2p0_zicbom1p0_zicsr2p0_zifencei2p0_zmmul1p0_zaamo1p0_zalrsc1p0_zca1p0_zcd1p0
        8002d6ce         8002d6ce       7c     1                 _mlir_ciface_kernel_softmax_16x1x512
        8002d716         8002d716        0     1                 .L0 
        8002d74a         8002d74a      224     2         /home/chh/gitprojects/buddy-mlir-for-fpga/examples/FPGA-BOSCAME/qwen3-0.6b/model/build/ame-v05/model-combined/model-lib/libqwen_triton.a(softmax_16x1x512.kernel.o):(.text)
        8002d74a         8002d74a        0     1                 .L0 
        8002d74a         8002d74a        0     1                 $xrv64i2p1_m2p0_a2p1_f2p2_d2p2_c2p0_v1p0_zicbom1p0_zicsr2p0_zifencei2p0_zmmul1p0_zaamo1p0_zalrsc1p0_zca1p0_zcd1p0_zve32f1p0_zve32x1p0_zve64d1p0_zve64f1p0_zve64x1p0_zvl128b1p0_zvl256b1p0_zvl32b1p0_zvl512b1p0_zvl64b1p0
        8002d74a         8002d74a      224     1                 triton_softmax_16x1x512
        8002d76a         8002d76a        0     1                 .L0 
        8002d7c6         8002d7c6        0     1                 .LBB0_2
        8002d800         8002d800        0     1                 .LBB0_4
        8002d82a         8002d82a        0     1                 .LBB0_6
        8002d856         8002d856        0     1                 .LBB0_8
        8002d862         8002d862        0     1                 .LBB0_9
        8002d87a         8002d87a        0     1                 .LBB0_10
        8002d8a6         8002d8a6        0     1                 .LBB0_12
        8002d8c6         8002d8c6        0     1                 .LBB0_14
        8002d8f2         8002d8f2        0     1                 .LBB0_16
        8002d94a         8002d94a        0     1                 .LBB0_18
        8002d94e         8002d94e        0     1                 .L0 
        8002d96e         8002d96e        0     1                 .L0 
        8002d980         8002d980  107d9a8    64 .rodata
        8002d980         8002d980       10     8         <internal>:(.rodata.cst8)
        8002d990         8002d990      6b4     1         <internal>:(.rodata.str1.1)
        8002e048         8002e048     1fa0     8         /home/chh/gitprojects/buddy-mlir-for-fpga/examples/FPGA-BOSCAME/qwen3-0.6b/model/build/ame-v05/model-combined/image/intermediate-probe.o:(.rodata)
        8002e048         8002e048     1fa0     1                 probes
        8002e048         8002e048        0     1                 $d
        80030000         80030000   b018c4    64         /home/chh/gitprojects/buddy-mlir-for-fpga/examples/FPGA-BOSCAME/qwen3-0.6b/model/build/ame-v05/model-combined/image/intermediate-reference.o:(.rodata.intermediate_reference)
        80030000         80030000        0     1                 $d
        80030000         80030000        0     1                 intermediate_reference_raw
        80b31900         80b31900   567600    64         /home/chh/gitprojects/buddy-mlir-for-fpga/examples/FPGA-BOSCAME/qwen3-0.6b/model/build/ame-v05/model-combined/image/numeric-reference.o:(.rodata.qwen_reference)
        80b31900         80b31900        0     1                 $d
        80b31900         80b31900        0     1                 model_reference_raw
        81098f00         81098f00       38     8         /home/chh/gitprojects/buddy-mlir-for-fpga/examples/FPGA-BOSCAME/qwen3-0.6b/model/build/ame-v05/model-combined/image/tokenizer_encode.o:(.rodata)
        81098f00         81098f00       38     1                 match_contraction.forms
        81098f00         81098f00        0     1                 $d
        81098f38         81098f38        3     1         /home/chh/gitprojects/buddy-mlir-for-fpga/examples/FPGA-BOSCAME/qwen3-0.6b/model/build/ame-v05/model-combined/image/tokenizer_resource.o:(.rodata)
        81098f38         81098f38        3     1                 replacement.bytes
        81098f38         81098f38        0     1                 $d
        81098f3c         81098f3c    12090     4         /home/chh/gitprojects/buddy-mlir-for-fpga/examples/FPGA-BOSCAME/qwen3-0.6b/model/build/ame-v05/model-combined/image/unicode_tables.o:(.rodata)
        81098f3c         81098f3c        0     1                 $d
        81098f3c         81098f3c     1528     1                 qwen_letter_ranges
        8109a464         8109a464        4     1                 qwen_letter_count
        8109a468         8109a468      480     1                 qwen_number_ranges
        8109a8e8         8109a8e8        4     1                 qwen_number_count
        8109a8ec         8109a8ec       50     1                 qwen_space_ranges
        8109a93c         8109a93c        4     1                 qwen_space_count
        8109a940         8109a940     c120     1                 qwen_canonical
        810a6a60         810a6a60        4     1                 qwen_canonical_count
        810a6a64         810a6a64     1950     1                 qwen_combining
        810a83b4         810a83b4        4     1                 qwen_combining_count
        810a83b8         810a83b8     2c10     1                 qwen_composition
        810aafc8         810aafc8        4     1                 qwen_composition_count
        810aafcc         810aafcc        f     1         /home/chh/gitprojects/buddy-mlir-for-fpga/examples/FPGA-BOSCAME/qwen3-0.6b/model/build/ame-v05/model-combined/image/model_main.o:(.rodata)
        810aafcc         810aafcc        f     1                 fixed_user_text
        810aafcc         810aafcc        0     1                 $d
        810aafe0         810aafe0      348    16         /home/chh/gitprojects/buddy-mlir-for-fpga/examples/FPGA-BOSCAME/qwen3-0.6b/model/build/ame-v05/model-combined/image/nr_math.o:(.rodata)
        810aafe0         810aafe0      100     1                 exp2_tab
        810aafe0         810aafe0        0     1                 $d
        810ab0e0         810ab0e0      100     1                 log_tab
        810ab1e0         810ab1e0       20     1                 .promoted_doubles.expf
        810ab200         810ab200       20     1                 .promoted_doubles.logf
        810ab220         810ab220       40     1                 .promoted_doubles.powf
        810ab260         810ab260       20     1                 .promoted_doubles.tanhf
        810ab280         810ab280       20     1                 .promoted_doubles.erff
        810ab2a0         810ab2a0       20     1                 .promoted_doubles._mlir_ciface_erff
        810ab2c0         810ab2c0       68     1                 .promoted_doubles.sine_or_cosine
        810ab340         810ab340       41    64 .data
        810ab340         810ab340       41    64         /home/chh/gitprojects/buddy-mlir-for-fpga/examples/FPGA-BOSCAME/qwen3-0.6b/model/build/ame-v05/model-combined/image/ame_sync.o:(.data)
        810ab340         810ab340       41     1                 .L_MergedGlobals
        810ab340         810ab340        0     1                 $d
        810ab340         810ab340        1     1                 ame_sync_a
        810ab380         810ab380        1     1                 ame_sync_b
        810ab3c0         810ab3c0        0     1 .sdata
        810ab3c0         810ab3c0        0     1         __global_pointer$ = . + 0x800
        810ab3c0         810ab3c0    11100    64 .nr_console
        810ab3c0         810ab3c0    11100    64         /home/chh/gitprojects/buddy-mlir-for-fpga/examples/FPGA-BOSCAME/qwen3-0.6b/model/build/ame-v05/model-combined/image/nr_runtime.o:(.bss.nr_console)
        810ab3c0         810ab3c0     1080     1                 input
        810ab3c0         810ab3c0        0     1                 $d
        810ac440         810ac440    10080     1                 console
        810bc4c0         810bc4c0        0     1         . = ALIGN(64)
        810bc4c0         810bc4c0    ada40    64 .bss
        810bc4c0         810bc4c0        0     1         __bss_start = .
        810bc4c0         810bc4c0      5d8     4         /home/chh/gitprojects/buddy-mlir-for-fpga/examples/FPGA-BOSCAME/qwen3-0.6b/model/build/ame-v05/model-combined/image/intermediate-probe.o:(.bss)
        810bc4c0         810bc4c0      5d8     1                 .L_MergedGlobals
        810bc4c0         810bc4c0        0     1                 $d
        810bc4c0         810bc4c0        1     1                 failed
        810bc4c4         810bc4c4        4     1                 current_kind
        810bc4c8         810bc4c8        4     1                 current_step
        810bc4cc         810bc4cc        4     1                 current_position
        810bc4d0         810bc4d0        4     1                 invocation
        810bc4d4         810bc4d4        4     1                 active_valid
        810bc4d8         810bc4d8      170     1                 checked
        810bc648         810bc648      170     1                 seen
        810bc7b8         810bc7b8      170     1                 means
        810bc928         810bc928      170     1                 maxima
        810bca98         810bca98    14020     8         /home/chh/gitprojects/buddy-mlir-for-fpga/examples/FPGA-BOSCAME/qwen3-0.6b/model/build/ame-v05/model-combined/image/model_main.o:(.bss)
        810bca98         810bca98     2000     1                 launch.prompt
        810bca98         810bca98        0     1                 $d
        810bea98         810bea98     2000     1                 launch.encoded_ids
        810c0a98         810c0a98    10010     1                 text_output
        810d0aa8         810d0aa8       10     1                 .L_MergedGlobals
        810d0aa8         810d0aa8        8     1                 selection_cycles
        810d0ab0         810d0ab0        8     1                 cache_retention_cycles
        810d0ab8         810d0ab8    99400     4         /home/chh/gitprojects/buddy-mlir-for-fpga/examples/FPGA-BOSCAME/qwen3-0.6b/model/build/ame-v05/model-combined/image/adapters.o:(.bss)
        810d0ab8         810d0ab8    10000     1                 qwen_out_qwen_graph_rmsnorm_128x128__forward_prefill_mul_7
        810d0ab8         810d0ab8        0     1                 $d
        810e0ab8         810e0ab8      400     1                 qwen_rmsnorm_scratch
        810e0eb8         810e0eb8    10000     1                 qwen_out_qwen_graph_rmsnorm_16x1024__forward_prefill_mul_13
        810f0eb8         810f0eb8    10000     1                 qwen_out_qwen_graph_rmsnorm_16x1024__forward_prefill_mul_17
        81100eb8         81100eb8    10000     1                 qwen_out_qwen_graph_rmsnorm_16x1024__forward_prefill_mul_3
        81110eb8         81110eb8     2000     1                 qwen_out_qwen_graph_rmsnorm_16x128__forward_decode_mul_5
        81112eb8         81112eb8     1000     1                 qwen_out_qwen_graph_rmsnorm_1x1024__forward_decode_mul_13
        81113eb8         81113eb8     1000     1                 qwen_out_qwen_graph_rmsnorm_1x1024__forward_decode_mul_17
        81114eb8         81114eb8     1000     1                 qwen_out_qwen_graph_rmsnorm_1x1024__forward_decode_mul_3
        81115eb8         81115eb8    20000     1                 qwen_out_qwen_graph_rmsnorm_256x128__forward_prefill_mul_5
        81135eb8         81135eb8     1000     1                 qwen_out_qwen_graph_rmsnorm_8x128__forward_decode_mul_7
        81136eb8         81136eb8    30000     1                 qwen_out_qwen_graph_silu_16x3072__forward_prefill_mul_14
        81166eb8         81166eb8     3000     1                 qwen_out_qwen_graph_silu_1x3072__forward_decode_mul_14
        81169eb8         81169eb8        8     8         /home/chh/gitprojects/buddy-mlir-for-fpga/examples/FPGA-BOSCAME/qwen3-0.6b/model/build/ame-v05/model-combined/image/nr_runtime.o:(.bss)
        81169eb8         81169eb8        8     1                 heap_cursor
        81169eb8         81169eb8        0     1                 $d
        81169ec0         81169ec0        4    64         /home/chh/gitprojects/buddy-mlir-for-fpga/examples/FPGA-BOSCAME/qwen3-0.6b/model/build/ame-v05/model-combined/image/ame_sync.o:(.bss)
        81169ec0         81169ec0        4     1                 ame_sync_cell
        81169ec0         81169ec0        0     1                 $d
        81169ec4         81169ec4       3c     1         . = ALIGN(64)
        81169f00         81169f00        0     1         __bss_end = .
        81169f00         81169f00        0     1 .tbss
        81169f00         81169f00        0     1         __tbss_start = .
        81169f00         81169f00        0     1         . = ALIGN(64)
        81169f00         81169f00        0     1         __tbss_end = .
        81169f00         81169f00   200000     1 .stacks
        81169f00         81169f00        0     1         __stack_base = .
        81169f00         81169f00   100000     1         . += STACK_SIZE
        81269f00         81269f00        0     1         __stack_top = .
        81269f00         81269f00        0     1         __ra_stack_base = .
        81269f00         81269f00   100000     1         . += STACK_SIZE
        81369f00         81369f00        0     1         __ra_stack_top = .
        81369f00         81369f00        0     1 __heap_start = .
        81369f00         81369f00        0     1 __heap_end = ORIGIN(LOW) + LENGTH(LOW)
        81369f00         81369f00        0     1 _end = .
        b8000000         b8000000  b301300    64 .workspace
        b8000000         b8000000        0     1         __workspace_start = .
        b8000000         b8000000  b301300    64         /home/chh/gitprojects/buddy-mlir-for-fpga/examples/FPGA-BOSCAME/qwen3-0.6b/model/build/ame-v05/model-combined/image/model_main.o:(.workspace)
        b8000000         b8000000        0     1                 weight_arena_raw
        b8000000         b8000000        0     1                 $d
        c2403b00         c2403b00        0     1                 weight_arena_end
        c2403b00         c2403b00        0     1                 k_cache_raw
        c2603b00         c2603b00        0     1                 k_cache_end
        c2603b00         c2603b00        0     1                 v_cache_raw
        c2803b00         c2803b00        0     1                 v_cache_end
        c2803b00         c2803b00        0     1                 input_ids_raw
        c2803b80         c2803b80        0     1                 input_ids_end
        c2803b80         c2803b80        0     1                 cache_position_raw
        c2803bc0         c2803bc0        0     1                 cache_position_end
        c2803bc0         c2803bc0        0     1                 tokenizer_blob_raw
        c2cfee00         c2cfee00        0     1                 tokenizer_blob_end
        c2cfee00         c2cfee00        0     1                 ws_prefill_raw
        c31a0840         c31a0840        0     1                 ws_prefill_end
        c31a0840         c31a0840        0     1                 ws_decode_raw
        c3301300         c3301300        0     1                 ws_decode_end
        c3301300         c3301300        0     1         . = ALIGN(64)
        c3301300         c3301300        0     1         __workspace_end = .
        c3301300         c3301300        0     1 
        c3301300         c3301300        0     1 
        c3301300         c3301300        0     1 
               0                0       ea     1 .riscv.attributes
               0                0       ea     1         <internal>:(.riscv.attributes)
               0                0       85     1 .comment
               0                0       85     1         <internal>:(.comment)
               0                0    15708     8 .symtab
               0                0    15708     8         <internal>:(.symtab)
               0                0       92     1 .shstrtab
               0                0       92     1         <internal>:(.shstrtab)
               0                0    147c9     1 .strtab
               0                0    147c9     1         <internal>:(.strtab)
