             VMA              LMA     Size Align Out     In      Symbol
               0                0        0     1 STACK_SIZE = 0x100000
        80000000         80000000       ec    16 .text.init
        80000000         80000000       ec    16         examples/FPGA-BOSCAME/qwen3-0.6b/model/build/review-native-1l/image-oracle-profile/crt.o:(.text.init)
        80000000         80000000        0     1                 $xrv64i2p1_m2p0_a2p1_f2p2_d2p2_c2p0_zicbom1p0_zicsr2p0_zifencei2p0_zmmul1p0_zaamo1p0_zalrsc1p0_zca1p0_zcd1p0
        80000000         80000000       36     1                 _start
        8000000a         8000000a        0     1                 .Lpcrel_hi0
        80000012         80000012        0     1                 .Lpcrel_hi1
        8000001a         8000001a        0     1                 .Lpcrel_hi2
        80000022         80000022        0     1                 .Lpcrel_hi3
        80000040         80000040       7c     1                 _ra_start
        80000050         80000050        0     1                 .Lpcrel_hi4
        80000058         80000058        0     1                 .Lpcrel_hi5
        80000060         80000060        0     1                 .Lpcrel_hi6
        80000068         80000068        0     1                 .Lpcrel_hi7
        8000007c         8000007c        0     1                 .Lpcrel_hi8
        80000084         80000084        0     1                 .Lpcrel_hi9
        8000008c         8000008c        0     1                 .Ltmp0
        80000098         80000098        0     1                 .Ltmp1
        80000098         80000098        0     1                 .Lpcrel_hi10
        800000a0         800000a0        0     1                 .Lpcrel_hi11
        800000a8         800000a8        0     1                 .Ltmp2
        800000b4         800000b4        0     1                 .Ltmp3
        800000bc         800000bc        0     1                 .Lnh_trap
        800000bc         800000bc        0     1                 .Lpcrel_hi12
        800000d4         800000d4        0     1                 .Lra_trap
        800000d4         800000d4        0     1                 .Lpcrel_hi13
        800000ec         800000ec        0     1 
        80010000         80010000     1000     1 .nr_mailbox
        80010000         80010000        0     1         ra_sig = .
        80010000         80010000     1000     1         . += 0x1000
        80011000         80011000    1ca8a     4 .text
        80011000         80011000     650e     2         examples/FPGA-BOSCAME/qwen3-0.6b/model/build/review-native-1l/image-oracle-profile/forward_prefill.nr.o:(.text)
        80011000         80011000        0     1                 .L0 
        80011000         80011000        0     1                 $xrv64i2p1_m2p0_a2p1_f2p2_d2p2_c2p0_zicbom1p0_zicsr2p0_zifencei2p0_zmmul1p0_zaamo1p0_zalrsc1p0_zca1p0_zcd1p0
        80011000         80011000     312c     1                 forward_prefill
        80011040         80011040        0     1                 .L0 
        80011128         80011128        0     1                 .LBB0_2
        8001117a         8001117a        0     1                 .LBB0_4
        8001119c         8001119c        0     1                 .LBB0_5
        800111a6         800111a6        0     1                 .LBB0_6
        800111b2         800111b2        0     1                 .LBB0_8
        800111bc         800111bc        0     1                 .LBB0_9
        800111ec         800111ec        0     1                 .LBB0_12
        80011212         80011212        0     1                 .LBB0_13
        80011216         80011216        0     1                 .LBB0_14
        80011220         80011220        0     1                 .LBB0_16
        80011226         80011226        0     1                 .LBB0_17
        80011240         80011240        0     1                 .LBB0_20
        80011250         80011250        0     1                 .LBB0_21
        8001125a         8001125a        0     1                 .LBB0_22
        80011268         80011268        0     1                 .LBB0_24
        8001126c         8001126c        0     1                 .LBB0_25
        8001127c         8001127c        0     1                 .LBB0_27
        80011280         80011280        0     1                 .LBB0_28
        800112b8         800112b8        0     1                 .LBB0_31
        800112dc         800112dc        0     1                 .LBB0_32
        800112e2         800112e2        0     1                 .LBB0_33
        800112ee         800112ee        0     1                 .LBB0_35
        800112f6         800112f6        0     1                 .LBB0_36
        8001131a         8001131a        0     1                 .LBB0_39
        8001134c         8001134c        0     1                 .LBB0_40
        80011352         80011352        0     1                 .LBB0_41
        8001135e         8001135e        0     1                 .LBB0_43
        80011368         80011368        0     1                 .LBB0_44
        80011372         80011372        0     1                 .LBB0_46
        80011378         80011378        0     1                 .LBB0_47
        8001139e         8001139e        0     1                 .LBB0_50
        800113ce         800113ce        0     1                 .LBB0_51
        800113da         800113da        0     1                 .LBB0_52
        800113ea         800113ea        0     1                 .LBB0_54
        800113f4         800113f4        0     1                 .LBB0_55
        80011402         80011402        0     1                 .LBB0_57
        8001141a         8001141a        0     1                 .LBB0_58
        80011442         80011442        0     1                 .LBB0_59
        80011448         80011448        0     1                 .LBB0_60
        80011454         80011454        0     1                 .LBB0_62
        8001145e         8001145e        0     1                 .LBB0_63
        80011480         80011480        0     1                 .LBB0_66
        80011490         80011490        0     1                 .LBB0_67
        80011494         80011494        0     1                 .LBB0_68
        8001149e         8001149e        0     1                 .LBB0_70
        800114a4         800114a4        0     1                 .LBB0_71
        800114b0         800114b0        0     1                 .LBB0_73
        800114c6         800114c6        0     1                 .LBB0_74
        800114ee         800114ee        0     1                 .LBB0_75
        800114f4         800114f4        0     1                 .LBB0_76
        80011500         80011500        0     1                 .LBB0_78
        8001150a         8001150a        0     1                 .LBB0_79
        8001152c         8001152c        0     1                 .LBB0_82
        800117a6         800117a6        0     1                 .LBB0_83
        800117ac         800117ac        0     1                 .LBB0_84
        800117b8         800117b8        0     1                 .LBB0_86
        800117be         800117be        0     1                 .LBB0_87
        800117ca         800117ca        0     1                 .LBB0_89
        800117d2         800117d2        0     1                 .LBB0_90
        800117f4         800117f4        0     1                 .LBB0_93
        80011a34         80011a34        0     1                 .LBB0_94
        80011a3a         80011a3a        0     1                 .LBB0_95
        80011a46         80011a46        0     1                 .LBB0_97
        80011a4c         80011a4c        0     1                 .LBB0_98
        80011a58         80011a58        0     1                 .LBB0_100
        80011a60         80011a60        0     1                 .LBB0_101
        80011a82         80011a82        0     1                 .LBB0_104
        80011c44         80011c44        0     1                 .LBB0_105
        80011c4a         80011c4a        0     1                 .LBB0_106
        80011c56         80011c56        0     1                 .LBB0_108
        80011c5e         80011c5e        0     1                 .LBB0_109
        80011c6a         80011c6a        0     1                 .LBB0_111
        80011c72         80011c72        0     1                 .LBB0_112
        80011c94         80011c94        0     1                 .LBB0_115
        80011cc4         80011cc4        0     1                 .LBB0_116
        80011ccc         80011ccc        0     1                 .LBB0_117
        80011cd8         80011cd8        0     1                 .LBB0_119
        80011cde         80011cde        0     1                 .LBB0_120
        80011cec         80011cec        0     1                 .LBB0_122
        80011cfa         80011cfa        0     1                 .LBB0_123
        80011d28         80011d28        0     1                 .LBB0_126
        80011d64         80011d64        0     1                 .LBB0_127
        80011d6a         80011d6a        0     1                 .LBB0_128
        80011d76         80011d76        0     1                 .LBB0_130
        80011d7c         80011d7c        0     1                 .LBB0_131
        80011d88         80011d88        0     1                 .LBB0_133
        80011d92         80011d92        0     1                 .LBB0_134
        80011db8         80011db8        0     1                 .LBB0_137
        80011e96         80011e96        0     1                 .LBB0_138
        80011e9e         80011e9e        0     1                 .LBB0_139
        80011eaa         80011eaa        0     1                 .LBB0_141
        80011eb0         80011eb0        0     1                 .LBB0_142
        80011ebe         80011ebe        0     1                 .LBB0_144
        80011ecc         80011ecc        0     1                 .LBB0_145
        80011efa         80011efa        0     1                 .LBB0_148
        80011f30         80011f30        0     1                 .LBB0_149
        80011f38         80011f38        0     1                 .LBB0_150
        80011f46         80011f46        0     1                 .LBB0_152
        80011f4e         80011f4e        0     1                 .LBB0_153
        80011f5c         80011f5c        0     1                 .LBB0_155
        80011f6a         80011f6a        0     1                 .LBB0_156
        80011f98         80011f98        0     1                 .LBB0_159
        80011fc8         80011fc8        0     1                 .LBB0_160
        80011fd0         80011fd0        0     1                 .LBB0_161
        80011fdc         80011fdc        0     1                 .LBB0_163
        80011fe2         80011fe2        0     1                 .LBB0_164
        80011ff0         80011ff0        0     1                 .LBB0_166
        80011ffe         80011ffe        0     1                 .LBB0_167
        8001202c         8001202c        0     1                 .LBB0_170
        80012074         80012074        0     1                 .LBB0_171
        8001207a         8001207a        0     1                 .LBB0_172
        80012086         80012086        0     1                 .LBB0_174
        8001208c         8001208c        0     1                 .LBB0_175
        80012098         80012098        0     1                 .LBB0_177
        800120a2         800120a2        0     1                 .LBB0_178
        800120c8         800120c8        0     1                 .LBB0_181
        800121ae         800121ae        0     1                 .LBB0_182
        800121b6         800121b6        0     1                 .LBB0_183
        800121c2         800121c2        0     1                 .LBB0_185
        800121c8         800121c8        0     1                 .LBB0_186
        800121d6         800121d6        0     1                 .LBB0_188
        800121e4         800121e4        0     1                 .LBB0_189
        80012212         80012212        0     1                 .LBB0_192
        80012248         80012248        0     1                 .LBB0_193
        80012250         80012250        0     1                 .LBB0_194
        8001225e         8001225e        0     1                 .LBB0_196
        80012266         80012266        0     1                 .LBB0_197
        80012274         80012274        0     1                 .LBB0_199
        80012282         80012282        0     1                 .LBB0_200
        800122b0         800122b0        0     1                 .LBB0_203
        800124f0         800124f0        0     1                 .LBB0_206
        800124f6         800124f6        0     1                 .LBB0_207
        80012502         80012502        0     1                 .LBB0_209
        80012508         80012508        0     1                 .LBB0_210
        80012512         80012512        0     1                 .LBB0_212
        80012516         80012516        0     1                 .LBB0_213
        80012522         80012522        0     1                 .LBB0_215
        8001252a         8001252a        0     1                 .LBB0_216
        80012550         80012550        0     1                 .LBB0_219
        800125a2         800125a2        0     1                 .LBB0_220
        800125a8         800125a8        0     1                 .LBB0_221
        800125b4         800125b4        0     1                 .LBB0_223
        800125ba         800125ba        0     1                 .LBB0_224
        800125c4         800125c4        0     1                 .LBB0_226
        800125c8         800125c8        0     1                 .LBB0_227
        800125d4         800125d4        0     1                 .LBB0_229
        800125dc         800125dc        0     1                 .LBB0_230
        80012602         80012602        0     1                 .LBB0_233
        8001289a         8001289a        0     1                 .LBB0_234
        800128a0         800128a0        0     1                 .LBB0_235
        800128ac         800128ac        0     1                 .LBB0_237
        800128b2         800128b2        0     1                 .LBB0_238
        800128be         800128be        0     1                 .LBB0_240
        800128c6         800128c6        0     1                 .LBB0_241
        800128e8         800128e8        0     1                 .LBB0_244
        80012ab8         80012ab8        0     1                 .LBB0_245
        80012ac0         80012ac0        0     1                 .LBB0_246
        80012ace         80012ace        0     1                 .LBB0_248
        80012ad6         80012ad6        0     1                 .LBB0_249
        80012b04         80012b04        0     1                 .LBB0_252
        80012f54         80012f54        0     1                 .LBB0_253
        80012f5c         80012f5c        0     1                 .LBB0_254
        80012f6a         80012f6a        0     1                 .LBB0_256
        80012f72         80012f72        0     1                 .LBB0_257
        80012fa0         80012fa0        0     1                 .LBB0_260
        8001314e         8001314e        0     1                 .LBB0_261
        80013156         80013156        0     1                 .LBB0_262
        80013164         80013164        0     1                 .LBB0_264
        8001316c         8001316c        0     1                 .LBB0_265
        8001319a         8001319a        0     1                 .LBB0_268
        80013d0e         80013d0e        0     1                 .LBB0_270
        80013d16         80013d16        0     1                 .LBB0_271
        80013d1e         80013d1e        0     1                 .LBB0_272
        80013d26         80013d26        0     1                 .LBB0_273
        80013d2e         80013d2e        0     1                 .LBB0_274
        80013d36         80013d36        0     1                 .LBB0_275
        80013d3e         80013d3e        0     1                 .LBB0_276
        80013d46         80013d46        0     1                 .LBB0_277
        80013d4e         80013d4e        0     1                 .LBB0_278
        80013d56         80013d56        0     1                 .LBB0_279
        80013d5e         80013d5e        0     1                 .LBB0_280
        80013d66         80013d66        0     1                 .LBB0_281
        80013d6e         80013d6e        0     1                 .LBB0_282
        80013d76         80013d76        0     1                 .LBB0_283
        80013d7e         80013d7e        0     1                 .LBB0_284
        80013d86         80013d86        0     1                 .LBB0_285
        80013d8e         80013d8e        0     1                 .LBB0_286
        80013d96         80013d96        0     1                 .LBB0_287
        80013d9e         80013d9e        0     1                 .LBB0_288
        80013da6         80013da6        0     1                 .LBB0_289
        80013dae         80013dae        0     1                 .LBB0_290
        80013db6         80013db6        0     1                 .LBB0_291
        80013dbe         80013dbe        0     1                 .LBB0_292
        80013dc6         80013dc6        0     1                 .LBB0_293
        80013dce         80013dce        0     1                 .LBB0_294
        80013dd6         80013dd6        0     1                 .LBB0_295
        80013dde         80013dde        0     1                 .LBB0_296
        80013de6         80013de6        0     1                 .LBB0_297
        80013dee         80013dee        0     1                 .LBB0_298
        80013df6         80013df6        0     1                 .LBB0_299
        80013dfe         80013dfe        0     1                 .LBB0_300
        80013e06         80013e06        0     1                 .LBB0_301
        80013e0e         80013e0e        0     1                 .LBB0_302
        80013e16         80013e16        0     1                 .LBB0_303
        80013e1c         80013e1c        0     1                 .LBB0_304
        80013e24         80013e24        0     1                 .LBB0_305
        80013ebc         80013ebc        0     1                 .L0 
        80013efa         80013efa        0     1                 .LBB0_306
        80013f0a         80013f0a        0     1                 .LBB0_307
        80013f1a         80013f1a        0     1                 .LBB0_308
        80013f2a         80013f2a        0     1                 .LBB0_309
        80013f3a         80013f3a        0     1                 .LBB0_310
        80013f4a         80013f4a        0     1                 .LBB0_311
        80013f5a         80013f5a        0     1                 .LBB0_312
        80013f6a         80013f6a        0     1                 .LBB0_313
        80013f7a         80013f7a        0     1                 .LBB0_314
        80013f8a         80013f8a        0     1                 .LBB0_315
        80013f9a         80013f9a        0     1                 .LBB0_316
        80013faa         80013faa        0     1                 .LBB0_317
        80013fba         80013fba        0     1                 .LBB0_318
        80013fca         80013fca        0     1                 .LBB0_319
        80013fda         80013fda        0     1                 .LBB0_320
        80013fea         80013fea        0     1                 .LBB0_321
        80013ffa         80013ffa        0     1                 .LBB0_322
        8001400a         8001400a        0     1                 .LBB0_323
        8001401a         8001401a        0     1                 .LBB0_324
        8001402a         8001402a        0     1                 .LBB0_325
        8001403a         8001403a        0     1                 .LBB0_326
        8001404a         8001404a        0     1                 .LBB0_327
        8001405a         8001405a        0     1                 .LBB0_328
        8001406a         8001406a        0     1                 .LBB0_329
        8001407a         8001407a        0     1                 .LBB0_330
        8001408a         8001408a        0     1                 .LBB0_331
        8001409a         8001409a        0     1                 .LBB0_332
        800140aa         800140aa        0     1                 .LBB0_333
        800140ba         800140ba        0     1                 .LBB0_334
        800140ca         800140ca        0     1                 .LBB0_335
        800140da         800140da        0     1                 .LBB0_336
        800140ea         800140ea        0     1                 .LBB0_337
        800140fa         800140fa        0     1                 .LBB0_338
        8001410a         8001410a        0     1                 .LBB0_339
        8001411a         8001411a        0     1                 .LBB0_340
        8001412c         8001412c        0     1                 .L0 
        8001412c         8001412c        0     1                 .L0 
        8001412c         8001412c     1f8c     1                 _mlir_ciface_forward_prefill
        8001414a         8001414a        0     1                 .L0 
        8001609a         8001609a        0     1                 .L0 
        800160b8         800160b8       a6     1                 .Lqwen_graph_w8a8_embedding_embedding_w8a8_16x1024
        800160b8         800160b8        0     1                 .L0 
        800160b8         800160b8        0     1                 .L0 
        800160d4         800160d4        0     1                 .L0 
        8001615a         8001615a        0     1                 .L0 
        8001615e         8001615e       6e     1                 .Lqwen_graph_rmsnorm_16x1024__forward_prefill_mul_3
        8001615e         8001615e        0     1                 .L0 
        8001615e         8001615e        0     1                 .L0 
        80016164         80016164        0     1                 .L0 
        800161c8         800161c8        0     1                 .L0 
        800161cc         800161cc       60     1                 .Lqwen_graph_w8a8_mm_quantize_16x1024
        800161cc         800161cc        0     1                 .L0 
        800161cc         800161cc        0     1                 .L0 
        800161d8         800161d8        0     1                 .L0 
        80016228         80016228        0     1                 .L0 
        8001622c         8001622c       70     1                 .Lqwen_graph_w8a8_mm_matmul_16x2048x1024
        8001622c         8001622c        0     1                 .L0 
        8001622c         8001622c        0     1                 .L0 
        8001623c         8001623c        0     1                 .L0 
        80016298         80016298        0     1                 .L0 
        8001629c         8001629c       8a     1                 .Lqwen_graph_w8a8_mm_dequantize_16x2048
        8001629c         8001629c        0     1                 .L0 
        8001629c         8001629c        0     1                 .L0 
        800162b2         800162b2        0     1                 .L0 
        80016322         80016322        0     1                 .L0 
        80016326         80016326       86     1                 .Lqwen_graph_rmsnorm_256x128__forward_prefill_mul_5
        80016326         80016326        0     1                 .L0 
        80016326         80016326        0     1                 .L0 
        8001632e         8001632e        0     1                 .L0 
        800163a8         800163a8        0     1                 .L0 
        800163ac         800163ac       60     1                 .Lqwen_graph_w8a8_mm_1_quantize_16x1024
        800163ac         800163ac        0     1                 .L0 
        800163ac         800163ac        0     1                 .L0 
        800163b8         800163b8        0     1                 .L0 
        80016408         80016408        0     1                 .L0 
        8001640c         8001640c       70     1                 .Lqwen_graph_w8a8_mm_1_matmul_16x1024x1024
        8001640c         8001640c        0     1                 .L0 
        8001640c         8001640c        0     1                 .L0 
        8001641c         8001641c        0     1                 .L0 
        80016478         80016478        0     1                 .L0 
        8001647c         8001647c       8a     1                 .Lqwen_graph_w8a8_mm_1_dequantize_16x1024
        8001647c         8001647c        0     1                 .L0 
        8001647c         8001647c        0     1                 .L0 
        80016492         80016492        0     1                 .L0 
        80016502         80016502        0     1                 .L0 
        80016506         80016506       86     1                 .Lqwen_graph_rmsnorm_128x128__forward_prefill_mul_7
        80016506         80016506        0     1                 .L0 
        80016506         80016506        0     1                 .L0 
        8001650e         8001650e        0     1                 .L0 
        80016588         80016588        0     1                 .L0 
        8001658c         8001658c       60     1                 .Lqwen_graph_w8a8_mm_2_quantize_16x1024
        8001658c         8001658c        0     1                 .L0 
        8001658c         8001658c        0     1                 .L0 
        80016598         80016598        0     1                 .L0 
        800165e8         800165e8        0     1                 .L0 
        800165ec         800165ec       70     1                 .Lqwen_graph_w8a8_mm_2_matmul_16x1024x1024
        800165ec         800165ec        0     1                 .L0 
        800165ec         800165ec        0     1                 .L0 
        800165fc         800165fc        0     1                 .L0 
        80016658         80016658        0     1                 .L0 
        8001665c         8001665c       8a     1                 .Lqwen_graph_w8a8_mm_2_dequantize_16x1024
        8001665c         8001665c        0     1                 .L0 
        8001665c         8001665c        0     1                 .L0 
        80016672         80016672        0     1                 .L0 
        800166e2         800166e2        0     1                 .L0 
        800166e6         800166e6       76     1                 .Lqwen_graph_kv_index_put_layout_context_8x16x128
        800166e6         800166e6        0     1                 .L0 
        800166e6         800166e6        0     1                 .L0 
        800166f8         800166f8        0     1                 .L0 
        80016758         80016758        0     1                 .L0 
        8001675c         8001675c       a0     1                 .Lqwen_graph_kv_index_put_kv_cache_update_position_16x8x128_cap512
        8001675c         8001675c        0     1                 .L0 
        8001675c         8001675c        0     1                 .L0 
        80016778         80016778        0     1                 .L0 
        800167f8         800167f8        0     1                 .L0 
        800167fc         800167fc       76     1                 .Lqwen_graph_kv_index_put_1_layout_context_8x16x128
        800167fc         800167fc        0     1                 .L0 
        800167fc         800167fc        0     1                 .L0 
        8001680e         8001680e        0     1                 .L0 
        8001686e         8001686e        0     1                 .L0 
        80016872         80016872       a0     1                 .Lqwen_graph_kv_index_put_1_kv_cache_update_position_16x8x128_cap512
        80016872         80016872        0     1                 .L0 
        80016872         80016872        0     1                 .L0 
        8001688e         8001688e        0     1                 .L0 
        8001690e         8001690e        0     1                 .L0 
        80016912         80016912       aa     1                 .Lqwen_graph_attn__scaled_dot_product_flash_attention_for_cpu_qk_attention_qk_position_native_16x16x512x128
        80016912         80016912        0     1                 .L0 
        80016912         80016912        0     1                 .L0 
        80016916         80016916        0     1                 .L0 
        800169b8         800169b8        0     1                 .L0 
        800169bc         800169bc       a0     1                 .Lqwen_graph_attn__scaled_dot_product_flash_attention_for_cpu_mask_attention_scale_mask_position_16x16x512
        800169bc         800169bc        0     1                 .L0 
        800169bc         800169bc        0     1                 .L0 
        800169d8         800169d8        0     1                 .L0 
        80016a58         80016a58        0     1                 .L0 
        80016a5c         80016a5c       86     1                 .Lqwen_graph_attn__scaled_dot_product_flash_attention_for_cpu_softmax_softmax_16x16x512
        80016a5c         80016a5c        0     1                 .L0 
        80016a5c         80016a5c        0     1                 .L0 
        80016a60         80016a60        0     1                 .L0 
        80016ade         80016ade        0     1                 .L0 
        80016ae2         80016ae2       aa     1                 .Lqwen_graph_attn__scaled_dot_product_flash_attention_for_cpu_pv_attention_pv_position_16x16x128x512
        80016ae2         80016ae2        0     1                 .L0 
        80016ae2         80016ae2        0     1                 .L0 
        80016ae6         80016ae6        0     1                 .L0 
        80016b88         80016b88        0     1                 .L0 
        80016b8c         80016b8c       60     1                 .Lqwen_graph_w8a8_mm_3_quantize_16x2048
        80016b8c         80016b8c        0     1                 .L0 
        80016b8c         80016b8c        0     1                 .L0 
        80016b98         80016b98        0     1                 .L0 
        80016be8         80016be8        0     1                 .L0 
        80016bec         80016bec       70     1                 .Lqwen_graph_w8a8_mm_3_matmul_16x1024x2048
        80016bec         80016bec        0     1                 .L0 
        80016bec         80016bec        0     1                 .L0 
        80016bfc         80016bfc        0     1                 .L0 
        80016c58         80016c58        0     1                 .L0 
        80016c5c         80016c5c       8a     1                 .Lqwen_graph_w8a8_mm_3_dequantize_16x1024
        80016c5c         80016c5c        0     1                 .L0 
        80016c5c         80016c5c        0     1                 .L0 
        80016c72         80016c72        0     1                 .L0 
        80016ce2         80016ce2        0     1                 .L0 
        80016ce6         80016ce6       6e     1                 .Lqwen_graph_rmsnorm_16x1024__forward_prefill_mul_13
        80016ce6         80016ce6        0     1                 .L0 
        80016ce6         80016ce6        0     1                 .L0 
        80016cec         80016cec        0     1                 .L0 
        80016d50         80016d50        0     1                 .L0 
        80016d54         80016d54       60     1                 .Lqwen_graph_w8a8_mm_4_quantize_16x1024
        80016d54         80016d54        0     1                 .L0 
        80016d54         80016d54        0     1                 .L0 
        80016d60         80016d60        0     1                 .L0 
        80016db0         80016db0        0     1                 .L0 
        80016db4         80016db4       70     1                 .Lqwen_graph_w8a8_mm_4_matmul_16x3072x1024
        80016db4         80016db4        0     1                 .L0 
        80016db4         80016db4        0     1                 .L0 
        80016dc4         80016dc4        0     1                 .L0 
        80016e20         80016e20        0     1                 .L0 
        80016e24         80016e24       8a     1                 .Lqwen_graph_w8a8_mm_4_dequantize_16x3072
        80016e24         80016e24        0     1                 .L0 
        80016e24         80016e24        0     1                 .L0 
        80016e3a         80016e3a        0     1                 .L0 
        80016eaa         80016eaa        0     1                 .L0 
        80016eae         80016eae       58     1                 .Lqwen_graph_silu_16x3072__forward_prefill_mul_14
        80016eae         80016eae        0     1                 .L0 
        80016eae         80016eae        0     1                 .L0 
        80016eb4         80016eb4        0     1                 .L0 
        80016f02         80016f02        0     1                 .L0 
        80016f06         80016f06       60     1                 .Lqwen_graph_w8a8_mm_5_quantize_16x1024
        80016f06         80016f06        0     1                 .L0 
        80016f06         80016f06        0     1                 .L0 
        80016f12         80016f12        0     1                 .L0 
        80016f62         80016f62        0     1                 .L0 
        80016f66         80016f66       70     1                 .Lqwen_graph_w8a8_mm_5_matmul_16x3072x1024
        80016f66         80016f66        0     1                 .L0 
        80016f66         80016f66        0     1                 .L0 
        80016f76         80016f76        0     1                 .L0 
        80016fd2         80016fd2        0     1                 .L0 
        80016fd6         80016fd6       8a     1                 .Lqwen_graph_w8a8_mm_5_dequantize_16x3072
        80016fd6         80016fd6        0     1                 .L0 
        80016fd6         80016fd6        0     1                 .L0 
        80016fec         80016fec        0     1                 .L0 
        8001705c         8001705c        0     1                 .L0 
        80017060         80017060       60     1                 .Lqwen_graph_w8a8_mm_6_quantize_16x3072
        80017060         80017060        0     1                 .L0 
        80017060         80017060        0     1                 .L0 
        8001706c         8001706c        0     1                 .L0 
        800170bc         800170bc        0     1                 .L0 
        800170c0         800170c0       70     1                 .Lqwen_graph_w8a8_mm_6_matmul_16x1024x3072
        800170c0         800170c0        0     1                 .L0 
        800170c0         800170c0        0     1                 .L0 
        800170d0         800170d0        0     1                 .L0 
        8001712c         8001712c        0     1                 .L0 
        80017130         80017130       8a     1                 .Lqwen_graph_w8a8_mm_6_dequantize_16x1024
        80017130         80017130        0     1                 .L0 
        80017130         80017130        0     1                 .L0 
        80017146         80017146        0     1                 .L0 
        800171b6         800171b6        0     1                 .L0 
        800171ba         800171ba       6e     1                 .Lqwen_graph_rmsnorm_16x1024__forward_prefill_mul_17
        800171ba         800171ba        0     1                 .L0 
        800171ba         800171ba        0     1                 .L0 
        800171c0         800171c0        0     1                 .L0 
        80017224         80017224        0     1                 .L0 
        80017228         80017228       60     1                 .Lqwen_graph_w8a8_mm_7_quantize_1x1024
        80017228         80017228        0     1                 .L0 
        80017228         80017228        0     1                 .L0 
        80017234         80017234        0     1                 .L0 
        80017284         80017284        0     1                 .L0 
        80017288         80017288       70     1                 .Lqwen_graph_w8a8_mm_7_matmul_1x151936x1024
        80017288         80017288        0     1                 .L0 
        80017288         80017288        0     1                 .L0 
        80017298         80017298        0     1                 .L0 
        800172f4         800172f4        0     1                 .L0 
        800172f8         800172f8       8a     1                 .Lqwen_graph_w8a8_mm_7_dequantize_1x151936
        800172f8         800172f8        0     1                 .L0 
        800172f8         800172f8        0     1                 .L0 
        8001730e         8001730e        0     1                 .L0 
        8001737e         8001737e        0     1                 .L0 
        80017382         80017382        0     1                 .L0 
        80017382         80017382        0     1                 .L0 
        80017382         80017382       d6     1                 dealloc_helper
        80017386         80017386        0     1                 .L0 
        800173a6         800173a6        0     1                 .LBB41_2
        800173aa         800173aa        0     1                 .LBB41_3
        800173bc         800173bc        0     1                 .LBB41_4
        800173e4         800173e4        0     1                 .LBB41_6
        800173f4         800173f4        0     1                 .LBB41_7
        80017422         80017422        0     1                 .LBB41_10
        80017452         80017452        0     1                 .LBB41_12
        80017454         80017454        0     1                 .L0 
        80017458         80017458        0     1                 .L0 
        80017458         80017458        0     1                 .L0 
        80017458         80017458       b6     1                 _mlir_ciface_dealloc_helper
        80017470         80017470        0     1                 .L0 
        8001750a         8001750a        0     1                 .L0 
        8001750e         8001750e        0     1                 .L0 
        8001750e         8001750e     1d40     2         examples/FPGA-BOSCAME/qwen3-0.6b/model/build/review-native-1l/image-oracle-profile/kernel-profile.o:(.text)
        8001750e         8001750e        0     1                 .Lpcrel_hi0
        8001750e         8001750e        0     1                 $xrv64i2p1_m2p0_a2p1_f2p2_d2p2_c2p0_zicbom1p0_zicsr2p0_zifencei2p0_zmmul1p0_zaamo1p0_zalrsc1p0_zca1p0_zcd1p0
        8001750e         8001750e       1c     1                 qwen_profile_reset
        8001752a         8001752a      d4c     1                 qwen_profile_report
        80017532         80017532        0     1                 .Lpcrel_hi1
        80017540         80017540        0     1                 .Lpcrel_hi2
        80017552         80017552        0     1                 .Lpcrel_hi3
        80017564         80017564        0     1                 .Lpcrel_hi4
        80017578         80017578        0     1                 .Lpcrel_hi5
        80017584         80017584        0     1                 .L0 
        80017588         80017588        0     1                 .Lpcrel_hi6
        8001759a         8001759a        0     1                 .Lpcrel_hi7
        800175ac         800175ac        0     1                 .Lpcrel_hi8
        800175c0         800175c0        0     1                 .Lpcrel_hi9
        800175cc         800175cc        0     1                 .L0 
        800175d0         800175d0        0     1                 .Lpcrel_hi10
        800175e2         800175e2        0     1                 .Lpcrel_hi11
        800175f4         800175f4        0     1                 .Lpcrel_hi12
        80017608         80017608        0     1                 .Lpcrel_hi13
        80017614         80017614        0     1                 .L0 
        80017618         80017618        0     1                 .Lpcrel_hi14
        8001762a         8001762a        0     1                 .Lpcrel_hi15
        8001763c         8001763c        0     1                 .Lpcrel_hi16
        80017650         80017650        0     1                 .Lpcrel_hi17
        8001765c         8001765c        0     1                 .L0 
        80017660         80017660        0     1                 .Lpcrel_hi18
        80017672         80017672        0     1                 .Lpcrel_hi19
        80017684         80017684        0     1                 .Lpcrel_hi20
        80017698         80017698        0     1                 .Lpcrel_hi21
        800176a4         800176a4        0     1                 .L0 
        800176a8         800176a8        0     1                 .Lpcrel_hi22
        800176ba         800176ba        0     1                 .Lpcrel_hi23
        800176cc         800176cc        0     1                 .Lpcrel_hi24
        800176e0         800176e0        0     1                 .Lpcrel_hi25
        800176ec         800176ec        0     1                 .L0 
        800176f0         800176f0        0     1                 .Lpcrel_hi26
        80017702         80017702        0     1                 .Lpcrel_hi27
        80017714         80017714        0     1                 .Lpcrel_hi28
        80017728         80017728        0     1                 .Lpcrel_hi29
        80017734         80017734        0     1                 .L0 
        80017738         80017738        0     1                 .Lpcrel_hi30
        8001774a         8001774a        0     1                 .Lpcrel_hi31
        8001775c         8001775c        0     1                 .Lpcrel_hi32
        80017770         80017770        0     1                 .Lpcrel_hi33
        8001777c         8001777c        0     1                 .L0 
        80017780         80017780        0     1                 .Lpcrel_hi34
        80017792         80017792        0     1                 .Lpcrel_hi35
        800177a4         800177a4        0     1                 .Lpcrel_hi36
        800177b8         800177b8        0     1                 .Lpcrel_hi37
        800177c4         800177c4        0     1                 .L0 
        800177c8         800177c8        0     1                 .Lpcrel_hi38
        800177da         800177da        0     1                 .Lpcrel_hi39
        800177ec         800177ec        0     1                 .Lpcrel_hi40
        80017800         80017800        0     1                 .Lpcrel_hi41
        8001780c         8001780c        0     1                 .L0 
        80017810         80017810        0     1                 .Lpcrel_hi42
        80017822         80017822        0     1                 .Lpcrel_hi43
        80017834         80017834        0     1                 .Lpcrel_hi44
        80017848         80017848        0     1                 .Lpcrel_hi45
        80017854         80017854        0     1                 .L0 
        80017858         80017858        0     1                 .Lpcrel_hi46
        8001786a         8001786a        0     1                 .Lpcrel_hi47
        8001787c         8001787c        0     1                 .Lpcrel_hi48
        80017890         80017890        0     1                 .Lpcrel_hi49
        8001789c         8001789c        0     1                 .L0 
        800178a0         800178a0        0     1                 .Lpcrel_hi50
        800178b2         800178b2        0     1                 .Lpcrel_hi51
        800178c4         800178c4        0     1                 .Lpcrel_hi52
        800178d8         800178d8        0     1                 .Lpcrel_hi53
        800178e4         800178e4        0     1                 .L0 
        800178e8         800178e8        0     1                 .Lpcrel_hi54
        800178fa         800178fa        0     1                 .Lpcrel_hi55
        8001790c         8001790c        0     1                 .Lpcrel_hi56
        80017920         80017920        0     1                 .Lpcrel_hi57
        8001792c         8001792c        0     1                 .L0 
        80017930         80017930        0     1                 .Lpcrel_hi58
        80017942         80017942        0     1                 .Lpcrel_hi59
        80017954         80017954        0     1                 .Lpcrel_hi60
        80017968         80017968        0     1                 .Lpcrel_hi61
        80017974         80017974        0     1                 .L0 
        80017978         80017978        0     1                 .Lpcrel_hi62
        8001798a         8001798a        0     1                 .Lpcrel_hi63
        8001799c         8001799c        0     1                 .Lpcrel_hi64
        800179b0         800179b0        0     1                 .Lpcrel_hi65
        800179bc         800179bc        0     1                 .L0 
        800179c0         800179c0        0     1                 .Lpcrel_hi66
        800179d2         800179d2        0     1                 .Lpcrel_hi67
        800179e4         800179e4        0     1                 .Lpcrel_hi68
        800179f8         800179f8        0     1                 .Lpcrel_hi69
        80017a04         80017a04        0     1                 .L0 
        80017a08         80017a08        0     1                 .Lpcrel_hi70
        80017a1a         80017a1a        0     1                 .Lpcrel_hi71
        80017a2c         80017a2c        0     1                 .Lpcrel_hi72
        80017a40         80017a40        0     1                 .Lpcrel_hi73
        80017a4c         80017a4c        0     1                 .L0 
        80017a50         80017a50        0     1                 .Lpcrel_hi74
        80017a62         80017a62        0     1                 .Lpcrel_hi75
        80017a74         80017a74        0     1                 .Lpcrel_hi76
        80017a88         80017a88        0     1                 .Lpcrel_hi77
        80017a94         80017a94        0     1                 .L0 
        80017a98         80017a98        0     1                 .Lpcrel_hi78
        80017aaa         80017aaa        0     1                 .Lpcrel_hi79
        80017abc         80017abc        0     1                 .Lpcrel_hi80
        80017ad0         80017ad0        0     1                 .Lpcrel_hi81
        80017adc         80017adc        0     1                 .L0 
        80017ae0         80017ae0        0     1                 .Lpcrel_hi82
        80017af2         80017af2        0     1                 .Lpcrel_hi83
        80017b04         80017b04        0     1                 .Lpcrel_hi84
        80017b18         80017b18        0     1                 .Lpcrel_hi85
        80017b24         80017b24        0     1                 .L0 
        80017b28         80017b28        0     1                 .Lpcrel_hi86
        80017b3a         80017b3a        0     1                 .Lpcrel_hi87
        80017b4c         80017b4c        0     1                 .Lpcrel_hi88
        80017b60         80017b60        0     1                 .Lpcrel_hi89
        80017b6c         80017b6c        0     1                 .L0 
        80017b70         80017b70        0     1                 .Lpcrel_hi90
        80017b82         80017b82        0     1                 .Lpcrel_hi91
        80017b94         80017b94        0     1                 .Lpcrel_hi92
        80017ba8         80017ba8        0     1                 .Lpcrel_hi93
        80017bb4         80017bb4        0     1                 .L0 
        80017bb8         80017bb8        0     1                 .Lpcrel_hi94
        80017bca         80017bca        0     1                 .Lpcrel_hi95
        80017bdc         80017bdc        0     1                 .Lpcrel_hi96
        80017bf0         80017bf0        0     1                 .Lpcrel_hi97
        80017bfc         80017bfc        0     1                 .L0 
        80017c00         80017c00        0     1                 .Lpcrel_hi98
        80017c12         80017c12        0     1                 .Lpcrel_hi99
        80017c24         80017c24        0     1                 .Lpcrel_hi100
        80017c38         80017c38        0     1                 .Lpcrel_hi101
        80017c44         80017c44        0     1                 .L0 
        80017c48         80017c48        0     1                 .Lpcrel_hi102
        80017c5a         80017c5a        0     1                 .Lpcrel_hi103
        80017c6c         80017c6c        0     1                 .Lpcrel_hi104
        80017c80         80017c80        0     1                 .Lpcrel_hi105
        80017c8c         80017c8c        0     1                 .L0 
        80017c90         80017c90        0     1                 .Lpcrel_hi106
        80017ca2         80017ca2        0     1                 .Lpcrel_hi107
        80017cb4         80017cb4        0     1                 .Lpcrel_hi108
        80017cc8         80017cc8        0     1                 .Lpcrel_hi109
        80017cd4         80017cd4        0     1                 .L0 
        80017cd8         80017cd8        0     1                 .Lpcrel_hi110
        80017cea         80017cea        0     1                 .Lpcrel_hi111
        80017cfc         80017cfc        0     1                 .Lpcrel_hi112
        80017d10         80017d10        0     1                 .Lpcrel_hi113
        80017d1c         80017d1c        0     1                 .L0 
        80017d20         80017d20        0     1                 .Lpcrel_hi114
        80017d32         80017d32        0     1                 .Lpcrel_hi115
        80017d44         80017d44        0     1                 .Lpcrel_hi116
        80017d58         80017d58        0     1                 .Lpcrel_hi117
        80017d64         80017d64        0     1                 .L0 
        80017d68         80017d68        0     1                 .Lpcrel_hi118
        80017d7a         80017d7a        0     1                 .Lpcrel_hi119
        80017d8c         80017d8c        0     1                 .Lpcrel_hi120
        80017da0         80017da0        0     1                 .Lpcrel_hi121
        80017dac         80017dac        0     1                 .L0 
        80017db0         80017db0        0     1                 .Lpcrel_hi122
        80017dc2         80017dc2        0     1                 .Lpcrel_hi123
        80017dd4         80017dd4        0     1                 .Lpcrel_hi124
        80017de8         80017de8        0     1                 .Lpcrel_hi125
        80017df4         80017df4        0     1                 .L0 
        80017df8         80017df8        0     1                 .Lpcrel_hi126
        80017e0a         80017e0a        0     1                 .Lpcrel_hi127
        80017e1c         80017e1c        0     1                 .Lpcrel_hi128
        80017e30         80017e30        0     1                 .Lpcrel_hi129
        80017e3c         80017e3c        0     1                 .L0 
        80017e42         80017e42        0     1                 .Lpcrel_hi130
        80017e54         80017e54        0     1                 .Lpcrel_hi131
        80017e68         80017e68        0     1                 .Lpcrel_hi132
        80017e7c         80017e7c        0     1                 .Lpcrel_hi133
        80017e88         80017e88        0     1                 .L0 
        80017e8e         80017e8e        0     1                 .Lpcrel_hi134
        80017ea0         80017ea0        0     1                 .Lpcrel_hi135
        80017eb4         80017eb4        0     1                 .Lpcrel_hi136
        80017ec8         80017ec8        0     1                 .Lpcrel_hi137
        80017ed4         80017ed4        0     1                 .L0 
        80017eda         80017eda        0     1                 .Lpcrel_hi138
        80017eec         80017eec        0     1                 .Lpcrel_hi139
        80017f00         80017f00        0     1                 .Lpcrel_hi140
        80017f14         80017f14        0     1                 .Lpcrel_hi141
        80017f20         80017f20        0     1                 .L0 
        80017f26         80017f26        0     1                 .Lpcrel_hi142
        80017f38         80017f38        0     1                 .Lpcrel_hi143
        80017f4c         80017f4c        0     1                 .Lpcrel_hi144
        80017f60         80017f60        0     1                 .Lpcrel_hi145
        80017f6c         80017f6c        0     1                 .L0 
        80017f72         80017f72        0     1                 .Lpcrel_hi146
        80017f84         80017f84        0     1                 .Lpcrel_hi147
        80017f98         80017f98        0     1                 .Lpcrel_hi148
        80017fac         80017fac        0     1                 .Lpcrel_hi149
        80017fb8         80017fb8        0     1                 .L0 
        80017fbe         80017fbe        0     1                 .Lpcrel_hi150
        80017fd0         80017fd0        0     1                 .Lpcrel_hi151
        80017fe4         80017fe4        0     1                 .Lpcrel_hi152
        80017ff8         80017ff8        0     1                 .Lpcrel_hi153
        80018004         80018004        0     1                 .L0 
        8001800a         8001800a        0     1                 .Lpcrel_hi154
        8001801c         8001801c        0     1                 .Lpcrel_hi155
        80018030         80018030        0     1                 .Lpcrel_hi156
        80018044         80018044        0     1                 .Lpcrel_hi157
        80018050         80018050        0     1                 .L0 
        80018056         80018056        0     1                 .Lpcrel_hi158
        80018068         80018068        0     1                 .Lpcrel_hi159
        8001807c         8001807c        0     1                 .Lpcrel_hi160
        80018090         80018090        0     1                 .Lpcrel_hi161
        8001809c         8001809c        0     1                 .L0 
        800180a2         800180a2        0     1                 .Lpcrel_hi162
        800180b4         800180b4        0     1                 .Lpcrel_hi163
        800180c8         800180c8        0     1                 .Lpcrel_hi164
        800180dc         800180dc        0     1                 .Lpcrel_hi165
        800180e8         800180e8        0     1                 .L0 
        800180ee         800180ee        0     1                 .Lpcrel_hi166
        80018100         80018100        0     1                 .Lpcrel_hi167
        80018114         80018114        0     1                 .Lpcrel_hi168
        80018128         80018128        0     1                 .Lpcrel_hi169
        80018134         80018134        0     1                 .L0 
        8001813a         8001813a        0     1                 .Lpcrel_hi170
        8001814c         8001814c        0     1                 .Lpcrel_hi171
        80018160         80018160        0     1                 .Lpcrel_hi172
        80018174         80018174        0     1                 .Lpcrel_hi173
        80018180         80018180        0     1                 .L0 
        80018186         80018186        0     1                 .Lpcrel_hi174
        80018198         80018198        0     1                 .Lpcrel_hi175
        800181ac         800181ac        0     1                 .Lpcrel_hi176
        800181c0         800181c0        0     1                 .Lpcrel_hi177
        800181cc         800181cc        0     1                 .L0 
        800181d2         800181d2        0     1                 .Lpcrel_hi178
        800181e4         800181e4        0     1                 .Lpcrel_hi179
        800181f8         800181f8        0     1                 .Lpcrel_hi180
        8001820c         8001820c        0     1                 .Lpcrel_hi181
        80018218         80018218        0     1                 .L0 
        8001821e         8001821e        0     1                 .Lpcrel_hi182
        80018230         80018230        0     1                 .Lpcrel_hi183
        80018244         80018244        0     1                 .Lpcrel_hi184
        80018258         80018258        0     1                 .Lpcrel_hi185
        8001826c         8001826c        0     1                 .L0 
        80018276         80018276       5c     1                 __wrap__mlir_ciface_kernel_attention_pv_position_16x16x128x512
        800182a6         800182a6        0     1                 .Lpcrel_hi186
        800182d2         800182d2       5c     1                 __wrap__mlir_ciface_kernel_attention_pv_position_16x1x128x512
        80018302         80018302        0     1                 .Lpcrel_hi187
        8001832e         8001832e       5c     1                 __wrap__mlir_ciface_kernel_attention_qk_position_native_16x16x512x128
        8001835e         8001835e        0     1                 .Lpcrel_hi188
        8001838a         8001838a       5c     1                 __wrap__mlir_ciface_kernel_attention_qk_position_native_16x1x512x128
        800183ba         800183ba        0     1                 .Lpcrel_hi189
        800183e6         800183e6       54     1                 __wrap__mlir_ciface_kernel_attention_scale_mask_position_16x16x512
        80018410         80018410        0     1                 .Lpcrel_hi190
        8001843a         8001843a       54     1                 __wrap__mlir_ciface_kernel_attention_scale_mask_position_16x1x512
        80018464         80018464        0     1                 .Lpcrel_hi191
        8001848e         8001848e       5c     1                 __wrap__mlir_ciface_kernel_dequantize_16x1024
        800184be         800184be        0     1                 .Lpcrel_hi192
        800184ea         800184ea       5c     1                 __wrap__mlir_ciface_kernel_dequantize_16x2048
        8001851a         8001851a        0     1                 .Lpcrel_hi193
        80018546         80018546       5c     1                 __wrap__mlir_ciface_kernel_dequantize_16x3072
        80018576         80018576        0     1                 .Lpcrel_hi194
        800185a2         800185a2       5c     1                 __wrap__mlir_ciface_kernel_dequantize_1x1024
        800185d2         800185d2        0     1                 .Lpcrel_hi195
        800185fe         800185fe       5c     1                 __wrap__mlir_ciface_kernel_dequantize_1x151936
        8001862e         8001862e        0     1                 .Lpcrel_hi196
        8001865a         8001865a       5c     1                 __wrap__mlir_ciface_kernel_dequantize_1x2048
        8001868a         8001868a        0     1                 .Lpcrel_hi197
        800186b6         800186b6       5c     1                 __wrap__mlir_ciface_kernel_dequantize_1x3072
        800186e6         800186e6        0     1                 .Lpcrel_hi198
        80018712         80018712       5c     1                 __wrap__mlir_ciface_kernel_embedding_w8a8_16x1024
        80018742         80018742        0     1                 .Lpcrel_hi199
        8001876e         8001876e       5c     1                 __wrap__mlir_ciface_kernel_embedding_w8a8_1x1024
        8001879e         8001879e        0     1                 .Lpcrel_hi200
        800187ca         800187ca       54     1                 __wrap__mlir_ciface_kernel_kv_cache_update_position_16x8x128_cap512
        800187f4         800187f4        0     1                 .Lpcrel_hi201
        8001881e         8001881e       54     1                 __wrap__mlir_ciface_kernel_kv_cache_update_position_1x8x128_cap512
        80018848         80018848        0     1                 .Lpcrel_hi202
        80018872         80018872       4c     1                 __wrap__mlir_ciface_kernel_layout_context_8x16x128
        80018896         80018896        0     1                 .Lpcrel_hi203
        800188be         800188be       4c     1                 __wrap__mlir_ciface_kernel_layout_context_8x1x128
        800188e2         800188e2        0     1                 .Lpcrel_hi204
        8001890a         8001890a       54     1                 __wrap__mlir_ciface_kernel_matmul_16x1024x1024
        80018934         80018934        0     1                 .Lpcrel_hi205
        8001895e         8001895e       54     1                 __wrap__mlir_ciface_kernel_matmul_16x1024x2048
        80018988         80018988        0     1                 .Lpcrel_hi206
        800189b2         800189b2       54     1                 __wrap__mlir_ciface_kernel_matmul_16x1024x3072
        800189dc         800189dc        0     1                 .Lpcrel_hi207
        80018a06         80018a06       54     1                 __wrap__mlir_ciface_kernel_matmul_16x2048x1024
        80018a30         80018a30        0     1                 .Lpcrel_hi208
        80018a5a         80018a5a       54     1                 __wrap__mlir_ciface_kernel_matmul_16x3072x1024
        80018a84         80018a84        0     1                 .Lpcrel_hi209
        80018aae         80018aae       54     1                 __wrap__mlir_ciface_kernel_matmul_1x1024x1024
        80018ad8         80018ad8        0     1                 .Lpcrel_hi210
        80018b02         80018b02       54     1                 __wrap__mlir_ciface_kernel_matmul_1x1024x2048
        80018b2c         80018b2c        0     1                 .Lpcrel_hi211
        80018b56         80018b56       54     1                 __wrap__mlir_ciface_kernel_matmul_1x1024x3072
        80018b80         80018b80        0     1                 .Lpcrel_hi212
        80018baa         80018baa       54     1                 __wrap__mlir_ciface_kernel_matmul_1x151936x1024
        80018bd4         80018bd4        0     1                 .Lpcrel_hi213
        80018bfe         80018bfe       54     1                 __wrap__mlir_ciface_kernel_matmul_1x2048x1024
        80018c28         80018c28        0     1                 .Lpcrel_hi214
        80018c52         80018c52       54     1                 __wrap__mlir_ciface_kernel_matmul_1x3072x1024
        80018c7c         80018c7c        0     1                 .Lpcrel_hi215
        80018ca6         80018ca6       54     1                 __wrap__mlir_ciface_kernel_quantize_16x1024
        80018cd0         80018cd0        0     1                 .Lpcrel_hi216
        80018cfa         80018cfa       54     1                 __wrap__mlir_ciface_kernel_quantize_16x2048
        80018d24         80018d24        0     1                 .Lpcrel_hi217
        80018d4e         80018d4e       58     1                 __wrap__mlir_ciface_kernel_quantize_16x3072
        80018d78         80018d78        0     1                 .Lpcrel_hi218
        80018da6         80018da6       58     1                 __wrap__mlir_ciface_kernel_quantize_1x1024
        80018dd0         80018dd0        0     1                 .Lpcrel_hi219
        80018dfe         80018dfe       58     1                 __wrap__mlir_ciface_kernel_quantize_1x2048
        80018e28         80018e28        0     1                 .Lpcrel_hi220
        80018e56         80018e56       58     1                 __wrap__mlir_ciface_kernel_quantize_1x3072
        80018e80         80018e80        0     1                 .Lpcrel_hi221
        80018eae         80018eae       60     1                 __wrap__mlir_ciface_kernel_rmsnorm_128x128
        80018ede         80018ede        0     1                 .Lpcrel_hi222
        80018f0e         80018f0e       60     1                 __wrap__mlir_ciface_kernel_rmsnorm_16x1024
        80018f3e         80018f3e        0     1                 .Lpcrel_hi223
        80018f6e         80018f6e       60     1                 __wrap__mlir_ciface_kernel_rmsnorm_16x128
        80018f9e         80018f9e        0     1                 .Lpcrel_hi224
        80018fce         80018fce       60     1                 __wrap__mlir_ciface_kernel_rmsnorm_1x1024
        80018ffe         80018ffe        0     1                 .Lpcrel_hi225
        8001902e         8001902e       60     1                 __wrap__mlir_ciface_kernel_rmsnorm_256x128
        8001905e         8001905e        0     1                 .Lpcrel_hi226
        8001908e         8001908e       60     1                 __wrap__mlir_ciface_kernel_rmsnorm_8x128
        800190be         800190be        0     1                 .Lpcrel_hi227
        800190ee         800190ee       50     1                 __wrap__mlir_ciface_kernel_silu_16x3072
        80019112         80019112        0     1                 .Lpcrel_hi228
        8001913e         8001913e       50     1                 __wrap__mlir_ciface_kernel_silu_1x3072
        80019162         80019162        0     1                 .Lpcrel_hi229
        8001918e         8001918e       60     1                 __wrap__mlir_ciface_kernel_softmax_16x16x512
        800191be         800191be        0     1                 .Lpcrel_hi230
        800191ee         800191ee       60     1                 __wrap__mlir_ciface_kernel_softmax_16x1x512
        8001921e         8001921e        0     1                 .Lpcrel_hi231
        8001924e         8001924e     6440     2         examples/FPGA-BOSCAME/qwen3-0.6b/model/build/review-native-1l/image-oracle-profile/forward_decode.nr.o:(.text)
        8001924e         8001924e        0     1                 .L0 
        8001924e         8001924e        0     1                 $xrv64i2p1_m2p0_a2p1_f2p2_d2p2_c2p0_zicbom1p0_zicsr2p0_zifencei2p0_zmmul1p0_zaamo1p0_zalrsc1p0_zca1p0_zcd1p0
        8001924e         8001924e     305e     1                 forward_decode
        8001928e         8001928e        0     1                 .L0 
        800193dc         800193dc        0     1                 .LBB0_5
        800193e2         800193e2        0     1                 .LBB0_6
        800193ee         800193ee        0     1                 .LBB0_8
        800193f4         800193f4        0     1                 .LBB0_9
        80019420         80019420        0     1                 .LBB0_12
        8001943e         8001943e        0     1                 .LBB0_13
        80019444         80019444        0     1                 .LBB0_14
        8001944e         8001944e        0     1                 .LBB0_16
        80019452         80019452        0     1                 .LBB0_17
        80019468         80019468        0     1                 .LBB0_20
        80019478         80019478        0     1                 .LBB0_21
        80019480         80019480        0     1                 .LBB0_22
        8001948e         8001948e        0     1                 .LBB0_24
        80019492         80019492        0     1                 .LBB0_25
        800194a0         800194a0        0     1                 .LBB0_27
        800194a4         800194a4        0     1                 .LBB0_28
        800194da         800194da        0     1                 .LBB0_31
        800194fa         800194fa        0     1                 .LBB0_32
        80019504         80019504        0     1                 .LBB0_33
        80019510         80019510        0     1                 .LBB0_35
        80019518         80019518        0     1                 .LBB0_36
        8001953a         8001953a        0     1                 .LBB0_39
        80019562         80019562        0     1                 .LBB0_40
        8001956c         8001956c        0     1                 .LBB0_41
        80019578         80019578        0     1                 .LBB0_43
        80019582         80019582        0     1                 .LBB0_44
        8001958c         8001958c        0     1                 .LBB0_46
        80019592         80019592        0     1                 .LBB0_47
        800195b8         800195b8        0     1                 .LBB0_50
        800195e8         800195e8        0     1                 .LBB0_51
        800195f2         800195f2        0     1                 .LBB0_52
        800195fe         800195fe        0     1                 .LBB0_54
        80019608         80019608        0     1                 .LBB0_55
        80019616         80019616        0     1                 .LBB0_57
        8001962e         8001962e        0     1                 .LBB0_58
        80019652         80019652        0     1                 .LBB0_59
        8001965c         8001965c        0     1                 .LBB0_60
        80019668         80019668        0     1                 .LBB0_62
        80019672         80019672        0     1                 .LBB0_63
        80019694         80019694        0     1                 .LBB0_66
        800196a0         800196a0        0     1                 .LBB0_67
        800196a6         800196a6        0     1                 .LBB0_68
        800196b0         800196b0        0     1                 .LBB0_70
        800196b6         800196b6        0     1                 .LBB0_71
        800196c2         800196c2        0     1                 .LBB0_73
        800196d8         800196d8        0     1                 .LBB0_74
        800196fc         800196fc        0     1                 .LBB0_75
        80019706         80019706        0     1                 .LBB0_76
        80019712         80019712        0     1                 .LBB0_78
        8001971c         8001971c        0     1                 .LBB0_79
        8001973e         8001973e        0     1                 .LBB0_82
        800199aa         800199aa        0     1                 .LBB0_83
        800199b0         800199b0        0     1                 .LBB0_84
        800199bc         800199bc        0     1                 .LBB0_86
        800199c4         800199c4        0     1                 .LBB0_87
        800199d0         800199d0        0     1                 .LBB0_89
        800199d8         800199d8        0     1                 .LBB0_90
        800199fa         800199fa        0     1                 .LBB0_93
        80019c24         80019c24        0     1                 .LBB0_94
        80019c2a         80019c2a        0     1                 .LBB0_95
        80019c36         80019c36        0     1                 .LBB0_97
        80019c3e         80019c3e        0     1                 .LBB0_98
        80019c4a         80019c4a        0     1                 .LBB0_100
        80019c52         80019c52        0     1                 .LBB0_101
        80019c74         80019c74        0     1                 .LBB0_104
        80019e20         80019e20        0     1                 .LBB0_105
        80019e26         80019e26        0     1                 .LBB0_106
        80019e32         80019e32        0     1                 .LBB0_108
        80019e3c         80019e3c        0     1                 .LBB0_109
        80019e48         80019e48        0     1                 .LBB0_111
        80019e50         80019e50        0     1                 .LBB0_112
        80019e72         80019e72        0     1                 .LBB0_115
        80019ea0         80019ea0        0     1                 .LBB0_116
        80019eaa         80019eaa        0     1                 .LBB0_117
        80019eb6         80019eb6        0     1                 .LBB0_119
        80019ec0         80019ec0        0     1                 .LBB0_120
        80019ece         80019ece        0     1                 .LBB0_122
        80019edc         80019edc        0     1                 .LBB0_123
        80019f0a         80019f0a        0     1                 .LBB0_126
        80019f42         80019f42        0     1                 .LBB0_127
        80019f48         80019f48        0     1                 .LBB0_128
        80019f54         80019f54        0     1                 .LBB0_130
        80019f5e         80019f5e        0     1                 .LBB0_131
        80019f6a         80019f6a        0     1                 .LBB0_133
        80019f74         80019f74        0     1                 .LBB0_134
        80019f9a         80019f9a        0     1                 .LBB0_137
        8001a076         8001a076        0     1                 .LBB0_138
        8001a080         8001a080        0     1                 .LBB0_139
        8001a08c         8001a08c        0     1                 .LBB0_141
        8001a096         8001a096        0     1                 .LBB0_142
        8001a0a4         8001a0a4        0     1                 .LBB0_144
        8001a0b2         8001a0b2        0     1                 .LBB0_145
        8001a0e0         8001a0e0        0     1                 .LBB0_148
        8001a112         8001a112        0     1                 .LBB0_149
        8001a11a         8001a11a        0     1                 .LBB0_150
        8001a128         8001a128        0     1                 .LBB0_152
        8001a136         8001a136        0     1                 .LBB0_153
        8001a144         8001a144        0     1                 .LBB0_155
        8001a152         8001a152        0     1                 .LBB0_156
        8001a180         8001a180        0     1                 .LBB0_159
        8001a1aa         8001a1aa        0     1                 .LBB0_160
        8001a1b4         8001a1b4        0     1                 .LBB0_161
        8001a1c0         8001a1c0        0     1                 .LBB0_163
        8001a1ca         8001a1ca        0     1                 .LBB0_164
        8001a1d8         8001a1d8        0     1                 .LBB0_166
        8001a1e6         8001a1e6        0     1                 .LBB0_167
        8001a214         8001a214        0     1                 .LBB0_170
        8001a24c         8001a24c        0     1                 .LBB0_171
        8001a252         8001a252        0     1                 .LBB0_172
        8001a25e         8001a25e        0     1                 .LBB0_174
        8001a268         8001a268        0     1                 .LBB0_175
        8001a274         8001a274        0     1                 .LBB0_177
        8001a27e         8001a27e        0     1                 .LBB0_178
        8001a2a4         8001a2a4        0     1                 .LBB0_181
        8001a37c         8001a37c        0     1                 .LBB0_182
        8001a386         8001a386        0     1                 .LBB0_183
        8001a392         8001a392        0     1                 .LBB0_185
        8001a39c         8001a39c        0     1                 .LBB0_186
        8001a3aa         8001a3aa        0     1                 .LBB0_188
        8001a3b8         8001a3b8        0     1                 .LBB0_189
        8001a3e6         8001a3e6        0     1                 .LBB0_192
        8001a41a         8001a41a        0     1                 .LBB0_193
        8001a422         8001a422        0     1                 .LBB0_194
        8001a430         8001a430        0     1                 .LBB0_196
        8001a43e         8001a43e        0     1                 .LBB0_197
        8001a44c         8001a44c        0     1                 .LBB0_199
        8001a45a         8001a45a        0     1                 .LBB0_200
        8001a488         8001a488        0     1                 .LBB0_203
        8001a6c4         8001a6c4        0     1                 .LBB0_206
        8001a6ca         8001a6ca        0     1                 .LBB0_207
        8001a6d6         8001a6d6        0     1                 .LBB0_209
        8001a6dc         8001a6dc        0     1                 .LBB0_210
        8001a6e6         8001a6e6        0     1                 .LBB0_212
        8001a6ea         8001a6ea        0     1                 .LBB0_213
        8001a6f6         8001a6f6        0     1                 .LBB0_215
        8001a6fe         8001a6fe        0     1                 .LBB0_216
        8001a724         8001a724        0     1                 .LBB0_219
        8001a776         8001a776        0     1                 .LBB0_220
        8001a77c         8001a77c        0     1                 .LBB0_221
        8001a788         8001a788        0     1                 .LBB0_223
        8001a78e         8001a78e        0     1                 .LBB0_224
        8001a798         8001a798        0     1                 .LBB0_226
        8001a79c         8001a79c        0     1                 .LBB0_227
        8001a7a8         8001a7a8        0     1                 .LBB0_229
        8001a7b0         8001a7b0        0     1                 .LBB0_230
        8001a7d6         8001a7d6        0     1                 .LBB0_233
        8001aa62         8001aa62        0     1                 .LBB0_234
        8001aa68         8001aa68        0     1                 .LBB0_235
        8001aa74         8001aa74        0     1                 .LBB0_237
        8001aa7a         8001aa7a        0     1                 .LBB0_238
        8001aa86         8001aa86        0     1                 .LBB0_240
        8001aa8e         8001aa8e        0     1                 .LBB0_241
        8001aab0         8001aab0        0     1                 .LBB0_244
        8001ac6a         8001ac6a        0     1                 .LBB0_245
        8001ac72         8001ac72        0     1                 .LBB0_246
        8001ac80         8001ac80        0     1                 .LBB0_248
        8001ac88         8001ac88        0     1                 .LBB0_249
        8001acb6         8001acb6        0     1                 .LBB0_252
        8001b0e4         8001b0e4        0     1                 .LBB0_253
        8001b0ec         8001b0ec        0     1                 .LBB0_254
        8001b0fa         8001b0fa        0     1                 .LBB0_256
        8001b102         8001b102        0     1                 .LBB0_257
        8001b138         8001b138        0     1                 .LBB0_260
        8001b2da         8001b2da        0     1                 .LBB0_261
        8001b2e2         8001b2e2        0     1                 .LBB0_262
        8001b2f0         8001b2f0        0     1                 .LBB0_264
        8001b2f8         8001b2f8        0     1                 .LBB0_265
        8001b326         8001b326        0     1                 .LBB0_268
        8001be8e         8001be8e        0     1                 .LBB0_270
        8001be96         8001be96        0     1                 .LBB0_271
        8001be9e         8001be9e        0     1                 .LBB0_272
        8001bea6         8001bea6        0     1                 .LBB0_273
        8001beae         8001beae        0     1                 .LBB0_274
        8001beb6         8001beb6        0     1                 .LBB0_275
        8001bebe         8001bebe        0     1                 .LBB0_276
        8001bec6         8001bec6        0     1                 .LBB0_277
        8001bece         8001bece        0     1                 .LBB0_278
        8001bed6         8001bed6        0     1                 .LBB0_279
        8001bede         8001bede        0     1                 .LBB0_280
        8001bee6         8001bee6        0     1                 .LBB0_281
        8001beee         8001beee        0     1                 .LBB0_282
        8001bef6         8001bef6        0     1                 .LBB0_283
        8001befe         8001befe        0     1                 .LBB0_284
        8001bf06         8001bf06        0     1                 .LBB0_285
        8001bf0e         8001bf0e        0     1                 .LBB0_286
        8001bf16         8001bf16        0     1                 .LBB0_287
[...]
        8002cdde         8002cdde      210     2         examples/FPGA-BOSCAME/qwen3-0.6b/model/build/review-native-1l/model-lib/libqwen_triton.a(rmsnorm_8x128.kernel.o):(.text)
        8002cdde         8002cdde        0     1                 .L0 
        8002cdde         8002cdde        0     1                 $xrv64i2p1_m2p0_a2p1_f2p2_d2p2_c2p0_v1p0_zicbom1p0_zicsr2p0_zifencei2p0_zmmul1p0_zaamo1p0_zalrsc1p0_zca1p0_zcd1p0_zve32f1p0_zve32x1p0_zve64d1p0_zve64f1p0_zve64x1p0_zvl128b1p0_zvl256b1p0_zvl32b1p0_zvl512b1p0_zvl64b1p0
        8002cdde         8002cdde      210     1                 triton_rmsnorm_8x128
        8002cdf0         8002cdf0        0     1                 .L0 
        8002ce42         8002ce42        0     1                 .LBB0_2
        8002ce84         8002ce84        0     1                 .LBB0_4
        8002ceb6         8002ceb6        0     1                 .LBB0_6
        8002ceec         8002ceec        0     1                 .LBB0_8
        8002cf36         8002cf36        0     1                 .LBB0_10
        8002cf62         8002cf62        0     1                 .LBB0_12
        8002cf8e         8002cf8e        0     1                 .LBB0_14
        8002cfd8         8002cfd8        0     1                 .LBB0_16
        8002cfdc         8002cfdc        0     1                 .L0 
        8002cfee         8002cfee        0     1                 .L0 
        8002cfee         8002cfee       54     2         examples/FPGA-BOSCAME/qwen3-0.6b/model/build/review-native-1l/model-lib/libqwen_triton.a(silu_16x3072.adapter.o):(.text._mlir_ciface_kernel_silu_16x3072)
        8002cfee         8002cfee        0     1                 $xrv64i2p1_m2p0_a2p1_f2p2_d2p2_c2p0_zicbom1p0_zicsr2p0_zifencei2p0_zmmul1p0_zaamo1p0_zalrsc1p0_zca1p0_zcd1p0
        8002d018         8002d018        0     1                 .L0 
        8002d042         8002d042      25a     2         examples/FPGA-BOSCAME/qwen3-0.6b/model/build/review-native-1l/model-lib/libqwen_triton.a(silu_16x3072.kernel.o):(.text)
        8002d042         8002d042        0     1                 .L0 
        8002d042         8002d042        0     1                 $xrv64i2p1_m2p0_a2p1_f2p2_d2p2_c2p0_v1p0_zicbom1p0_zicsr2p0_zifencei2p0_zmmul1p0_zaamo1p0_zalrsc1p0_zca1p0_zcd1p0_zve32f1p0_zve32x1p0_zve64d1p0_zve64f1p0_zve64x1p0_zvl128b1p0_zvl256b1p0_zvl32b1p0_zvl512b1p0_zvl64b1p0
        8002d042         8002d042      25a     1                 triton_silu_16x3072
        8002d07c         8002d07c        0     1                 .L0 
        8002d0a6         8002d0a6        0     1                 .LBB0_2
        8002d0b6         8002d0b6        0     1                 .LBB0_4
        8002d0bc         8002d0bc        0     1                 .LBB0_6
        8002d0e8         8002d0e8        0     1                 .LBB0_9
        8002d128         8002d128        0     1                 .LBB0_11
        8002d152         8002d152        0     1                 .LBB0_13
        8002d184         8002d184        0     1                 .LBB0_15
        8002d190         8002d190        0     1                 .LBB0_16
        8002d1a8         8002d1a8        0     1                 .LBB0_17
        8002d1d4         8002d1d4        0     1                 .LBB0_19
        8002d200         8002d200        0     1                 .LBB0_21
        8002d23c         8002d23c        0     1                 .LBB0_23
        8002d25e         8002d25e        0     1                 .LBB0_25
        8002d262         8002d262        0     1                 .L0 
        8002d29c         8002d29c        0     1                 .L0 
        8002d29c         8002d29c       50     2         examples/FPGA-BOSCAME/qwen3-0.6b/model/build/review-native-1l/model-lib/libqwen_triton.a(silu_1x3072.adapter.o):(.text._mlir_ciface_kernel_silu_1x3072)
        8002d29c         8002d29c        0     1                 $xrv64i2p1_m2p0_a2p1_f2p2_d2p2_c2p0_zicbom1p0_zicsr2p0_zifencei2p0_zmmul1p0_zaamo1p0_zalrsc1p0_zca1p0_zcd1p0
        8002d2c4         8002d2c4        0     1                 .L0 
        8002d2ec         8002d2ec      25c     2         examples/FPGA-BOSCAME/qwen3-0.6b/model/build/review-native-1l/model-lib/libqwen_triton.a(silu_1x3072.kernel.o):(.text)
        8002d2ec         8002d2ec        0     1                 .L0 
        8002d2ec         8002d2ec        0     1                 $xrv64i2p1_m2p0_a2p1_f2p2_d2p2_c2p0_v1p0_zicbom1p0_zicsr2p0_zifencei2p0_zmmul1p0_zaamo1p0_zalrsc1p0_zca1p0_zcd1p0_zve32f1p0_zve32x1p0_zve64d1p0_zve64f1p0_zve64x1p0_zvl128b1p0_zvl256b1p0_zvl32b1p0_zvl512b1p0_zvl64b1p0
        8002d2ec         8002d2ec      25c     1                 triton_silu_1x3072
        8002d326         8002d326        0     1                 .L0 
        8002d350         8002d350        0     1                 .LBB0_2
        8002d362         8002d362        0     1                 .LBB0_4
        8002d368         8002d368        0     1                 .LBB0_6
        8002d394         8002d394        0     1                 .LBB0_9
        8002d3d4         8002d3d4        0     1                 .LBB0_11
        8002d3fe         8002d3fe        0     1                 .LBB0_13
        8002d430         8002d430        0     1                 .LBB0_15
        8002d43c         8002d43c        0     1                 .LBB0_16
        8002d454         8002d454        0     1                 .LBB0_17
        8002d480         8002d480        0     1                 .LBB0_19
        8002d4ac         8002d4ac        0     1                 .LBB0_21
        8002d4e8         8002d4e8        0     1                 .LBB0_23
        8002d50a         8002d50a        0     1                 .LBB0_25
        8002d50e         8002d50e        0     1                 .L0 
        8002d548         8002d548        0     1                 .L0 
        8002d548         8002d548       7e     2         examples/FPGA-BOSCAME/qwen3-0.6b/model/build/review-native-1l/model-lib/libqwen_triton.a(softmax_16x16x512.adapter.o):(.text._mlir_ciface_kernel_softmax_16x16x512)
        8002d548         8002d548        0     1                 $xrv64i2p1_m2p0_a2p1_f2p2_d2p2_c2p0_zicbom1p0_zicsr2p0_zifencei2p0_zmmul1p0_zaamo1p0_zalrsc1p0_zca1p0_zcd1p0
        8002d592         8002d592        0     1                 .L0 
        8002d5c6         8002d5c6      224     2         examples/FPGA-BOSCAME/qwen3-0.6b/model/build/review-native-1l/model-lib/libqwen_triton.a(softmax_16x16x512.kernel.o):(.text)
        8002d5c6         8002d5c6        0     1                 .L0 
        8002d5c6         8002d5c6        0     1                 $xrv64i2p1_m2p0_a2p1_f2p2_d2p2_c2p0_v1p0_zicbom1p0_zicsr2p0_zifencei2p0_zmmul1p0_zaamo1p0_zalrsc1p0_zca1p0_zcd1p0_zve32f1p0_zve32x1p0_zve64d1p0_zve64f1p0_zve64x1p0_zvl128b1p0_zvl256b1p0_zvl32b1p0_zvl512b1p0_zvl64b1p0
        8002d5c6         8002d5c6      224     1                 triton_softmax_16x16x512
        8002d5e6         8002d5e6        0     1                 .L0 
        8002d642         8002d642        0     1                 .LBB0_2
        8002d67c         8002d67c        0     1                 .LBB0_4
        8002d6a6         8002d6a6        0     1                 .LBB0_6
        8002d6d2         8002d6d2        0     1                 .LBB0_8
        8002d6de         8002d6de        0     1                 .LBB0_9
        8002d6f6         8002d6f6        0     1                 .LBB0_10
        8002d722         8002d722        0     1                 .LBB0_12
        8002d742         8002d742        0     1                 .LBB0_14
        8002d76e         8002d76e        0     1                 .LBB0_16
        8002d7c6         8002d7c6        0     1                 .LBB0_18
        8002d7ca         8002d7ca        0     1                 .L0 
        8002d7ea         8002d7ea        0     1                 .L0 
        8002d7ea         8002d7ea       7c     2         examples/FPGA-BOSCAME/qwen3-0.6b/model/build/review-native-1l/model-lib/libqwen_triton.a(softmax_16x1x512.adapter.o):(.text._mlir_ciface_kernel_softmax_16x1x512)
        8002d7ea         8002d7ea        0     1                 $xrv64i2p1_m2p0_a2p1_f2p2_d2p2_c2p0_zicbom1p0_zicsr2p0_zifencei2p0_zmmul1p0_zaamo1p0_zalrsc1p0_zca1p0_zcd1p0
        8002d832         8002d832        0     1                 .L0 
        8002d866         8002d866      224     2         examples/FPGA-BOSCAME/qwen3-0.6b/model/build/review-native-1l/model-lib/libqwen_triton.a(softmax_16x1x512.kernel.o):(.text)
        8002d866         8002d866        0     1                 .L0 
        8002d866         8002d866        0     1                 $xrv64i2p1_m2p0_a2p1_f2p2_d2p2_c2p0_v1p0_zicbom1p0_zicsr2p0_zifencei2p0_zmmul1p0_zaamo1p0_zalrsc1p0_zca1p0_zcd1p0_zve32f1p0_zve32x1p0_zve64d1p0_zve64f1p0_zve64x1p0_zvl128b1p0_zvl256b1p0_zvl32b1p0_zvl512b1p0_zvl64b1p0
        8002d866         8002d866      224     1                 triton_softmax_16x1x512
        8002d886         8002d886        0     1                 .L0 
        8002d8e2         8002d8e2        0     1                 .LBB0_2
        8002d91c         8002d91c        0     1                 .LBB0_4
        8002d946         8002d946        0     1                 .LBB0_6
        8002d972         8002d972        0     1                 .LBB0_8
        8002d97e         8002d97e        0     1                 .LBB0_9
        8002d996         8002d996        0     1                 .LBB0_10
        8002d9c2         8002d9c2        0     1                 .LBB0_12
        8002d9e2         8002d9e2        0     1                 .LBB0_14
        8002da0e         8002da0e        0     1                 .LBB0_16
        8002da66         8002da66        0     1                 .LBB0_18
        8002da6a         8002da6a        0     1                 .L0 
        8002da8a         8002da8a        0     1                 .L0 
        8002dac0         8002dac0   568798    64 .rodata
        8002dac0         8002dac0      e1a     1         <internal>:(.rodata)
        8002e900         8002e900   567600    64         examples/FPGA-BOSCAME/qwen3-0.6b/model/build/review-native-1l/image-oracle-profile/numeric-reference.o:(.rodata.qwen_reference)
        8002e900         8002e900        0     1                 $d
        8002e900         8002e900        0     1                 model_reference_raw
        80595f00         80595f00      348    16         examples/FPGA-BOSCAME/qwen3-0.6b/model/build/review-native-1l/image-oracle-profile/nr_math.o:(.rodata)
        80595f00         80595f00      100     1                 exp2_tab
        80595f00         80595f00        0     1                 $d
        80596000         80596000      100     1                 log_tab
        80596100         80596100       20     1                 .promoted_doubles.expf
        80596120         80596120       20     1                 .promoted_doubles.logf
        80596140         80596140       40     1                 .promoted_doubles.powf
        80596180         80596180       20     1                 .promoted_doubles.tanhf
        805961a0         805961a0       20     1                 .promoted_doubles.erff
        805961c0         805961c0       20     1                 .promoted_doubles._mlir_ciface_erff
        805961e0         805961e0       68     1                 .promoted_doubles.sine_or_cosine
        80596248         80596248       10     8         <internal>:(.rodata)
        80596280         80596280       41    64 .data
        80596280         80596280       41    64         examples/FPGA-BOSCAME/qwen3-0.6b/model/build/review-native-1l/image-oracle-profile/ame_sync.o:(.data)
        80596280         80596280       41     1                 .L_MergedGlobals
        80596280         80596280        0     1                 $d
        80596280         80596280        1     1                 ame_sync_a
        805962c0         805962c0        1     1                 ame_sync_b
        80596300         80596300        0     1 .sdata
        80596300         80596300        0     1         __global_pointer$ = . + 0x800
        80596300         80596300    11100    64 .nr_console
        80596300         80596300    11100    64         examples/FPGA-BOSCAME/qwen3-0.6b/model/build/review-native-1l/image-oracle-profile/nr_runtime.o:(.bss.nr_console)
        80596300         80596300     1080     1                 input
        80596300         80596300        0     1                 $d
        80597380         80597380    10080     1                 console
        805a7400         805a7400        0     1         . = ALIGN ( 64 )
        805a7400         805a7400    99740    64 .bss
        805a7400         805a7400        0     1         __bss_start = .
        805a7400         805a7400      2e0     8         examples/FPGA-BOSCAME/qwen3-0.6b/model/build/review-native-1l/image-oracle-profile/kernel-profile.o:(.bss)
        805a7400         805a7400      2e0     1                 .L_MergedGlobals
        805a7400         805a7400        0     1                 $d
        805a7400         805a7400      170     1                 counts
        805a7570         805a7570      170     1                 cycles
        805a76e0         805a76e0       10     8         examples/FPGA-BOSCAME/qwen3-0.6b/model/build/review-native-1l/image-oracle-profile/model_main.o:(.bss)
        805a76e0         805a76e0       10     1                 .L_MergedGlobals
        805a76e0         805a76e0        0     1                 $d
        805a76e0         805a76e0        8     1                 selection_cycles
        805a76e8         805a76e8        8     1                 cache_retention_cycles
        805a76f0         805a76f0    99400     4         examples/FPGA-BOSCAME/qwen3-0.6b/model/build/review-native-1l/image-oracle-profile/adapters.o:(.bss)
        805a76f0         805a76f0    10000     1                 qwen_out_qwen_graph_rmsnorm_128x128__forward_prefill_mul_7
        805a76f0         805a76f0        0     1                 $d
        805b76f0         805b76f0      400     1                 qwen_rmsnorm_scratch
        805b7af0         805b7af0    10000     1                 qwen_out_qwen_graph_rmsnorm_16x1024__forward_prefill_mul_13
        805c7af0         805c7af0    10000     1                 qwen_out_qwen_graph_rmsnorm_16x1024__forward_prefill_mul_17
        805d7af0         805d7af0    10000     1                 qwen_out_qwen_graph_rmsnorm_16x1024__forward_prefill_mul_3
        805e7af0         805e7af0     2000     1                 qwen_out_qwen_graph_rmsnorm_16x128__forward_decode_mul_5
        805e9af0         805e9af0     1000     1                 qwen_out_qwen_graph_rmsnorm_1x1024__forward_decode_mul_13
        805eaaf0         805eaaf0     1000     1                 qwen_out_qwen_graph_rmsnorm_1x1024__forward_decode_mul_17
        805ebaf0         805ebaf0     1000     1                 qwen_out_qwen_graph_rmsnorm_1x1024__forward_decode_mul_3
        805ecaf0         805ecaf0    20000     1                 qwen_out_qwen_graph_rmsnorm_256x128__forward_prefill_mul_5
        8060caf0         8060caf0     1000     1                 qwen_out_qwen_graph_rmsnorm_8x128__forward_decode_mul_7
        8060daf0         8060daf0    30000     1                 qwen_out_qwen_graph_silu_16x3072__forward_prefill_mul_14
        8063daf0         8063daf0     3000     1                 qwen_out_qwen_graph_silu_1x3072__forward_decode_mul_14
        80640af0         80640af0        8     8         examples/FPGA-BOSCAME/qwen3-0.6b/model/build/review-native-1l/image-oracle-profile/nr_runtime.o:(.bss)
        80640af0         80640af0        8     1                 heap_cursor
        80640af0         80640af0        0     1                 $d
        80640b00         80640b00        4    64         examples/FPGA-BOSCAME/qwen3-0.6b/model/build/review-native-1l/image-oracle-profile/ame_sync.o:(.bss)
        80640b00         80640b00        4     1                 ame_sync_cell
        80640b00         80640b00        0     1                 $d
        80640b04         80640b04       3c     1         . = ALIGN ( 64 )
        80640b40         80640b40        0     1         __bss_end = .
        80640b40         80640b40        0     1 .tbss
        80640b40         80640b40        0     1         __tbss_start = .
        80640b40         80640b40        0     1         . = ALIGN ( 64 )
        80640b40         80640b40        0     1         __tbss_end = .
        80640b40         80640b40   200000     1 .stacks
        80640b40         80640b40        0     1         __stack_base = .
        80640b40         80640b40   100000     1         . += STACK_SIZE
        80740b40         80740b40        0     1         __stack_top = .
        80740b40         80740b40        0     1         __ra_stack_base = .
        80740b40         80740b40   100000     1         . += STACK_SIZE
        80840b40         80840b40        0     1         __ra_stack_top = .
        80840b40         80840b40        0     1 __heap_start = .
        80840b40         80840b40        0     1 __heap_end = ORIGIN ( LOW ) + LENGTH ( LOW )
        80840b40         80840b40        0     1 _end = .
        b8000000         b8000000  ae060c0    64 .workspace
        b8000000         b8000000        0     1         __workspace_start = .
        b8000000         b8000000  ae060c0    64         examples/FPGA-BOSCAME/qwen3-0.6b/model/build/review-native-1l/image-oracle-profile/model_main.o:(.workspace)
        b8000000         b8000000        0     1                 weight_arena_raw
        b8000000         b8000000        0     1                 $d
        c2403b00         c2403b00        0     1                 weight_arena_end
        c2403b00         c2403b00        0     1                 k_cache_raw
        c2603b00         c2603b00        0     1                 k_cache_end
        c2603b00         c2603b00        0     1                 v_cache_raw
        c2803b00         c2803b00        0     1                 v_cache_end
        c2803b00         c2803b00        0     1                 input_ids_raw
        c2803b80         c2803b80        0     1                 input_ids_end
        c2803b80         c2803b80        0     1                 cache_position_raw
        c2803bc0         c2803bc0        0     1                 cache_position_end
        c2803bc0         c2803bc0        0     1                 ws_prefill_raw
        c2ca5600         c2ca5600        0     1                 ws_prefill_end
        c2ca5600         c2ca5600        0     1                 ws_decode_raw
        c2e060c0         c2e060c0        0     1                 ws_decode_end
        c2e060c0         c2e060c0        0     1         . = ALIGN ( 64 )
        c2e060c0         c2e060c0        0     1         __workspace_end = .
        c2e060c0         c2e060c0        0     1 
        c2e060c0         c2e060c0        0     1 
        c2e060c0         c2e060c0        0     1 
               0                0       7e     1 .riscv.attributes
               0                0       7e     1         examples/FPGA-BOSCAME/qwen3-0.6b/model/build/review-native-1l/image-oracle-profile/forward_prefill.nr.o:(.riscv.attributes)
               0                0        0     1                 $d
               0                0       7e     1 .comment
               0                0       7e     1         <internal>:(.comment)
               0                0    146b8     8 .symtab
               0                0    146b8     8         <internal>:(.symtab)
               0                0       92     1 .shstrtab
               0                0       92     1         <internal>:(.shstrtab)
               0                0    14427     1 .strtab
               0                0    14427     1         <internal>:(.strtab)
