             VMA              LMA     Size Align Out     In      Symbol
               0                0        0     1 STACK_SIZE = 0x100000
        80000000         80000000       ec    16 .text.init
        80000000         80000000       ec    16         examples/FPGA-BOSCAME/qwen3-0.6b/model/build/review-native-4l/image-fixed-text-progress/crt.o:(.text.init)
        80000000         80000000        0     1                 $xrv64i2p1_m2p0_a2p1_f2p2_d2p2_c2p0_zicbom1p0_zicsr2p0_zifencei2p0_zmmul1p0_zaamo1p0_zalrsc1p0_zca1p0_zcd1p0
        80000000         80000000       36     1                 _start
        8000000a         8000000a        0     1                 .Lpcrel_hi0
        80000012         80000012        0     1                 .Lpcrel_hi1
        8000001a         8000001a        0     1                 .Lpcrel_hi2
        80000022         80000022        0     1                 .Lpcrel_hi3
        80000040         80000040       7c     1                 _ra_start
        80000050         80000050        0     1                 .Lpcrel_hi4
        80000058         80000058        0     1                 .Lpcrel_hi5
        80000060         80000060        0     1                 .Lpcrel_hi6
        80000068         80000068        0     1                 .Lpcrel_hi7
        8000007c         8000007c        0     1                 .Lpcrel_hi8
        80000084         80000084        0     1                 .Lpcrel_hi9
        8000008c         8000008c        0     1                 .Ltmp0
        80000098         80000098        0     1                 .Ltmp1
        80000098         80000098        0     1                 .Lpcrel_hi10
        800000a0         800000a0        0     1                 .Lpcrel_hi11
        800000a8         800000a8        0     1                 .Ltmp2
        800000b4         800000b4        0     1                 .Ltmp3
        800000bc         800000bc        0     1                 .Lnh_trap
        800000bc         800000bc        0     1                 .Lpcrel_hi12
        800000d4         800000d4        0     1                 .Lra_trap
        800000d4         800000d4        0     1                 .Lpcrel_hi13
        800000ec         800000ec        0     1 
        80010000         80010000     1000     1 .nr_mailbox
        80010000         80010000        0     1         ra_sig = .
        80010000         80010000     1000     1         . += 0x1000
        80011000         80011000    47616     4 .text
        80011000         80011000    1780a     2         examples/FPGA-BOSCAME/qwen3-0.6b/model/build/review-native-4l/image-fixed-text-progress/forward_prefill.nr.o:(.text)
        80011000         80011000        0     1                 .L0 
        80011000         80011000        0     1                 $xrv64i2p1_m2p0_a2p1_f2p2_d2p2_c2p0_zicbom1p0_zicsr2p0_zifencei2p0_zmmul1p0_zaamo1p0_zalrsc1p0_zca1p0_zcd1p0
        80011000         80011000     b8fc     1                 forward_prefill
        80011040         80011040        0     1                 .L0 
        8001114e         8001114e        0     1                 .LBB0_2
        800111a4         800111a4        0     1                 .LBB0_4
        800111ca         800111ca        0     1                 .LBB0_5
        800111d4         800111d4        0     1                 .LBB0_6
        800111e0         800111e0        0     1                 .LBB0_8
        800111ea         800111ea        0     1                 .LBB0_9
        8001121a         8001121a        0     1                 .LBB0_12
        80011248         80011248        0     1                 .LBB0_13
        8001124c         8001124c        0     1                 .LBB0_14
        80011256         80011256        0     1                 .LBB0_16
        8001125c         8001125c        0     1                 .LBB0_17
        80011276         80011276        0     1                 .LBB0_20
        80011288         80011288        0     1                 .LBB0_21
        80011292         80011292        0     1                 .LBB0_22
        800112a0         800112a0        0     1                 .LBB0_24
        800112a4         800112a4        0     1                 .LBB0_25
        800112b4         800112b4        0     1                 .LBB0_27
        800112b8         800112b8        0     1                 .LBB0_28
        800112f0         800112f0        0     1                 .LBB0_31
        80011318         80011318        0     1                 .LBB0_32
        8001131e         8001131e        0     1                 .LBB0_33
        8001132a         8001132a        0     1                 .LBB0_35
        80011332         80011332        0     1                 .LBB0_36
        80011356         80011356        0     1                 .LBB0_39
        80011390         80011390        0     1                 .LBB0_40
        80011396         80011396        0     1                 .LBB0_41
        800113a2         800113a2        0     1                 .LBB0_43
        800113ac         800113ac        0     1                 .LBB0_44
        800113b6         800113b6        0     1                 .LBB0_46
        800113bc         800113bc        0     1                 .LBB0_47
        800113e2         800113e2        0     1                 .LBB0_50
        8001141a         8001141a        0     1                 .LBB0_51
        80011426         80011426        0     1                 .LBB0_52
        80011436         80011436        0     1                 .LBB0_54
        80011440         80011440        0     1                 .LBB0_55
        8001144e         8001144e        0     1                 .LBB0_57
        80011466         80011466        0     1                 .LBB0_58
        80011492         80011492        0     1                 .LBB0_59
        80011498         80011498        0     1                 .LBB0_60
        800114a4         800114a4        0     1                 .LBB0_62
        800114ae         800114ae        0     1                 .LBB0_63
        800114d0         800114d0        0     1                 .LBB0_66
        800114e0         800114e0        0     1                 .LBB0_67
        800114e4         800114e4        0     1                 .LBB0_68
        800114ee         800114ee        0     1                 .LBB0_70
        800114f4         800114f4        0     1                 .LBB0_71
        80011500         80011500        0     1                 .LBB0_73
        80011516         80011516        0     1                 .LBB0_74
        80011542         80011542        0     1                 .LBB0_75
        80011548         80011548        0     1                 .LBB0_76
        80011554         80011554        0     1                 .LBB0_78
        8001155e         8001155e        0     1                 .LBB0_79
        80011580         80011580        0     1                 .LBB0_82
        80011890         80011890        0     1                 .LBB0_83
        80011896         80011896        0     1                 .LBB0_84
        800118a2         800118a2        0     1                 .LBB0_86
        800118a8         800118a8        0     1                 .LBB0_87
        800118b4         800118b4        0     1                 .LBB0_89
        800118bc         800118bc        0     1                 .LBB0_90
        800118de         800118de        0     1                 .LBB0_93
        80011b66         80011b66        0     1                 .LBB0_94
        80011b6c         80011b6c        0     1                 .LBB0_95
        80011b78         80011b78        0     1                 .LBB0_97
        80011b7e         80011b7e        0     1                 .LBB0_98
        80011b8a         80011b8a        0     1                 .LBB0_100
        80011b92         80011b92        0     1                 .LBB0_101
        80011bb4         80011bb4        0     1                 .LBB0_104
        80011dbc         80011dbc        0     1                 .LBB0_105
        80011dc2         80011dc2        0     1                 .LBB0_106
        80011dce         80011dce        0     1                 .LBB0_108
        80011dd6         80011dd6        0     1                 .LBB0_109
        80011de2         80011de2        0     1                 .LBB0_111
        80011dea         80011dea        0     1                 .LBB0_112
        80011e0c         80011e0c        0     1                 .LBB0_115
        80011e3e         80011e3e        0     1                 .LBB0_116
        80011e46         80011e46        0     1                 .LBB0_117
        80011e52         80011e52        0     1                 .LBB0_119
        80011e58         80011e58        0     1                 .LBB0_120
        80011e66         80011e66        0     1                 .LBB0_122
        80011e74         80011e74        0     1                 .LBB0_123
        80011ea2         80011ea2        0     1                 .LBB0_126
        80011ede         80011ede        0     1                 .LBB0_127
        80011ee4         80011ee4        0     1                 .LBB0_128
        80011ef0         80011ef0        0     1                 .LBB0_130
        80011ef6         80011ef6        0     1                 .LBB0_131
        80011f02         80011f02        0     1                 .LBB0_133
        80011f0c         80011f0c        0     1                 .LBB0_134
        80011f32         80011f32        0     1                 .LBB0_137
        80012014         80012014        0     1                 .LBB0_138
        8001201c         8001201c        0     1                 .LBB0_139
        80012028         80012028        0     1                 .LBB0_141
        8001202e         8001202e        0     1                 .LBB0_142
        8001203c         8001203c        0     1                 .LBB0_144
        8001204a         8001204a        0     1                 .LBB0_145
        80012078         80012078        0     1                 .LBB0_148
        800120b2         800120b2        0     1                 .LBB0_149
        800120ba         800120ba        0     1                 .LBB0_150
        800120c8         800120c8        0     1                 .LBB0_152
        800120d0         800120d0        0     1                 .LBB0_153
        800120de         800120de        0     1                 .LBB0_155
        800120ec         800120ec        0     1                 .LBB0_156
        8001211a         8001211a        0     1                 .LBB0_159
        8001214e         8001214e        0     1                 .LBB0_160
        80012156         80012156        0     1                 .LBB0_161
        80012162         80012162        0     1                 .LBB0_163
        80012168         80012168        0     1                 .LBB0_164
        80012176         80012176        0     1                 .LBB0_166
        80012184         80012184        0     1                 .LBB0_167
        800121b2         800121b2        0     1                 .LBB0_170
        800121fa         800121fa        0     1                 .LBB0_171
        80012200         80012200        0     1                 .LBB0_172
        8001220c         8001220c        0     1                 .LBB0_174
        80012212         80012212        0     1                 .LBB0_175
        8001221e         8001221e        0     1                 .LBB0_177
        80012228         80012228        0     1                 .LBB0_178
        8001224e         8001224e        0     1                 .LBB0_181
        80012340         80012340        0     1                 .LBB0_182
        80012348         80012348        0     1                 .LBB0_183
        80012354         80012354        0     1                 .LBB0_185
        8001235a         8001235a        0     1                 .LBB0_186
        80012368         80012368        0     1                 .LBB0_188
        80012376         80012376        0     1                 .LBB0_189
        800123a4         800123a4        0     1                 .LBB0_192
        800123e0         800123e0        0     1                 .LBB0_193
        800123e8         800123e8        0     1                 .LBB0_194
        800123f6         800123f6        0     1                 .LBB0_196
        800123fe         800123fe        0     1                 .LBB0_197
        8001240c         8001240c        0     1                 .LBB0_199
        8001241a         8001241a        0     1                 .LBB0_200
        80012448         80012448        0     1                 .LBB0_203
        80012722         80012722        0     1                 .LBB0_206
        80012728         80012728        0     1                 .LBB0_207
        80012734         80012734        0     1                 .LBB0_209
        8001273a         8001273a        0     1                 .LBB0_210
        80012744         80012744        0     1                 .LBB0_212
        80012748         80012748        0     1                 .LBB0_213
        80012754         80012754        0     1                 .LBB0_215
        8001275c         8001275c        0     1                 .LBB0_216
        80012782         80012782        0     1                 .LBB0_219
        800127e0         800127e0        0     1                 .LBB0_220
        800127e6         800127e6        0     1                 .LBB0_221
        800127f2         800127f2        0     1                 .LBB0_223
        800127f8         800127f8        0     1                 .LBB0_224
        80012802         80012802        0     1                 .LBB0_226
        80012806         80012806        0     1                 .LBB0_227
        80012812         80012812        0     1                 .LBB0_229
        8001281a         8001281a        0     1                 .LBB0_230
        80012840         80012840        0     1                 .LBB0_233
        80012b9a         80012b9a        0     1                 .LBB0_234
        80012ba0         80012ba0        0     1                 .LBB0_235
        80012bac         80012bac        0     1                 .LBB0_237
        80012bb2         80012bb2        0     1                 .LBB0_238
        80012bbe         80012bbe        0     1                 .LBB0_240
        80012bc6         80012bc6        0     1                 .LBB0_241
        80012be8         80012be8        0     1                 .LBB0_244
        80012e06         80012e06        0     1                 .LBB0_245
        80012e0e         80012e0e        0     1                 .LBB0_246
        80012e1c         80012e1c        0     1                 .LBB0_248
        80012e24         80012e24        0     1                 .LBB0_249
        80012e52         80012e52        0     1                 .LBB0_252
        80013332         80013332        0     1                 .LBB0_253
        8001333a         8001333a        0     1                 .LBB0_254
        80013348         80013348        0     1                 .LBB0_256
        80013350         80013350        0     1                 .LBB0_257
        8001337e         8001337e        0     1                 .LBB0_260
        8001356e         8001356e        0     1                 .LBB0_261
        80013576         80013576        0     1                 .LBB0_262
        80013584         80013584        0     1                 .LBB0_264
        8001358c         8001358c        0     1                 .LBB0_265
        800135ba         800135ba        0     1                 .LBB0_268
        800138c2         800138c2        0     1                 .LBB0_269
        800138c8         800138c8        0     1                 .LBB0_270
        800138d4         800138d4        0     1                 .LBB0_272
        800138da         800138da        0     1                 .LBB0_273
        800138e6         800138e6        0     1                 .LBB0_275
        800138ee         800138ee        0     1                 .LBB0_276
        80013910         80013910        0     1                 .LBB0_279
        80013ba6         80013ba6        0     1                 .LBB0_280
        80013bac         80013bac        0     1                 .LBB0_281
        80013bb8         80013bb8        0     1                 .LBB0_283
        80013bbe         80013bbe        0     1                 .LBB0_284
        80013bca         80013bca        0     1                 .LBB0_286
        80013bd2         80013bd2        0     1                 .LBB0_287
        80013bf4         80013bf4        0     1                 .LBB0_290
        80013e00         80013e00        0     1                 .LBB0_291
        80013e06         80013e06        0     1                 .LBB0_292
        80013e12         80013e12        0     1                 .LBB0_294
        80013e1a         80013e1a        0     1                 .LBB0_295
        80013e26         80013e26        0     1                 .LBB0_297
        80013e2e         80013e2e        0     1                 .LBB0_298
        80013e50         80013e50        0     1                 .LBB0_301
        80013e82         80013e82        0     1                 .LBB0_302
        80013e8a         80013e8a        0     1                 .LBB0_303
        80013e96         80013e96        0     1                 .LBB0_305
        80013e9c         80013e9c        0     1                 .LBB0_306
        80013eaa         80013eaa        0     1                 .LBB0_308
        80013eb8         80013eb8        0     1                 .LBB0_309
        80013ee6         80013ee6        0     1                 .LBB0_312
        80013f26         80013f26        0     1                 .LBB0_313
        80013f2c         80013f2c        0     1                 .LBB0_314
        80013f38         80013f38        0     1                 .LBB0_316
        80013f3e         80013f3e        0     1                 .LBB0_317
        80013f4a         80013f4a        0     1                 .LBB0_319
        80013f54         80013f54        0     1                 .LBB0_320
        80013f7a         80013f7a        0     1                 .LBB0_323
        80014060         80014060        0     1                 .LBB0_324
        80014068         80014068        0     1                 .LBB0_325
        80014074         80014074        0     1                 .LBB0_327
        8001407a         8001407a        0     1                 .LBB0_328
        80014088         80014088        0     1                 .LBB0_330
        80014096         80014096        0     1                 .LBB0_331
        800140c4         800140c4        0     1                 .LBB0_334
        80014102         80014102        0     1                 .LBB0_335
        8001410a         8001410a        0     1                 .LBB0_336
        80014118         80014118        0     1                 .LBB0_338
        80014120         80014120        0     1                 .LBB0_339
        8001412e         8001412e        0     1                 .LBB0_341
        8001413c         8001413c        0     1                 .LBB0_342
        8001416a         8001416a        0     1                 .LBB0_345
        800141a2         800141a2        0     1                 .LBB0_346
        800141aa         800141aa        0     1                 .LBB0_347
        800141b6         800141b6        0     1                 .LBB0_349
        800141bc         800141bc        0     1                 .LBB0_350
        800141ca         800141ca        0     1                 .LBB0_352
        800141d8         800141d8        0     1                 .LBB0_353
        80014206         80014206        0     1                 .LBB0_356
        80014258         80014258        0     1                 .LBB0_357
        8001425e         8001425e        0     1                 .LBB0_358
        8001426a         8001426a        0     1                 .LBB0_360
        80014270         80014270        0     1                 .LBB0_361
        8001427c         8001427c        0     1                 .LBB0_363
        80014286         80014286        0     1                 .LBB0_364
        800142ac         800142ac        0     1                 .LBB0_367
        8001439e         8001439e        0     1                 .LBB0_368
        800143a6         800143a6        0     1                 .LBB0_369
        800143b2         800143b2        0     1                 .LBB0_371
        800143b8         800143b8        0     1                 .LBB0_372
        800143c6         800143c6        0     1                 .LBB0_374
        800143d4         800143d4        0     1                 .LBB0_375
        80014402         80014402        0     1                 .LBB0_378
        8001443e         8001443e        0     1                 .LBB0_379
        80014446         80014446        0     1                 .LBB0_380
        80014454         80014454        0     1                 .LBB0_382
        8001445c         8001445c        0     1                 .LBB0_383
        8001446a         8001446a        0     1                 .LBB0_385
        80014478         80014478        0     1                 .LBB0_386
        800144a6         800144a6        0     1                 .LBB0_389
        800147a8         800147a8        0     1                 .LBB0_392
        800147ae         800147ae        0     1                 .LBB0_393
        800147ba         800147ba        0     1                 .LBB0_395
        800147c0         800147c0        0     1                 .LBB0_396
        800147ca         800147ca        0     1                 .LBB0_398
        800147ce         800147ce        0     1                 .LBB0_399
        800147da         800147da        0     1                 .LBB0_401
        800147e2         800147e2        0     1                 .LBB0_402
        80014808         80014808        0     1                 .LBB0_405
        8001486a         8001486a        0     1                 .LBB0_406
        80014870         80014870        0     1                 .LBB0_407
        8001487c         8001487c        0     1                 .LBB0_409
        80014882         80014882        0     1                 .LBB0_410
        8001488c         8001488c        0     1                 .LBB0_412
        80014890         80014890        0     1                 .LBB0_413
        8001489c         8001489c        0     1                 .LBB0_415
        800148a4         800148a4        0     1                 .LBB0_416
        800148ca         800148ca        0     1                 .LBB0_419
        80014c38         80014c38        0     1                 .LBB0_420
        80014c3e         80014c3e        0     1                 .LBB0_421
        80014c4a         80014c4a        0     1                 .LBB0_423
        80014c50         80014c50        0     1                 .LBB0_424
        80014c5c         80014c5c        0     1                 .LBB0_426
        80014c64         80014c64        0     1                 .LBB0_427
        80014c86         80014c86        0     1                 .LBB0_430
        80014e84         80014e84        0     1                 .LBB0_431
        80014e8c         80014e8c        0     1                 .LBB0_432
        80014e9a         80014e9a        0     1                 .LBB0_434
        80014ea2         80014ea2        0     1                 .LBB0_435
        80014ed0         80014ed0        0     1                 .LBB0_438
        800153b6         800153b6        0     1                 .LBB0_439
        800153be         800153be        0     1                 .LBB0_440
        800153cc         800153cc        0     1                 .LBB0_442
        800153d4         800153d4        0     1                 .LBB0_443
        80015402         80015402        0     1                 .LBB0_446
        80015600         80015600        0     1                 .LBB0_447
        80015608         80015608        0     1                 .LBB0_448
        80015616         80015616        0     1                 .LBB0_450
        8001561e         8001561e        0     1                 .LBB0_451
        8001564c         8001564c        0     1                 .LBB0_454
        80015956         80015956        0     1                 .LBB0_455
        8001595c         8001595c        0     1                 .LBB0_456
        80015968         80015968        0     1                 .LBB0_458
        8001596e         8001596e        0     1                 .LBB0_459
        8001597a         8001597a        0     1                 .LBB0_461
        80015982         80015982        0     1                 .LBB0_462
        800159a4         800159a4        0     1                 .LBB0_465
        80015c10         80015c10        0     1                 .LBB0_466
        80015c16         80015c16        0     1                 .LBB0_467
        80015c22         80015c22        0     1                 .LBB0_469
        80015c28         80015c28        0     1                 .LBB0_470
        80015c34         80015c34        0     1                 .LBB0_472
        80015c3c         80015c3c        0     1                 .LBB0_473
        80015c5e         80015c5e        0     1                 .LBB0_476
        80015e36         80015e36        0     1                 .LBB0_477
        80015e3c         80015e3c        0     1                 .LBB0_478
        80015e48         80015e48        0     1                 .LBB0_480
        80015e50         80015e50        0     1                 .LBB0_481
        80015e5c         80015e5c        0     1                 .LBB0_483
        80015e64         80015e64        0     1                 .LBB0_484
        80015e86         80015e86        0     1                 .LBB0_487
        80015ebc         80015ebc        0     1                 .LBB0_488
        80015ec4         80015ec4        0     1                 .LBB0_489
        80015ed0         80015ed0        0     1                 .LBB0_491
        80015ed6         80015ed6        0     1                 .LBB0_492
        80015ee4         80015ee4        0     1                 .LBB0_494
        80015ef2         80015ef2        0     1                 .LBB0_495
        80015f20         80015f20        0     1                 .LBB0_498
        80015f60         80015f60        0     1                 .LBB0_499
        80015f66         80015f66        0     1                 .LBB0_500
        80015f72         80015f72        0     1                 .LBB0_502
        80015f78         80015f78        0     1                 .LBB0_503
        80015f84         80015f84        0     1                 .LBB0_505
        80015f8e         80015f8e        0     1                 .LBB0_506
        80015fb4         80015fb4        0     1                 .LBB0_509
        8001609a         8001609a        0     1                 .LBB0_510
        800160a2         800160a2        0     1                 .LBB0_511
        800160ae         800160ae        0     1                 .LBB0_513
        800160b4         800160b4        0     1                 .LBB0_514
        800160c2         800160c2        0     1                 .LBB0_516
        800160d0         800160d0        0     1                 .LBB0_517
        800160fe         800160fe        0     1                 .LBB0_520
        8001613c         8001613c        0     1                 .LBB0_521
        80016144         80016144        0     1                 .LBB0_522
        80016152         80016152        0     1                 .LBB0_524
        8001615a         8001615a        0     1                 .LBB0_525
        80016168         80016168        0     1                 .LBB0_527
        80016176         80016176        0     1                 .LBB0_528
        800161a4         800161a4        0     1                 .LBB0_531
        800161dc         800161dc        0     1                 .LBB0_532
        800161e4         800161e4        0     1                 .LBB0_533
        800161f0         800161f0        0     1                 .LBB0_535
        800161f6         800161f6        0     1                 .LBB0_536
        80016204         80016204        0     1                 .LBB0_538
        80016212         80016212        0     1                 .LBB0_539
        80016240         80016240        0     1                 .LBB0_542
        80016292         80016292        0     1                 .LBB0_543
        80016298         80016298        0     1                 .LBB0_544
        800162a4         800162a4        0     1                 .LBB0_546
        800162aa         800162aa        0     1                 .LBB0_547
        800162b6         800162b6        0     1                 .LBB0_549
        800162c0         800162c0        0     1                 .LBB0_550
        800162e6         800162e6        0     1                 .LBB0_553
        800163d8         800163d8        0     1                 .LBB0_554
        800163e0         800163e0        0     1                 .LBB0_555
        800163ec         800163ec        0     1                 .LBB0_557
        800163f2         800163f2        0     1                 .LBB0_558
        80016400         80016400        0     1                 .LBB0_560
        8001640e         8001640e        0     1                 .LBB0_561
        8001643c         8001643c        0     1                 .LBB0_564
        8001647a         8001647a        0     1                 .LBB0_565
        80016482         80016482        0     1                 .LBB0_566
        80016490         80016490        0     1                 .LBB0_568
        80016498         80016498        0     1                 .LBB0_569
        800164a6         800164a6        0     1                 .LBB0_571
        800164b4         800164b4        0     1                 .LBB0_572
        800164e2         800164e2        0     1                 .LBB0_575
        800167ea         800167ea        0     1                 .LBB0_578
        800167f0         800167f0        0     1                 .LBB0_579
        800167fc         800167fc        0     1                 .LBB0_581
        80016802         80016802        0     1                 .LBB0_582
        8001680c         8001680c        0     1                 .LBB0_584
        80016810         80016810        0     1                 .LBB0_585
        8001681c         8001681c        0     1                 .LBB0_587
        80016824         80016824        0     1                 .LBB0_588
        8001684a         8001684a        0     1                 .LBB0_591
        800168a8         800168a8        0     1                 .LBB0_592
        800168ae         800168ae        0     1                 .LBB0_593
        800168ba         800168ba        0     1                 .LBB0_595
        800168c0         800168c0        0     1                 .LBB0_596
        800168ca         800168ca        0     1                 .LBB0_598
        800168ce         800168ce        0     1                 .LBB0_599
        800168da         800168da        0     1                 .LBB0_601
        800168e2         800168e2        0     1                 .LBB0_602
        80016908         80016908        0     1                 .LBB0_605
        80016c6e         80016c6e        0     1                 .LBB0_606
        80016c74         80016c74        0     1                 .LBB0_607
        80016c80         80016c80        0     1                 .LBB0_609
        80016c86         80016c86        0     1                 .LBB0_610
        80016c92         80016c92        0     1                 .LBB0_612
        80016c9a         80016c9a        0     1                 .LBB0_613
        80016cbc         80016cbc        0     1                 .LBB0_616
        80016e8a         80016e8a        0     1                 .LBB0_617
        80016e92         80016e92        0     1                 .LBB0_618
        80016ea0         80016ea0        0     1                 .LBB0_620
        80016ea8         80016ea8        0     1                 .LBB0_621
        80016ed6         80016ed6        0     1                 .LBB0_624
        8001735c         8001735c        0     1                 .LBB0_625
        80017364         80017364        0     1                 .LBB0_626
        80017372         80017372        0     1                 .LBB0_628
        8001737a         8001737a        0     1                 .LBB0_629
        800173a8         800173a8        0     1                 .LBB0_632
        80017576         80017576        0     1                 .LBB0_633
        8001757e         8001757e        0     1                 .LBB0_634
        8001758c         8001758c        0     1                 .LBB0_636
        80017594         80017594        0     1                 .LBB0_637
        800175c2         800175c2        0     1                 .LBB0_640
        800178b4         800178b4        0     1                 .LBB0_641
        800178ba         800178ba        0     1                 .LBB0_642
        800178c6         800178c6        0     1                 .LBB0_644
        800178cc         800178cc        0     1                 .LBB0_645
        800178d8         800178d8        0     1                 .LBB0_647
        800178e0         800178e0        0     1                 .LBB0_648
        80017902         80017902        0     1                 .LBB0_651
        80017b6a         80017b6a        0     1                 .LBB0_652
        80017b70         80017b70        0     1                 .LBB0_653
        80017b7c         80017b7c        0     1                 .LBB0_655
        80017b82         80017b82        0     1                 .LBB0_656
        80017b8e         80017b8e        0     1                 .LBB0_658
        80017b96         80017b96        0     1                 .LBB0_659
        80017bb8         80017bb8        0     1                 .LBB0_662
        80017d96         80017d96        0     1                 .LBB0_663
        80017d9c         80017d9c        0     1                 .LBB0_664
        80017da8         80017da8        0     1                 .LBB0_666
        80017db0         80017db0        0     1                 .LBB0_667
        80017dbc         80017dbc        0     1                 .LBB0_669
        80017dc4         80017dc4        0     1                 .LBB0_670
        80017de6         80017de6        0     1                 .LBB0_673
        80017e1e         80017e1e        0     1                 .LBB0_674
        80017e26         80017e26        0     1                 .LBB0_675
        80017e32         80017e32        0     1                 .LBB0_677
        80017e38         80017e38        0     1                 .LBB0_678
        80017e46         80017e46        0     1                 .LBB0_680
        80017e54         80017e54        0     1                 .LBB0_681
        80017e82         80017e82        0     1                 .LBB0_684
        80017ec4         80017ec4        0     1                 .LBB0_685
        80017eca         80017eca        0     1                 .LBB0_686
        80017ed6         80017ed6        0     1                 .LBB0_688
        80017edc         80017edc        0     1                 .LBB0_689
        80017ee8         80017ee8        0     1                 .LBB0_691
        80017ef2         80017ef2        0     1                 .LBB0_692
        80017f18         80017f18        0     1                 .LBB0_695
        8001800a         8001800a        0     1                 .LBB0_696
        80018012         80018012        0     1                 .LBB0_697
        8001801e         8001801e        0     1                 .LBB0_699
        80018024         80018024        0     1                 .LBB0_700
        80018032         80018032        0     1                 .LBB0_702
        80018040         80018040        0     1                 .LBB0_703
        8001806e         8001806e        0     1                 .LBB0_706
        800180ac         800180ac        0     1                 .LBB0_707
        800180b4         800180b4        0     1                 .LBB0_708
        800180c2         800180c2        0     1                 .LBB0_710
        800180ca         800180ca        0     1                 .LBB0_711
        800180d8         800180d8        0     1                 .LBB0_713
        800180e6         800180e6        0     1                 .LBB0_714
        80018114         80018114        0     1                 .LBB0_717
        8001814c         8001814c        0     1                 .LBB0_718
        80018154         80018154        0     1                 .LBB0_719
        80018160         80018160        0     1                 .LBB0_721
        80018166         80018166        0     1                 .LBB0_722
        80018174         80018174        0     1                 .LBB0_724
        80018182         80018182        0     1                 .LBB0_725
        800181b0         800181b0        0     1                 .LBB0_728
        800181fe         800181fe        0     1                 .LBB0_729
        80018204         80018204        0     1                 .LBB0_730
        80018210         80018210        0     1                 .LBB0_732
        80018216         80018216        0     1                 .LBB0_733
        80018222         80018222        0     1                 .LBB0_735
        8001822c         8001822c        0     1                 .LBB0_736
        80018252         80018252        0     1                 .LBB0_739
        80018344         80018344        0     1                 .LBB0_740
        8001834c         8001834c        0     1                 .LBB0_741
        80018358         80018358        0     1                 .LBB0_743
        8001835e         8001835e        0     1                 .LBB0_744
        8001836c         8001836c        0     1                 .LBB0_746
        8001837a         8001837a        0     1                 .LBB0_747
        800183a8         800183a8        0     1                 .LBB0_750
        800183e6         800183e6        0     1                 .LBB0_751
        800183ee         800183ee        0     1                 .LBB0_752
        800183fc         800183fc        0     1                 .LBB0_754
        80018404         80018404        0     1                 .LBB0_755
        80018412         80018412        0     1                 .LBB0_757
        80018420         80018420        0     1                 .LBB0_758
        8001844e         8001844e        0     1                 .LBB0_761
        80018738         80018738        0     1                 .LBB0_764
        8001873e         8001873e        0     1                 .LBB0_765
        8001874a         8001874a        0     1                 .LBB0_767
        80018750         80018750        0     1                 .LBB0_768
        8001875a         8001875a        0     1                 .LBB0_770
        8001875e         8001875e        0     1                 .LBB0_771
        8001876a         8001876a        0     1                 .LBB0_773
        80018772         80018772        0     1                 .LBB0_774
        80018798         80018798        0     1                 .LBB0_777
        800187f4         800187f4        0     1                 .LBB0_778
        800187fa         800187fa        0     1                 .LBB0_779
        80018806         80018806        0     1                 .LBB0_781
        8001880c         8001880c        0     1                 .LBB0_782
        80018816         80018816        0     1                 .LBB0_784
        8001881a         8001881a        0     1                 .LBB0_785
        80018826         80018826        0     1                 .LBB0_787
        8001882e         8001882e        0     1                 .LBB0_788
        80018854         80018854        0     1                 .LBB0_791
        80018bca         80018bca        0     1                 .LBB0_792
        80018bd0         80018bd0        0     1                 .LBB0_793
        80018bdc         80018bdc        0     1                 .LBB0_795
        80018be2         80018be2        0     1                 .LBB0_796
        80018bee         80018bee        0     1                 .LBB0_798
        80018bf6         80018bf6        0     1                 .LBB0_799
        80018c18         80018c18        0     1                 .LBB0_802
        80018de4         80018de4        0     1                 .LBB0_803
        80018dec         80018dec        0     1                 .LBB0_804
        80018dfa         80018dfa        0     1                 .LBB0_806
        80018e02         80018e02        0     1                 .LBB0_807
        80018e30         80018e30        0     1                 .LBB0_810
        800192b4         800192b4        0     1                 .LBB0_811
        800192bc         800192bc        0     1                 .LBB0_812
        800192ca         800192ca        0     1                 .LBB0_814
        800192d2         800192d2        0     1                 .LBB0_815
        80019300         80019300        0     1                 .LBB0_818
        800194c2         800194c2        0     1                 .LBB0_819
        800194ca         800194ca        0     1                 .LBB0_820
        800194d8         800194d8        0     1                 .LBB0_822
        800194e0         800194e0        0     1                 .LBB0_823
        8001950e         8001950e        0     1                 .LBB0_826
        8001b9de         8001b9de        0     1                 .LBB0_828
        8001b9fa         8001b9fa        0     1                 .LBB0_830
        8001ba02         8001ba02        0     1                 .LBB0_831
        8001ba0a         8001ba0a        0     1                 .LBB0_832
        8001ba12         8001ba12        0     1                 .LBB0_833
        8001ba1a         8001ba1a        0     1                 .LBB0_834
        8001ba22         8001ba22        0     1                 .LBB0_835
        8001ba2a         8001ba2a        0     1                 .LBB0_836
        8001ba32         8001ba32        0     1                 .LBB0_837
        8001ba3a         8001ba3a        0     1                 .LBB0_838
        8001ba42         8001ba42        0     1                 .LBB0_839
        8001ba4a         8001ba4a        0     1                 .LBB0_840
        8001ba52         8001ba52        0     1                 .LBB0_841
        8001ba5a         8001ba5a        0     1                 .LBB0_842
        8001ba62         8001ba62        0     1                 .LBB0_843
        8001ba6a         8001ba6a        0     1                 .LBB0_844
        8001ba72         8001ba72        0     1                 .LBB0_845
        8001ba7a         8001ba7a        0     1                 .LBB0_846
        8001ba82         8001ba82        0     1                 .LBB0_847
        8001ba8a         8001ba8a        0     1                 .LBB0_848
        8001ba92         8001ba92        0     1                 .LBB0_849
        8001ba9a         8001ba9a        0     1                 .LBB0_850
        8001baa2         8001baa2        0     1                 .LBB0_851
        8001baaa         8001baaa        0     1                 .LBB0_852
        8001bab2         8001bab2        0     1                 .LBB0_853
        8001baba         8001baba        0     1                 .LBB0_854
        8001bac2         8001bac2        0     1                 .LBB0_855
        8001baca         8001baca        0     1                 .LBB0_856
        8001bad2         8001bad2        0     1                 .LBB0_857
        8001bada         8001bada        0     1                 .LBB0_858
        8001bae2         8001bae2        0     1                 .LBB0_859
        8001baea         8001baea        0     1                 .LBB0_860
        8001baf2         8001baf2        0     1                 .LBB0_861
        8001bafa         8001bafa        0     1                 .LBB0_862
        8001bb02         8001bb02        0     1                 .LBB0_863
        8001bb0a         8001bb0a        0     1                 .LBB0_864
        8001bb12         8001bb12        0     1                 .LBB0_865
        8001bb1a         8001bb1a        0     1                 .LBB0_866
        8001bb22         8001bb22        0     1                 .LBB0_867
        8001bb2a         8001bb2a        0     1                 .LBB0_868
        8001bb32         8001bb32        0     1                 .LBB0_869
        8001bb3a         8001bb3a        0     1                 .LBB0_870
        8001bb42         8001bb42        0     1                 .LBB0_871
        8001bb4a         8001bb4a        0     1                 .LBB0_872
        8001bb52         8001bb52        0     1                 .LBB0_873
        8001bb5a         8001bb5a        0     1                 .LBB0_874
        8001bb62         8001bb62        0     1                 .LBB0_875
        8001bb6a         8001bb6a        0     1                 .LBB0_876
        8001bb72         8001bb72        0     1                 .LBB0_877
        8001bb7a         8001bb7a        0     1                 .LBB0_878
        8001bb82         8001bb82        0     1                 .LBB0_879
        8001bb8a         8001bb8a        0     1                 .LBB0_880
        8001bb92         8001bb92        0     1                 .LBB0_881
        8001bb9a         8001bb9a        0     1                 .LBB0_882
        8001bba2         8001bba2        0     1                 .LBB0_883
        8001bbaa         8001bbaa        0     1                 .LBB0_884
        8001bbb2         8001bbb2        0     1                 .LBB0_885
        8001bbba         8001bbba        0     1                 .LBB0_886
        8001bbc2         8001bbc2        0     1                 .LBB0_887
        8001bbca         8001bbca        0     1                 .LBB0_888
        8001bbd2         8001bbd2        0     1                 .LBB0_889
        8001bbda         8001bbda        0     1                 .LBB0_890
        8001bbe2         8001bbe2        0     1                 .LBB0_891
        8001bbea         8001bbea        0     1                 .LBB0_892
        8001bbf2         8001bbf2        0     1                 .LBB0_893
        8001bbfa         8001bbfa        0     1                 .LBB0_894
        8001bc02         8001bc02        0     1                 .LBB0_895
        8001bc0a         8001bc0a        0     1                 .LBB0_896
        8001bc12         8001bc12        0     1                 .LBB0_897
        8001bc1a         8001bc1a        0     1                 .LBB0_898
        8001bc22         8001bc22        0     1                 .LBB0_899
        8001bc2a         8001bc2a        0     1                 .LBB0_900
        8001bc32         8001bc32        0     1                 .LBB0_901
        8001bc3a         8001bc3a        0     1                 .LBB0_902
        8001bc42         8001bc42        0     1                 .LBB0_903
        8001bc4a         8001bc4a        0     1                 .LBB0_904
        8001bc50         8001bc50        0     1                 .LBB0_905
        8001bc5c         8001bc5c        0     1                 .LBB0_906
        8001bc74         8001bc74        0     1                 .LBB0_908
        8001bc7c         8001bc7c        0     1                 .LBB0_909
        8001bc84         8001bc84        0     1                 .LBB0_910
        8001bc8c         8001bc8c        0     1                 .LBB0_911
        8001bc94         8001bc94        0     1                 .LBB0_912
        8001bc9c         8001bc9c        0     1                 .LBB0_913
        8001bca4         8001bca4        0     1                 .LBB0_914
        8001bcac         8001bcac        0     1                 .LBB0_915
        8001bcb4         8001bcb4        0     1                 .LBB0_916
        8001bcbc         8001bcbc        0     1                 .LBB0_917
        8001bcc4         8001bcc4        0     1                 .LBB0_918
        8001bccc         8001bccc        0     1                 .LBB0_919
        8001bcd4         8001bcd4        0     1                 .LBB0_920
        8001bcdc         8001bcdc        0     1                 .LBB0_921
        8001bce4         8001bce4        0     1                 .LBB0_922
        8001bcec         8001bcec        0     1                 .LBB0_923
        8001bcf4         8001bcf4        0     1                 .LBB0_924
        8001bcfc         8001bcfc        0     1                 .LBB0_925
        8001bd04         8001bd04        0     1                 .LBB0_926
        8001bd0c         8001bd0c        0     1                 .LBB0_927
        8001bd14         8001bd14        0     1                 .LBB0_928
        8001bd1c         8001bd1c        0     1                 .LBB0_929
        8001bd24         8001bd24        0     1                 .LBB0_930
        8001bd2c         8001bd2c        0     1                 .LBB0_931
        8001bd34         8001bd34        0     1                 .LBB0_932
        8001bd3c         8001bd3c        0     1                 .LBB0_933
        8001bd44         8001bd44        0     1                 .LBB0_934
        8001bd4c         8001bd4c        0     1                 .LBB0_935
        8001bd54         8001bd54        0     1                 .LBB0_936
        8001bd5c         8001bd5c        0     1                 .LBB0_937
        8001bd64         8001bd64        0     1                 .LBB0_938
        8001bd6c         8001bd6c        0     1                 .LBB0_939
        8001bd74         8001bd74        0     1                 .LBB0_940
        8001bd7c         8001bd7c        0     1                 .LBB0_941
        8001bd84         8001bd84        0     1                 .LBB0_942
        8001bd8c         8001bd8c        0     1                 .LBB0_943
        8001bd94         8001bd94        0     1                 .LBB0_944
        8001bd9a         8001bd9a        0     1                 .LBB0_945
        8001bda6         8001bda6        0     1                 .LBB0_946
        8001bfe0         8001bfe0        0     1                 .L0 
        8001c01e         8001c01e        0     1                 .LBB0_947
        8001c032         8001c032        0     1                 .LBB0_948
        8001c046         8001c046        0     1                 .LBB0_949
        8001c05a         8001c05a        0     1                 .LBB0_950
        8001c06e         8001c06e        0     1                 .LBB0_951
        8001c082         8001c082        0     1                 .LBB0_952
        8001c096         8001c096        0     1                 .LBB0_953
        8001c0aa         8001c0aa        0     1                 .LBB0_954
        8001c0be         8001c0be        0     1                 .LBB0_955
        8001c0d2         8001c0d2        0     1                 .LBB0_956
        8001c0e6         8001c0e6        0     1                 .LBB0_957
        8001c0fa         8001c0fa        0     1                 .LBB0_958
        8001c10e         8001c10e        0     1                 .LBB0_959
        8001c122         8001c122        0     1                 .LBB0_960
        8001c136         8001c136        0     1                 .LBB0_961
        8001c14a         8001c14a        0     1                 .LBB0_962
        8001c15e         8001c15e        0     1                 .LBB0_963
        8001c172         8001c172        0     1                 .LBB0_964
        8001c186         8001c186        0     1                 .LBB0_965
        8001c19a         8001c19a        0     1                 .LBB0_966
        8001c1ae         8001c1ae        0     1                 .LBB0_967
        8001c1c2         8001c1c2        0     1                 .LBB0_968
        8001c1d6         8001c1d6        0     1                 .LBB0_969
        8001c1ea         8001c1ea        0     1                 .LBB0_970
        8001c1fe         8001c1fe        0     1                 .LBB0_971
        8001c212         8001c212        0     1                 .LBB0_972
        8001c226         8001c226        0     1                 .LBB0_973
        8001c23a         8001c23a        0     1                 .LBB0_974
        8001c24e         8001c24e        0     1                 .LBB0_975
        8001c262         8001c262        0     1                 .LBB0_976
        8001c276         8001c276        0     1                 .LBB0_977
        8001c28a         8001c28a        0     1                 .LBB0_978
        8001c29e         8001c29e        0     1                 .LBB0_979
        8001c2b2         8001c2b2        0     1                 .LBB0_980
        8001c2c6         8001c2c6        0     1                 .LBB0_981
        8001c2da         8001c2da        0     1                 .LBB0_982
        8001c2ee         8001c2ee        0     1                 .LBB0_983
        8001c302         8001c302        0     1                 .LBB0_984
        8001c316         8001c316        0     1                 .LBB0_985
        8001c32a         8001c32a        0     1                 .LBB0_986
        8001c33e         8001c33e        0     1                 .LBB0_987
        8001c352         8001c352        0     1                 .LBB0_988
        8001c366         8001c366        0     1                 .LBB0_989
        8001c37a         8001c37a        0     1                 .LBB0_990
        8001c38e         8001c38e        0     1                 .LBB0_991
        8001c3a2         8001c3a2        0     1                 .LBB0_992
        8001c3b6         8001c3b6        0     1                 .LBB0_993
        8001c3ca         8001c3ca        0     1                 .LBB0_994
        8001c3de         8001c3de        0     1                 .LBB0_995
        8001c3ec         8001c3ec        0     1                 .LBB0_996
        8001c400         8001c400        0     1                 .LBB0_997
        8001c414         8001c414        0     1                 .LBB0_998
        8001c428         8001c428        0     1                 .LBB0_999
        8001c43c         8001c43c        0     1                 .LBB0_1000
        8001c450         8001c450        0     1                 .LBB0_1001
        8001c464         8001c464        0     1                 .LBB0_1002
        8001c478         8001c478        0     1                 .LBB0_1003
        8001c48c         8001c48c        0     1                 .LBB0_1004
        8001c4a0         8001c4a0        0     1                 .LBB0_1005
        8001c4b4         8001c4b4        0     1                 .LBB0_1006
        8001c4c8         8001c4c8        0     1                 .LBB0_1007
        8001c4dc         8001c4dc        0     1                 .LBB0_1008
        8001c4f0         8001c4f0        0     1                 .LBB0_1009
        8001c504         8001c504        0     1                 .LBB0_1010
        8001c518         8001c518        0     1                 .LBB0_1011
        8001c52c         8001c52c        0     1                 .LBB0_1012
        8001c540         8001c540        0     1                 .LBB0_1013
        8001c554         8001c554        0     1                 .LBB0_1014
        8001c568         8001c568        0     1                 .LBB0_1015
        8001c57c         8001c57c        0     1                 .LBB0_1016
        8001c590         8001c590        0     1                 .LBB0_1017
        8001c5a4         8001c5a4        0     1                 .LBB0_1018
        8001c5b8         8001c5b8        0     1                 .LBB0_1019
        8001c5cc         8001c5cc        0     1                 .LBB0_1020
        8001c5e0         8001c5e0        0     1                 .LBB0_1021
        8001c5f4         8001c5f4        0     1                 .LBB0_1022
        8001c606         8001c606        0     1                 .LBB0_1023
        8001c61a         8001c61a        0     1                 .LBB0_1024
        8001c62e         8001c62e        0     1                 .LBB0_1025
        8001c642         8001c642        0     1                 .LBB0_1026
        8001c656         8001c656        0     1                 .LBB0_1027
        8001c66a         8001c66a        0     1                 .LBB0_1028
        8001c67e         8001c67e        0     1                 .LBB0_1029
        8001c692         8001c692        0     1                 .LBB0_1030
        8001c6a6         8001c6a6        0     1                 .LBB0_1031
        8001c6ba         8001c6ba        0     1                 .LBB0_1032
        8001c6ce         8001c6ce        0     1                 .LBB0_1033
        8001c6e2         8001c6e2        0     1                 .LBB0_1034
        8001c6f6         8001c6f6        0     1                 .LBB0_1035
        8001c70a         8001c70a        0     1                 .LBB0_1036
        8001c71e         8001c71e        0     1                 .LBB0_1037
        8001c732         8001c732        0     1                 .LBB0_1038
        8001c746         8001c746        0     1                 .LBB0_1039
        8001c75a         8001c75a        0     1                 .LBB0_1040
        8001c76e         8001c76e        0     1                 .LBB0_1041
        8001c782         8001c782        0     1                 .LBB0_1042
        8001c796         8001c796        0     1                 .LBB0_1043
        8001c7aa         8001c7aa        0     1                 .LBB0_1044
        8001c7be         8001c7be        0     1                 .LBB0_1045
        8001c7d2         8001c7d2        0     1                 .LBB0_1046
        8001c7e6         8001c7e6        0     1                 .LBB0_1047
        8001c7fa         8001c7fa        0     1                 .LBB0_1048
        8001c808         8001c808        0     1                 .LBB0_1049
        8001c81c         8001c81c        0     1                 .LBB0_1050
        8001c830         8001c830        0     1                 .LBB0_1051
        8001c844         8001c844        0     1                 .LBB0_1052
        8001c858         8001c858        0     1                 .LBB0_1053
        8001c86c         8001c86c        0     1                 .LBB0_1054
        8001c880         8001c880        0     1                 .LBB0_1055
        8001c894         8001c894        0     1                 .LBB0_1056
        8001c8a8         8001c8a8        0     1                 .LBB0_1057
        8001c8bc         8001c8bc        0     1                 .LBB0_1058
        8001c8d0         8001c8d0        0     1                 .LBB0_1059
        8001c8e4         8001c8e4        0     1                 .LBB0_1060
        8001c8fc         8001c8fc        0     1                 .L0 
        8001c8fc         8001c8fc        0     1                 .L0 
        8001c8fc         8001c8fc     79a4     1                 _mlir_ciface_forward_prefill
        8001c91a         8001c91a        0     1                 .L0 
        80024282         80024282        0     1                 .L0 
        800242a0         800242a0       a6     1                 .Lqwen_graph_w8a8_embedding_embedding_w8a8_16x1024
        800242a0         800242a0        0     1                 .L0 
        800242a0         800242a0        0     1                 .L0 
        800242bc         800242bc        0     1                 .L0 
        80024342         80024342        0     1                 .L0 
        80024346         80024346       6e     1                 .Lqwen_graph_rmsnorm_16x1024__forward_prefill_mul_3
        80024346         80024346        0     1                 .L0 
        80024346         80024346        0     1                 .L0 
        8002434c         8002434c        0     1                 .L0 
        800243b0         800243b0        0     1                 .L0 
        800243b4         800243b4       60     1                 .Lqwen_graph_w8a8_mm_quantize_16x1024
        800243b4         800243b4        0     1                 .L0 
        800243b4         800243b4        0     1                 .L0 
        800243c0         800243c0        0     1                 .L0 
        80024410         80024410        0     1                 .L0 
        80024414         80024414       70     1                 .Lqwen_graph_w8a8_mm_matmul_16x2048x1024
        80024414         80024414        0     1                 .L0 
        80024414         80024414        0     1                 .L0 
        80024424         80024424        0     1                 .L0 
        80024480         80024480        0     1                 .L0 
        80024484         80024484       8a     1                 .Lqwen_graph_w8a8_mm_dequantize_16x2048
        80024484         80024484        0     1                 .L0 
        80024484         80024484        0     1                 .L0 
        8002449a         8002449a        0     1                 .L0 
        8002450a         8002450a        0     1                 .L0 
        8002450e         8002450e       86     1                 .Lqwen_graph_rmsnorm_256x128__forward_prefill_mul_5
        8002450e         8002450e        0     1                 .L0 
        8002450e         8002450e        0     1                 .L0 
        80024516         80024516        0     1                 .L0 
        80024590         80024590        0     1                 .L0 
        80024594         80024594       60     1                 .Lqwen_graph_w8a8_mm_1_quantize_16x1024
        80024594         80024594        0     1                 .L0 
        80024594         80024594        0     1                 .L0 
        800245a0         800245a0        0     1                 .L0 
        800245f0         800245f0        0     1                 .L0 
        800245f4         800245f4       70     1                 .Lqwen_graph_w8a8_mm_1_matmul_16x1024x1024
        800245f4         800245f4        0     1                 .L0 
        800245f4         800245f4        0     1                 .L0 
        80024604         80024604        0     1                 .L0 
        80024660         80024660        0     1                 .L0 
        80024664         80024664       8a     1                 .Lqwen_graph_w8a8_mm_1_dequantize_16x1024
        80024664         80024664        0     1                 .L0 
        80024664         80024664        0     1                 .L0 
        8002467a         8002467a        0     1                 .L0 
        800246ea         800246ea        0     1                 .L0 
        800246ee         800246ee       86     1                 .Lqwen_graph_rmsnorm_128x128__forward_prefill_mul_7
        800246ee         800246ee        0     1                 .L0 
        800246ee         800246ee        0     1                 .L0 
        800246f6         800246f6        0     1                 .L0 
        80024770         80024770        0     1                 .L0 
        80024774         80024774       60     1                 .Lqwen_graph_w8a8_mm_2_quantize_16x1024
        80024774         80024774        0     1                 .L0 
        80024774         80024774        0     1                 .L0 
        80024780         80024780        0     1                 .L0 
        800247d0         800247d0        0     1                 .L0 
        800247d4         800247d4       70     1                 .Lqwen_graph_w8a8_mm_2_matmul_16x1024x1024
        800247d4         800247d4        0     1                 .L0 
        800247d4         800247d4        0     1                 .L0 
        800247e4         800247e4        0     1                 .L0 
        80024840         80024840        0     1                 .L0 
        80024844         80024844       8a     1                 .Lqwen_graph_w8a8_mm_2_dequantize_16x1024
        80024844         80024844        0     1                 .L0 
        80024844         80024844        0     1                 .L0 
        8002485a         8002485a        0     1                 .L0 
        800248ca         800248ca        0     1                 .L0 
        800248ce         800248ce       76     1                 .Lqwen_graph_kv_index_put_layout_context_8x16x128
        800248ce         800248ce        0     1                 .L0 
        800248ce         800248ce        0     1                 .L0 
        800248e0         800248e0        0     1                 .L0 
        80024940         80024940        0     1                 .L0 
        80024944         80024944       a0     1                 .Lqwen_graph_kv_index_put_kv_cache_update_position_16x8x128_cap512
        80024944         80024944        0     1                 .L0 
        80024944         80024944        0     1                 .L0 
        80024960         80024960        0     1                 .L0 
        800249e0         800249e0        0     1                 .L0 
        800249e4         800249e4       76     1                 .Lqwen_graph_kv_index_put_1_layout_context_8x16x128
        800249e4         800249e4        0     1                 .L0 
        800249e4         800249e4        0     1                 .L0 
        800249f6         800249f6        0     1                 .L0 
        80024a56         80024a56        0     1                 .L0 
        80024a5a         80024a5a       a0     1                 .Lqwen_graph_kv_index_put_1_kv_cache_update_position_16x8x128_cap512
        80024a5a         80024a5a        0     1                 .L0 
        80024a5a         80024a5a        0     1                 .L0 
        80024a76         80024a76        0     1                 .L0 
        80024af6         80024af6        0     1                 .L0 
        80024afa         80024afa       aa     1                 .Lqwen_graph_attn__scaled_dot_product_flash_attention_for_cpu_qk_attention_qk_position_native_16x16x512x128
        80024afa         80024afa        0     1                 .L0 
        80024afa         80024afa        0     1                 .L0 
        80024afe         80024afe        0     1                 .L0 
        80024ba0         80024ba0        0     1                 .L0 
        80024ba4         80024ba4       a0     1                 .Lqwen_graph_attn__scaled_dot_product_flash_attention_for_cpu_mask_attention_scale_mask_position_16x16x512
        80024ba4         80024ba4        0     1                 .L0 
        80024ba4         80024ba4        0     1                 .L0 
        80024bc0         80024bc0        0     1                 .L0 
        80024c40         80024c40        0     1                 .L0 
        80024c44         80024c44       86     1                 .Lqwen_graph_attn__scaled_dot_product_flash_attention_for_cpu_softmax_softmax_16x16x512
        80024c44         80024c44        0     1                 .L0 
        80024c44         80024c44        0     1                 .L0 
        80024c48         80024c48        0     1                 .L0 
        80024cc6         80024cc6        0     1                 .L0 
        80024cca         80024cca       aa     1                 .Lqwen_graph_attn__scaled_dot_product_flash_attention_for_cpu_pv_attention_pv_position_16x16x128x512
        80024cca         80024cca        0     1                 .L0 
        80024cca         80024cca        0     1                 .L0 
        80024cce         80024cce        0     1                 .L0 
        80024d70         80024d70        0     1                 .L0 
        80024d74         80024d74       60     1                 .Lqwen_graph_w8a8_mm_3_quantize_16x2048
        80024d74         80024d74        0     1                 .L0 
        80024d74         80024d74        0     1                 .L0 
        80024d80         80024d80        0     1                 .L0 
        80024dd0         80024dd0        0     1                 .L0 
        80024dd4         80024dd4       70     1                 .Lqwen_graph_w8a8_mm_3_matmul_16x1024x2048
        80024dd4         80024dd4        0     1                 .L0 
        80024dd4         80024dd4        0     1                 .L0 
        80024de4         80024de4        0     1                 .L0 
        80024e40         80024e40        0     1                 .L0 
        80024e44         80024e44       8a     1                 .Lqwen_graph_w8a8_mm_3_dequantize_16x1024
        80024e44         80024e44        0     1                 .L0 
        80024e44         80024e44        0     1                 .L0 
        80024e5a         80024e5a        0     1                 .L0 
        80024eca         80024eca        0     1                 .L0 
        80024ece         80024ece       6e     1                 .Lqwen_graph_rmsnorm_16x1024__forward_prefill_mul_13
        80024ece         80024ece        0     1                 .L0 
        80024ece         80024ece        0     1                 .L0 
        80024ed4         80024ed4        0     1                 .L0 
        80024f38         80024f38        0     1                 .L0 
        80024f3c         80024f3c       60     1                 .Lqwen_graph_w8a8_mm_4_quantize_16x1024
        80024f3c         80024f3c        0     1                 .L0 
        80024f3c         80024f3c        0     1                 .L0 
        80024f48         80024f48        0     1                 .L0 
        80024f98         80024f98        0     1                 .L0 
        80024f9c         80024f9c       70     1                 .Lqwen_graph_w8a8_mm_4_matmul_16x3072x1024
        80024f9c         80024f9c        0     1                 .L0 
        80024f9c         80024f9c        0     1                 .L0 
        80024fac         80024fac        0     1                 .L0 
        80025008         80025008        0     1                 .L0 
        8002500c         8002500c       8a     1                 .Lqwen_graph_w8a8_mm_4_dequantize_16x3072
        8002500c         8002500c        0     1                 .L0 
        8002500c         8002500c        0     1                 .L0 
        80025022         80025022        0     1                 .L0 
        80025092         80025092        0     1                 .L0 
        80025096         80025096       58     1                 .Lqwen_graph_silu_16x3072__forward_prefill_mul_14
        80025096         80025096        0     1                 .L0 
        80025096         80025096        0     1                 .L0 
        8002509c         8002509c        0     1                 .L0 
        800250ea         800250ea        0     1                 .L0 
        800250ee         800250ee       60     1                 .Lqwen_graph_w8a8_mm_5_quantize_16x1024
        800250ee         800250ee        0     1                 .L0 
        800250ee         800250ee        0     1                 .L0 
        800250fa         800250fa        0     1                 .L0 
        8002514a         8002514a        0     1                 .L0 
        8002514e         8002514e       70     1                 .Lqwen_graph_w8a8_mm_5_matmul_16x3072x1024
        8002514e         8002514e        0     1                 .L0 
        8002514e         8002514e        0     1                 .L0 
        8002515e         8002515e        0     1                 .L0 
        800251ba         800251ba        0     1                 .L0 
        800251be         800251be       8a     1                 .Lqwen_graph_w8a8_mm_5_dequantize_16x3072
        800251be         800251be        0     1                 .L0 
        800251be         800251be        0     1                 .L0 
        800251d4         800251d4        0     1                 .L0 
        80025244         80025244        0     1                 .L0 
        80025248         80025248       60     1                 .Lqwen_graph_w8a8_mm_6_quantize_16x3072
        80025248         80025248        0     1                 .L0 
        80025248         80025248        0     1                 .L0 
        80025254         80025254        0     1                 .L0 
        800252a4         800252a4        0     1                 .L0 
        800252a8         800252a8       70     1                 .Lqwen_graph_w8a8_mm_6_matmul_16x1024x3072
        800252a8         800252a8        0     1                 .L0 
        800252a8         800252a8        0     1                 .L0 
        800252b8         800252b8        0     1                 .L0 
        80025314         80025314        0     1                 .L0 
        80025318         80025318       8a     1                 .Lqwen_graph_w8a8_mm_6_dequantize_16x1024
        80025318         80025318        0     1                 .L0 
        80025318         80025318        0     1                 .L0 
        8002532e         8002532e        0     1                 .L0 
        8002539e         8002539e        0     1                 .L0 
        800253a2         800253a2       6e     1                 .Lqwen_graph_rmsnorm_16x1024__forward_prefill_mul_17
        800253a2         800253a2        0     1                 .L0 
        800253a2         800253a2        0     1                 .L0 
        800253a8         800253a8        0     1                 .L0 
        8002540c         8002540c        0     1                 .L0 
        80025410         80025410       60     1                 .Lqwen_graph_w8a8_mm_7_quantize_16x1024
        80025410         80025410        0     1                 .L0 
        80025410         80025410        0     1                 .L0 
        8002541c         8002541c        0     1                 .L0 
        8002546c         8002546c        0     1                 .L0 
        80025470         80025470       70     1                 .Lqwen_graph_w8a8_mm_7_matmul_16x2048x1024
        80025470         80025470        0     1                 .L0 
        80025470         80025470        0     1                 .L0 
        80025480         80025480        0     1                 .L0 
        800254dc         800254dc        0     1                 .L0 
        800254e0         800254e0       8a     1                 .Lqwen_graph_w8a8_mm_7_dequantize_16x2048
        800254e0         800254e0        0     1                 .L0 
        800254e0         800254e0        0     1                 .L0 
        800254f6         800254f6        0     1                 .L0 
        80025566         80025566        0     1                 .L0 
        8002556a         8002556a       86     1                 .Lqwen_graph_rmsnorm_256x128__forward_prefill_mul_19
        8002556a         8002556a        0     1                 .L0 
        8002556a         8002556a        0     1                 .L0 
        80025572         80025572        0     1                 .L0 
        800255ec         800255ec        0     1                 .L0 
        800255f0         800255f0       60     1                 .Lqwen_graph_w8a8_mm_8_quantize_16x1024
        800255f0         800255f0        0     1                 .L0 
        800255f0         800255f0        0     1                 .L0 
        800255fc         800255fc        0     1                 .L0 
        8002564c         8002564c        0     1                 .L0 
        80025650         80025650       70     1                 .Lqwen_graph_w8a8_mm_8_matmul_16x1024x1024
        80025650         80025650        0     1                 .L0 
        80025650         80025650        0     1                 .L0 
        80025660         80025660        0     1                 .L0 
        800256bc         800256bc        0     1                 .L0 
        800256c0         800256c0       8a     1                 .Lqwen_graph_w8a8_mm_8_dequantize_16x1024
        800256c0         800256c0        0     1                 .L0 
        800256c0         800256c0        0     1                 .L0 
        800256d6         800256d6        0     1                 .L0 
        80025746         80025746        0     1                 .L0 
        8002574a         8002574a       86     1                 .Lqwen_graph_rmsnorm_128x128__forward_prefill_mul_21
        8002574a         8002574a        0     1                 .L0 
        8002574a         8002574a        0     1                 .L0 
        80025752         80025752        0     1                 .L0 
        800257cc         800257cc        0     1                 .L0 
        800257d0         800257d0       60     1                 .Lqwen_graph_w8a8_mm_9_quantize_16x1024
        800257d0         800257d0        0     1                 .L0 
        800257d0         800257d0        0     1                 .L0 
        800257dc         800257dc        0     1                 .L0 
        8002582c         8002582c        0     1                 .L0 
        80025830         80025830       70     1                 .Lqwen_graph_w8a8_mm_9_matmul_16x1024x1024
        80025830         80025830        0     1                 .L0 
        80025830         80025830        0     1                 .L0 
        80025840         80025840        0     1                 .L0 
        8002589c         8002589c        0     1                 .L0 
        800258a0         800258a0       8a     1                 .Lqwen_graph_w8a8_mm_9_dequantize_16x1024
        800258a0         800258a0        0     1                 .L0 
        800258a0         800258a0        0     1                 .L0 
        800258b6         800258b6        0     1                 .L0 
        80025926         80025926        0     1                 .L0 
        8002592a         8002592a       76     1                 .Lqwen_graph_kv_index_put_2_layout_context_8x16x128
        8002592a         8002592a        0     1                 .L0 
        8002592a         8002592a        0     1                 .L0 
        8002593c         8002593c        0     1                 .L0 
        8002599c         8002599c        0     1                 .L0 
        800259a0         800259a0       a0     1                 .Lqwen_graph_kv_index_put_2_kv_cache_update_position_16x8x128_cap512
        800259a0         800259a0        0     1                 .L0 
        800259a0         800259a0        0     1                 .L0 
        800259bc         800259bc        0     1                 .L0 
        80025a3c         80025a3c        0     1                 .L0 
        80025a40         80025a40       76     1                 .Lqwen_graph_kv_index_put_3_layout_context_8x16x128
        80025a40         80025a40        0     1                 .L0 
        80025a40         80025a40        0     1                 .L0 
        80025a52         80025a52        0     1                 .L0 
        80025ab2         80025ab2        0     1                 .L0 
        80025ab6         80025ab6       a0     1                 .Lqwen_graph_kv_index_put_3_kv_cache_update_position_16x8x128_cap512
        80025ab6         80025ab6        0     1                 .L0 
        80025ab6         80025ab6        0     1                 .L0 
[...]
        80058152         80058152      224     2         examples/FPGA-BOSCAME/qwen3-0.6b/model/build/review-native-4l/model-lib/libqwen_triton.a(softmax_16x16x512.kernel.o):(.text)
        80058152         80058152        0     1                 .L0 
        80058152         80058152        0     1                 $xrv64i2p1_m2p0_a2p1_f2p2_d2p2_c2p0_v1p0_zicbom1p0_zicsr2p0_zifencei2p0_zmmul1p0_zaamo1p0_zalrsc1p0_zca1p0_zcd1p0_zve32f1p0_zve32x1p0_zve64d1p0_zve64f1p0_zve64x1p0_zvl128b1p0_zvl256b1p0_zvl32b1p0_zvl512b1p0_zvl64b1p0
        80058152         80058152      224     1                 triton_softmax_16x16x512
        80058172         80058172        0     1                 .L0 
        800581ce         800581ce        0     1                 .LBB0_2
        80058208         80058208        0     1                 .LBB0_4
        80058232         80058232        0     1                 .LBB0_6
        8005825e         8005825e        0     1                 .LBB0_8
        8005826a         8005826a        0     1                 .LBB0_9
        80058282         80058282        0     1                 .LBB0_10
        800582ae         800582ae        0     1                 .LBB0_12
        800582ce         800582ce        0     1                 .LBB0_14
        800582fa         800582fa        0     1                 .LBB0_16
        80058352         80058352        0     1                 .LBB0_18
        80058356         80058356        0     1                 .L0 
        80058376         80058376        0     1                 .L0 
        80058376         80058376       7c     2         examples/FPGA-BOSCAME/qwen3-0.6b/model/build/review-native-4l/model-lib/libqwen_triton.a(softmax_16x1x512.adapter.o):(.text._mlir_ciface_kernel_softmax_16x1x512)
        80058376         80058376        0     1                 $xrv64i2p1_m2p0_a2p1_f2p2_d2p2_c2p0_zicbom1p0_zicsr2p0_zifencei2p0_zmmul1p0_zaamo1p0_zalrsc1p0_zca1p0_zcd1p0
        800583be         800583be        0     1                 .L0 
        800583f2         800583f2      224     2         examples/FPGA-BOSCAME/qwen3-0.6b/model/build/review-native-4l/model-lib/libqwen_triton.a(softmax_16x1x512.kernel.o):(.text)
        800583f2         800583f2        0     1                 .L0 
        800583f2         800583f2        0     1                 $xrv64i2p1_m2p0_a2p1_f2p2_d2p2_c2p0_v1p0_zicbom1p0_zicsr2p0_zifencei2p0_zmmul1p0_zaamo1p0_zalrsc1p0_zca1p0_zcd1p0_zve32f1p0_zve32x1p0_zve64d1p0_zve64f1p0_zve64x1p0_zvl128b1p0_zvl256b1p0_zvl32b1p0_zvl512b1p0_zvl64b1p0
        800583f2         800583f2      224     1                 triton_softmax_16x1x512
        80058412         80058412        0     1                 .L0 
        8005846e         8005846e        0     1                 .LBB0_2
        800584a8         800584a8        0     1                 .LBB0_4
        800584d2         800584d2        0     1                 .LBB0_6
        800584fe         800584fe        0     1                 .LBB0_8
        8005850a         8005850a        0     1                 .LBB0_9
        80058522         80058522        0     1                 .LBB0_10
        8005854e         8005854e        0     1                 .LBB0_12
        8005856e         8005856e        0     1                 .LBB0_14
        8005859a         8005859a        0     1                 .LBB0_16
        800585f2         800585f2        0     1                 .LBB0_18
        800585f6         800585f6        0     1                 .L0 
        80058616         80058616        0     1                 .L0 
        80058640         80058640   60c148    64 .rodata
        80058640         80058640     26cd     1         <internal>:(.rodata)
        8005ad40         8005ad40   5f7600    64         examples/FPGA-BOSCAME/qwen3-0.6b/model/build/review-native-4l/image-fixed-text-progress/numeric-reference.o:(.rodata.qwen_reference)
        8005ad40         8005ad40        0     1                 $d
        8005ad40         8005ad40        0     1                 model_reference_raw
        80652340         80652340       18     8         <internal>:(.rodata)
        80652358         80652358       38     8         examples/FPGA-BOSCAME/qwen3-0.6b/model/build/review-native-4l/image-fixed-text-progress/tokenizer_encode.o:(.rodata)
        80652358         80652358       38     1                 match_contraction.forms
        80652358         80652358        0     1                 $d
        80652390         80652390        3     1         examples/FPGA-BOSCAME/qwen3-0.6b/model/build/review-native-4l/image-fixed-text-progress/tokenizer_resource.o:(.rodata)
        80652390         80652390        3     1                 replacement.bytes
        80652390         80652390        0     1                 $d
        80652394         80652394    12090     4         examples/FPGA-BOSCAME/qwen3-0.6b/model/build/review-native-4l/image-fixed-text-progress/unicode_tables.o:(.rodata)
        80652394         80652394        0     1                 $d
        80652394         80652394     1528     1                 qwen_letter_ranges
        806538bc         806538bc        4     1                 qwen_letter_count
        806538c0         806538c0      480     1                 qwen_number_ranges
        80653d40         80653d40        4     1                 qwen_number_count
        80653d44         80653d44       50     1                 qwen_space_ranges
        80653d94         80653d94        4     1                 qwen_space_count
        80653d98         80653d98     c120     1                 qwen_canonical
        8065feb8         8065feb8        4     1                 qwen_canonical_count
        8065febc         8065febc     1950     1                 qwen_combining
        8066180c         8066180c        4     1                 qwen_combining_count
        80661810         80661810     2c10     1                 qwen_composition
        80664420         80664420        4     1                 qwen_composition_count
        80664424         80664424        f     1         examples/FPGA-BOSCAME/qwen3-0.6b/model/build/review-native-4l/image-fixed-text-progress/model_main.o:(.rodata)
        80664424         80664424        f     1                 fixed_user_text
        80664424         80664424        0     1                 $d
        80664440         80664440      348    16         examples/FPGA-BOSCAME/qwen3-0.6b/model/build/review-native-4l/image-fixed-text-progress/nr_math.o:(.rodata)
        80664440         80664440      100     1                 exp2_tab
        80664440         80664440        0     1                 $d
        80664540         80664540      100     1                 log_tab
        80664640         80664640       20     1                 .promoted_doubles.expf
        80664660         80664660       20     1                 .promoted_doubles.logf
        80664680         80664680       40     1                 .promoted_doubles.powf
        806646c0         806646c0       20     1                 .promoted_doubles.tanhf
        806646e0         806646e0       20     1                 .promoted_doubles.erff
        80664700         80664700       20     1                 .promoted_doubles._mlir_ciface_erff
        80664720         80664720       68     1                 .promoted_doubles.sine_or_cosine
        806647c0         806647c0       41    64 .data
        806647c0         806647c0       41    64         examples/FPGA-BOSCAME/qwen3-0.6b/model/build/review-native-4l/image-fixed-text-progress/ame_sync.o:(.data)
        806647c0         806647c0       41     1                 .L_MergedGlobals
        806647c0         806647c0        0     1                 $d
        806647c0         806647c0        1     1                 ame_sync_a
        80664800         80664800        1     1                 ame_sync_b
        80664840         80664840        0     1 .sdata
        80664840         80664840        0     1         __global_pointer$ = . + 0x800
        80664840         80664840    11100    64 .nr_console
        80664840         80664840    11100    64         examples/FPGA-BOSCAME/qwen3-0.6b/model/build/review-native-4l/image-fixed-text-progress/nr_runtime.o:(.bss.nr_console)
        80664840         80664840     1080     1                 input
        80664840         80664840        0     1                 $d
        806658c0         806658c0    10080     1                 console
        80675940         80675940        0     1         . = ALIGN ( 64 )
        80675940         80675940   245780    64 .bss
        80675940         80675940        0     1         __bss_start = .
        80675940         80675940      2e0     8         examples/FPGA-BOSCAME/qwen3-0.6b/model/build/review-native-4l/image-fixed-text-progress/kernel-profile.o:(.bss)
        80675940         80675940      2e0     1                 .L_MergedGlobals
        80675940         80675940        0     1                 $d
        80675940         80675940      170     1                 counts
        80675ab0         80675ab0      170     1                 cycles
        80675c20         80675c20    14020     8         examples/FPGA-BOSCAME/qwen3-0.6b/model/build/review-native-4l/image-fixed-text-progress/model_main.o:(.bss)
        80675c20         80675c20     2000     1                 launch.prompt
        80675c20         80675c20        0     1                 $d
        80677c20         80677c20     2000     1                 launch.encoded_ids
        80679c20         80679c20    10010     1                 text_output
        80689c30         80689c30       10     1                 .L_MergedGlobals
        80689c30         80689c30        8     1                 selection_cycles
        80689c38         80689c38        8     1                 cache_retention_cycles
        80689c40         80689c40   231400     4         examples/FPGA-BOSCAME/qwen3-0.6b/model/build/review-native-4l/image-fixed-text-progress/adapters.o:(.bss)
        80689c40         80689c40    10000     1                 qwen_out_qwen_graph_rmsnorm_128x128__forward_prefill_mul_21
        80689c40         80689c40        0     1                 $d
        80699c40         80699c40      400     1                 qwen_rmsnorm_scratch
        8069a040         8069a040    10000     1                 qwen_out_qwen_graph_rmsnorm_128x128__forward_prefill_mul_35
        806aa040         806aa040    10000     1                 qwen_out_qwen_graph_rmsnorm_128x128__forward_prefill_mul_49
        806ba040         806ba040    10000     1                 qwen_out_qwen_graph_rmsnorm_128x128__forward_prefill_mul_7
        806ca040         806ca040    10000     1                 qwen_out_qwen_graph_rmsnorm_16x1024__forward_prefill_mul_13
        806da040         806da040    10000     1                 qwen_out_qwen_graph_rmsnorm_16x1024__forward_prefill_mul_17
        806ea040         806ea040    10000     1                 qwen_out_qwen_graph_rmsnorm_16x1024__forward_prefill_mul_27
        806fa040         806fa040    10000     1                 qwen_out_qwen_graph_rmsnorm_16x1024__forward_prefill_mul_3
        8070a040         8070a040    10000     1                 qwen_out_qwen_graph_rmsnorm_16x1024__forward_prefill_mul_31
        8071a040         8071a040    10000     1                 qwen_out_qwen_graph_rmsnorm_16x1024__forward_prefill_mul_41
        8072a040         8072a040    10000     1                 qwen_out_qwen_graph_rmsnorm_16x1024__forward_prefill_mul_45
        8073a040         8073a040    10000     1                 qwen_out_qwen_graph_rmsnorm_16x1024__forward_prefill_mul_55
        8074a040         8074a040    10000     1                 qwen_out_qwen_graph_rmsnorm_16x1024__forward_prefill_mul_59
        8075a040         8075a040     2000     1                 qwen_out_qwen_graph_rmsnorm_16x128__forward_decode_mul_19
        8075c040         8075c040     2000     1                 qwen_out_qwen_graph_rmsnorm_16x128__forward_decode_mul_33
        8075e040         8075e040     2000     1                 qwen_out_qwen_graph_rmsnorm_16x128__forward_decode_mul_47
        80760040         80760040     2000     1                 qwen_out_qwen_graph_rmsnorm_16x128__forward_decode_mul_5
        80762040         80762040     1000     1                 qwen_out_qwen_graph_rmsnorm_1x1024__forward_decode_mul_13
        80763040         80763040     1000     1                 qwen_out_qwen_graph_rmsnorm_1x1024__forward_decode_mul_17
        80764040         80764040     1000     1                 qwen_out_qwen_graph_rmsnorm_1x1024__forward_decode_mul_27
        80765040         80765040     1000     1                 qwen_out_qwen_graph_rmsnorm_1x1024__forward_decode_mul_3
        80766040         80766040     1000     1                 qwen_out_qwen_graph_rmsnorm_1x1024__forward_decode_mul_31
        80767040         80767040     1000     1                 qwen_out_qwen_graph_rmsnorm_1x1024__forward_decode_mul_41
        80768040         80768040     1000     1                 qwen_out_qwen_graph_rmsnorm_1x1024__forward_decode_mul_45
        80769040         80769040     1000     1                 qwen_out_qwen_graph_rmsnorm_1x1024__forward_decode_mul_55
        8076a040         8076a040     1000     1                 qwen_out_qwen_graph_rmsnorm_1x1024__forward_decode_mul_59
        8076b040         8076b040    20000     1                 qwen_out_qwen_graph_rmsnorm_256x128__forward_prefill_mul_19
        8078b040         8078b040    20000     1                 qwen_out_qwen_graph_rmsnorm_256x128__forward_prefill_mul_33
        807ab040         807ab040    20000     1                 qwen_out_qwen_graph_rmsnorm_256x128__forward_prefill_mul_47
        807cb040         807cb040    20000     1                 qwen_out_qwen_graph_rmsnorm_256x128__forward_prefill_mul_5
        807eb040         807eb040     1000     1                 qwen_out_qwen_graph_rmsnorm_8x128__forward_decode_mul_21
        807ec040         807ec040     1000     1                 qwen_out_qwen_graph_rmsnorm_8x128__forward_decode_mul_35
        807ed040         807ed040     1000     1                 qwen_out_qwen_graph_rmsnorm_8x128__forward_decode_mul_49
        807ee040         807ee040     1000     1                 qwen_out_qwen_graph_rmsnorm_8x128__forward_decode_mul_7
        807ef040         807ef040    30000     1                 qwen_out_qwen_graph_silu_16x3072__forward_prefill_mul_14
        8081f040         8081f040    30000     1                 qwen_out_qwen_graph_silu_16x3072__forward_prefill_mul_28
        8084f040         8084f040    30000     1                 qwen_out_qwen_graph_silu_16x3072__forward_prefill_mul_42
        8087f040         8087f040    30000     1                 qwen_out_qwen_graph_silu_16x3072__forward_prefill_mul_56
        808af040         808af040     3000     1                 qwen_out_qwen_graph_silu_1x3072__forward_decode_mul_14
        808b2040         808b2040     3000     1                 qwen_out_qwen_graph_silu_1x3072__forward_decode_mul_28
        808b5040         808b5040     3000     1                 qwen_out_qwen_graph_silu_1x3072__forward_decode_mul_42
        808b8040         808b8040     3000     1                 qwen_out_qwen_graph_silu_1x3072__forward_decode_mul_56
        808bb040         808bb040        8     8         examples/FPGA-BOSCAME/qwen3-0.6b/model/build/review-native-4l/image-fixed-text-progress/nr_runtime.o:(.bss)
        808bb040         808bb040        8     1                 heap_cursor
        808bb040         808bb040        0     1                 $d
        808bb080         808bb080        4    64         examples/FPGA-BOSCAME/qwen3-0.6b/model/build/review-native-4l/image-fixed-text-progress/ame_sync.o:(.bss)
        808bb080         808bb080        4     1                 ame_sync_cell
        808bb080         808bb080        0     1                 $d
        808bb084         808bb084       3c     1         . = ALIGN ( 64 )
        808bb0c0         808bb0c0        0     1         __bss_end = .
        808bb0c0         808bb0c0        0     1 .tbss
        808bb0c0         808bb0c0        0     1         __tbss_start = .
        808bb0c0         808bb0c0        0     1         . = ALIGN ( 64 )
        808bb0c0         808bb0c0        0     1         __tbss_end = .
        808bb0c0         808bb0c0   200000     1 .stacks
        808bb0c0         808bb0c0        0     1         __stack_base = .
        808bb0c0         808bb0c0   100000     1         . += STACK_SIZE
        809bb0c0         809bb0c0        0     1         __stack_top = .
        809bb0c0         809bb0c0        0     1         __ra_stack_base = .
        809bb0c0         809bb0c0   100000     1         . += STACK_SIZE
        80abb0c0         80abb0c0        0     1         __ra_stack_top = .
        80abb0c0         80abb0c0        0     1 __heap_start = .
        80abb0c0         80abb0c0        0     1 __heap_end = ORIGIN ( LOW ) + LENGTH ( LOW )
        80abb0c0         80abb0c0        0     1 _end = .
        b8000000         b8000000  f709b00    64 .workspace
        b8000000         b8000000        0     1         __workspace_start = .
        b8000000         b8000000  f709b00    64         examples/FPGA-BOSCAME/qwen3-0.6b/model/build/review-native-4l/image-fixed-text-progress/model_main.o:(.workspace)
        b8000000         b8000000        0     1                 weight_arena_raw
        b8000000         b8000000        0     1                 $d
        c512e700         c512e700        0     1                 weight_arena_end
        c512e700         c512e700        0     1                 k_cache_raw
        c592e700         c592e700        0     1                 k_cache_end
        c592e700         c592e700        0     1                 v_cache_raw
        c612e700         c612e700        0     1                 v_cache_end
        c612e700         c612e700        0     1                 input_ids_raw
        c612e780         c612e780        0     1                 input_ids_end
        c612e780         c612e780        0     1                 cache_position_raw
        c612e7c0         c612e7c0        0     1                 cache_position_end
        c612e7c0         c612e7c0        0     1                 tokenizer_blob_raw
        c6629a00         c6629a00        0     1                 tokenizer_blob_end
        c6629a00         c6629a00        0     1                 ws_prefill_raw
        c7505180         c7505180        0     1                 ws_prefill_end
        c7505180         c7505180        0     1                 ws_decode_raw
        c7709b00         c7709b00        0     1                 ws_decode_end
        c7709b00         c7709b00        0     1         . = ALIGN ( 64 )
        c7709b00         c7709b00        0     1         __workspace_end = .
        c7709b00         c7709b00        0     1 
        c7709b00         c7709b00        0     1 
        c7709b00         c7709b00        0     1 
               0                0       7e     1 .riscv.attributes
               0                0       7e     1         examples/FPGA-BOSCAME/qwen3-0.6b/model/build/review-native-4l/image-fixed-text-progress/forward_prefill.nr.o:(.riscv.attributes)
               0                0        0     1                 $d
               0                0       7e     1 .comment
               0                0       7e     1         <internal>:(.comment)
               0                0    24e10     8 .symtab
               0                0    24e10     8         <internal>:(.symtab)
               0                0       92     1 .shstrtab
               0                0       92     1         <internal>:(.shstrtab)
               0                0    1f562     1 .strtab
               0                0    1f562     1         <internal>:(.strtab)
